2014-11-26 11:15:36.324 2808 INFO nova.osapi_compute.wsgi.server [req-54a6b124-c143-4cde-8093-be3045c450a0 None] 10.0.1.111 "GET /v2/cdd5e77fe2c440cf86afbf1d7b9653a4/servers/detail?project_id=cdd5e77fe2c440cf86afbf1d7b9653a4 HTTP/1.1" status: 200 len: 187 time: 0.0344360
2014-11-26 11:15:46.534 2808 INFO nova.osapi_compute.wsgi.server [req-432acf2d-e7ad-4dd9-a1bd-a3373f14a16d None] 10.0.1.111 "GET /v2/cdd5e77fe2c440cf86afbf1d7b9653a4/servers/detail?project_id=cdd5e77fe2c440cf86afbf1d7b9653a4 HTTP/1.1" status: 200 len: 187 time: 0.0456669
2014-11-26 11:15:56.733 2808 INFO nova.osapi_compute.wsgi.server [req-5c96c6c7-f387-480f-a37c-daa79e171fde None] 10.0.1.111 "GET /v2/cdd5e77fe2c440cf86afbf1d7b9653a4/servers/detail?project_id=cdd5e77fe2c440cf86afbf1d7b9653a4 HTTP/1.1" status: 200 len: 187 time: 0.0302920
2014-11-26 11:16:06.967 2811 INFO nova.osapi_compute.wsgi.server [req-893f277f-c4ea-4634-95b6-2c37d03d8c9c None] 10.0.1.111 "GET /v2/cdd5e77fe2c440cf86afbf1d7b9653a4/servers/detail?project_id=cdd5e77fe2c440cf86afbf1d7b9653a4 HTTP/1.1" status: 200 len: 187 time: 0.0252879
2014-11-26 11:16:17.147 2811 INFO nova.osapi_compute.wsgi.server [req-1a45bd3b-7281-4d2f-a8f3-f81012678bfe None] 10.0.1.111 "GET /v2/cdd5e77fe2c440cf86afbf1d7b9653a4/servers/detail?project_id=cdd5e77fe2c440cf86afbf1d7b9653a4 HTTP/1.1" status: 200 len: 187 time: 0.0332820
2014-11-26 11:16:27.350 2808 INFO nova.osapi_compute.wsgi.server [req-813df61b-07a0-4418-8bc4-7ff476b50c8b None] 10.0.1.111 "GET /v2/cdd5e77fe2c440cf86afbf1d7b9653a4/servers/detail?project_id=cdd5e77fe2c440cf86afbf1d7b9653a4 HTTP/1.1" status: 200 len: 187 time: 0.0381210
2014-11-26 11:16:37.556 2808 INFO nova.osapi_compute.wsgi.server [req-0b2bc684-2bf0-49a5-9bd6-1ffceccca4bd None] 10.0.1.111 "GET /v2/cdd5e77fe2c440cf86afbf1d7b9653a4/servers/detail?project_id=cdd5e77fe2c440cf86afbf1d7b9653a4 HTTP/1.1" status: 200 len: 187 time: 0.0327652
2014-11-26 11:16:47.819 2808 INFO nova.osapi_compute.wsgi.server [req-e3af2040-43db-4746-a9aa-26e2a0b8e0ea None] 10.0.1.111 "GET /v2/cdd5e77fe2c440cf86afbf1d7b9653a4/servers/detail?project_id=cdd5e77fe2c440cf86afbf1d7b9653a4 HTTP/1.1" status: 200 len: 187 time: 0.0353479
2014-11-26 11:16:58.037 2811 INFO nova.osapi_compute.wsgi.server [req-fa3ffdc0-015f-464d-b6b7-6e4e038743e0 None] 10.0.1.111 "GET /v2/cdd5e77fe2c440cf86afbf1d7b9653a4/servers/detail?project_id=cdd5e77fe2c440cf86afbf1d7b9653a4 HTTP/1.1" status: 200 len: 187 time: 0.0296519
2014-11-26 11:17:08.236 2811 INFO nova.osapi_compute.wsgi.server [req-4dcff081-3a46-489b-97d0-91e2ae0a48e0 None] 10.0.1.111 "GET /v2/cdd5e77fe2c440cf86afbf1d7b9653a4/servers/detail?project_id=cdd5e77fe2c440cf86afbf1d7b9653a4 HTTP/1.1" status: 200 len: 187 time: 0.0502310
2014-11-26 11:17:18.420 2811 INFO nova.osapi_compute.wsgi.server [req-9a9d545e-4cab-46c0-84e7-2344354a3195 None] 10.0.1.111 "GET /v2/cdd5e77fe2c440cf86afbf1d7b9653a4/servers/detail?project_id=cdd5e77fe2c440cf86afbf1d7b9653a4 HTTP/1.1" status: 200 len: 187 time: 0.0333641
2014-11-26 11:17:28.668 2808 INFO nova.osapi_compute.wsgi.server [req-6a4fada5-5a85-445e-ba92-3c282e73fec3 None] 10.0.1.111 "GET /v2/cdd5e77fe2c440cf86afbf1d7b9653a4/servers/detail?project_id=cdd5e77fe2c440cf86afbf1d7b9653a4 HTTP/1.1" status: 200 len: 187 time: 0.0466821
2014-11-26 11:17:38.908 2808 INFO nova.osapi_compute.wsgi.server [req-a4652786-f7df-4f69-a5e8-cdc35c204789 None] 10.0.1.111 "GET /v2/cdd5e77fe2c440cf86afbf1d7b9653a4/servers/detail?project_id=cdd5e77fe2c440cf86afbf1d7b9653a4 HTTP/1.1" status: 200 len: 187 time: 0.0377040
2014-11-26 11:17:49.115 2811 INFO nova.osapi_compute.wsgi.server [req-b1ac8d6c-d762-4076-a28e-c4986f60e9fb None] 10.0.1.111 "GET /v2/cdd5e77fe2c440cf86afbf1d7b9653a4/servers/detail?project_id=cdd5e77fe2c440cf86afbf1d7b9653a4 HTTP/1.1" status: 200 len: 187 time: 0.0350680
2014-11-26 11:17:59.295 2811 INFO nova.osapi_compute.wsgi.server [req-9a03c446-7418-4577-a593-3fd5d3a36d0a None] 10.0.1.111 "GET /v2/cdd5e77fe2c440cf86afbf1d7b9653a4/servers/detail?project_id=cdd5e77fe2c440cf86afbf1d7b9653a4 HTTP/1.1" status: 200 len: 187 time: 0.0249622
2014-11-26 11:18:09.470 2808 INFO nova.osapi_compute.wsgi.server [req-9395e454-e586-4d4f-b8b3-8a4bb259f880 None] 10.0.1.111 "GET /v2/cdd5e77fe2c440cf86afbf1d7b9653a4/servers/detail?project_id=cdd5e77fe2c440cf86afbf1d7b9653a4 HTTP/1.1" status: 200 len: 187 time: 0.0305760
2014-11-26 11:18:19.665 2808 INFO nova.osapi_compute.wsgi.server [req-8a637487-f3ef-4b4b-b14e-6c102d671005 None] 10.0.1.111 "GET /v2/cdd5e77fe2c440cf86afbf1d7b9653a4/servers/detail?project_id=cdd5e77fe2c440cf86afbf1d7b9653a4 HTTP/1.1" status: 200 len: 187 time: 0.0355859
2014-11-26 11:18:29.853 2808 INFO nova.osapi_compute.wsgi.server [req-0845d9b0-190b-4732-b8cc-7a6e5dde8465 None] 10.0.1.111 "GET /v2/cdd5e77fe2c440cf86afbf1d7b9653a4/servers/detail?project_id=cdd5e77fe2c440cf86afbf1d7b9653a4 HTTP/1.1" status: 200 len: 187 time: 0.0348110
2014-11-26 11:18:40.062 2808 INFO nova.osapi_compute.wsgi.server [req-0d42cd8a-f287-4f25-be6f-ba67ce99b97c None] 10.0.1.111 "GET /v2/cdd5e77fe2c440cf86afbf1d7b9653a4/servers/detail?project_id=cdd5e77fe2c440cf86afbf1d7b9653a4 HTTP/1.1" status: 200 len: 187 time: 0.0261252
2014-11-26 11:18:50.263 2811 INFO nova.osapi_compute.wsgi.server [req-5c22509d-43f9-4b42-aa4f-a6ca9ecd3f76 None] 10.0.1.111 "GET /v2/cdd5e77fe2c440cf86afbf1d7b9653a4/servers/detail?project_id=cdd5e77fe2c440cf86afbf1d7b9653a4 HTTP/1.1" status: 200 len: 187 time: 0.0416510
2014-11-26 11:19:00.452 2811 INFO nova.osapi_compute.wsgi.server [req-ebf142ea-e68f-43ef-95e7-ba27ef6a6a9d None] 10.0.1.111 "GET /v2/cdd5e77fe2c440cf86afbf1d7b9653a4/servers/detail?project_id=cdd5e77fe2c440cf86afbf1d7b9653a4 HTTP/1.1" status: 200 len: 187 time: 0.0291560
2014-11-26 11:19:10.637 2808 INFO nova.osapi_compute.wsgi.server [req-66081696-c882-4d13-8813-b789e0761391 None] 10.0.1.111 "GET /v2/cdd5e77fe2c440cf86afbf1d7b9653a4/servers/detail?project_id=cdd5e77fe2c440cf86afbf1d7b9653a4 HTTP/1.1" status: 200 len: 187 time: 0.0328112
2014-11-26 11:19:20.828 2811 INFO nova.osapi_compute.wsgi.server [req-bcf0e678-dddd-44c7-a316-472b0126f397 None] 10.0.1.111 "GET /v2/cdd5e77fe2c440cf86afbf1d7b9653a4/servers/detail?project_id=cdd5e77fe2c440cf86afbf1d7b9653a4 HTTP/1.1" status: 200 len: 187 time: 0.0329299
2014-11-26 11:19:31.033 2811 INFO nova.osapi_compute.wsgi.server [req-1df5c02e-3810-4ad4-aa25-3cf3a82a91c0 None] 10.0.1.111 "GET /v2/cdd5e77fe2c440cf86afbf1d7b9653a4/servers/detail?project_id=cdd5e77fe2c440cf86afbf1d7b9653a4 HTTP/1.1" status: 200 len: 187 time: 0.0440481
2014-11-26 11:19:41.236 2811 INFO nova.osapi_compute.wsgi.server [req-87fa2565-c7aa-416b-b96f-e9039fd44648 None] 10.0.1.111 "GET /v2/cdd5e77fe2c440cf86afbf1d7b9653a4/servers/detail?project_id=cdd5e77fe2c440cf86afbf1d7b9653a4 HTTP/1.1" status: 200 len: 187 time: 0.0382068
2014-11-26 11:19:51.421 2811 INFO nova.osapi_compute.wsgi.server [req-83140f05-7a54-4ad1-92c8-9d0c8a31db06 None] 10.0.1.111 "GET /v2/cdd5e77fe2c440cf86afbf1d7b9653a4/servers/detail?project_id=cdd5e77fe2c440cf86afbf1d7b9653a4 HTTP/1.1" status: 200 len: 187 time: 0.0273900
2014-11-26 11:20:01.602 2808 INFO nova.osapi_compute.wsgi.server [req-7ca4438a-0daa-4904-ac4b-3d5140b8afc9 None] 10.0.1.111 "GET /v2/cdd5e77fe2c440cf86afbf1d7b9653a4/servers/detail?project_id=cdd5e77fe2c440cf86afbf1d7b9653a4 HTTP/1.1" status: 200 len: 187 time: 0.0331531
2014-11-26 11:20:11.794 2808 INFO nova.osapi_compute.wsgi.server [req-ad530fef-d2b0-4700-9f80-d388a05b971e None] 10.0.1.111 "GET /v2/cdd5e77fe2c440cf86afbf1d7b9653a4/servers/detail?project_id=cdd5e77fe2c440cf86afbf1d7b9653a4 HTTP/1.1" status: 200 len: 187 time: 0.0310180
2014-11-26 11:20:21.999 2811 INFO nova.osapi_compute.wsgi.server [req-2cd26a36-27fa-4071-ab98-5f4e3e6a0ed0 None] 10.0.1.111 "GET /v2/cdd5e77fe2c440cf86afbf1d7b9653a4/servers/detail?project_id=cdd5e77fe2c440cf86afbf1d7b9653a4 HTTP/1.1" status: 200 len: 187 time: 0.0334589
2014-11-26 11:20:32.287 2811 INFO nova.osapi_compute.wsgi.server [req-8e687123-1e39-4320-8e08-7d5fe4edf33e None] 10.0.1.111 "GET /v2/cdd5e77fe2c440cf86afbf1d7b9653a4/servers/detail?project_id=cdd5e77fe2c440cf86afbf1d7b9653a4 HTTP/1.1" status: 200 len: 187 time: 0.0354631
2014-11-26 11:20:42.500 2811 INFO nova.osapi_compute.wsgi.server [req-bcfd991f-c46e-44ad-917a-095b24b71179 None] 10.0.1.111 "GET /v2/cdd5e77fe2c440cf86afbf1d7b9653a4/servers/detail?project_id=cdd5e77fe2c440cf86afbf1d7b9653a4 HTTP/1.1" status: 200 len: 187 time: 0.0398998
2014-11-26 11:20:52.828 2811 INFO nova.osapi_compute.wsgi.server [req-d64c0301-d0ac-47a8-88bd-20b87b195545 None] 10.0.1.111 "GET /v2/cdd5e77fe2c440cf86afbf1d7b9653a4/servers/detail?project_id=cdd5e77fe2c440cf86afbf1d7b9653a4 HTTP/1.1" status: 200 len: 187 time: 0.1161661
2014-11-26 11:21:03.026 2811 INFO nova.osapi_compute.wsgi.server [req-011053b4-6e5d-4fa0-bb2b-e052fc7d3519 None] 10.0.1.111 "GET /v2/cdd5e77fe2c440cf86afbf1d7b9653a4/servers/detail?project_id=cdd5e77fe2c440cf86afbf1d7b9653a4 HTTP/1.1" status: 200 len: 187 time: 0.0334361
2014-11-26 11:21:13.241 2811 INFO nova.osapi_compute.wsgi.server [req-60723e0b-3ed0-43a2-b650-7e9dac69bc04 None] 10.0.1.111 "GET /v2/cdd5e77fe2c440cf86afbf1d7b9653a4/servers/detail?project_id=cdd5e77fe2c440cf86afbf1d7b9653a4 HTTP/1.1" status: 200 len: 187 time: 0.0291278
2014-11-26 11:21:23.434 2811 INFO nova.osapi_compute.wsgi.server [req-4439a438-1eca-4032-ac53-21dec5627472 None] 10.0.1.111 "GET /v2/cdd5e77fe2c440cf86afbf1d7b9653a4/servers/detail?project_id=cdd5e77fe2c440cf86afbf1d7b9653a4 HTTP/1.1" status: 200 len: 187 time: 0.0348608
2014-11-26 11:21:33.640 2811 INFO nova.osapi_compute.wsgi.server [req-09a30664-ef0a-4000-b416-d2967b5bcafd None] 10.0.1.111 "GET /v2/cdd5e77fe2c440cf86afbf1d7b9653a4/servers/detail?project_id=cdd5e77fe2c440cf86afbf1d7b9653a4 HTTP/1.1" status: 200 len: 187 time: 0.0331120
2014-11-26 11:21:43.841 2811 INFO nova.osapi_compute.wsgi.server [req-a86fecb0-c48f-465a-ac63-337159eecfc0 None] 10.0.1.111 "GET /v2/cdd5e77fe2c440cf86afbf1d7b9653a4/servers/detail?project_id=cdd5e77fe2c440cf86afbf1d7b9653a4 HTTP/1.1" status: 200 len: 187 time: 0.0378940
2014-11-26 11:25:28.415 2811 INFO nova.osapi_compute.wsgi.server [req-a41f277a-8ea7-4d5c-986d-ac832106eb94 None] 10.0.1.111 "POST /v2/5db62f5f55144e94b06be0d688e6d499/os-keypairs HTTP/1.1" status: 200 len: 2455 time: 0.1770289
2014-11-26 11:25:34.981 2811 INFO nova.osapi_compute.wsgi.server [req-06e60663-dd34-4217-be98-b6a8d60fd1d2 None] 10.0.1.111 "GET /v2/5db62f5f55144e94b06be0d688e6d499/os-keypairs HTTP/1.1" status: 200 len: 702 time: 0.0177052
2014-11-26 11:25:40.223 2808 INFO nova.osapi_compute.wsgi.server [req-5a849194-8c1b-4b40-b378-86e9ab0fef52 None] 10.0.1.111 "GET /v2/5db62f5f55144e94b06be0d688e6d499/os-keypairs/help HTTP/1.1" status: 200 len: 844 time: 0.0236559
2014-11-26 11:25:40.234 2808 INFO nova.osapi_compute.wsgi.server [req-0d0d91a6-b1fa-4285-a3cb-d21d18f19439 None] 10.0.1.111 "DELETE /v2/5db62f5f55144e94b06be0d688e6d499/os-keypairs/help HTTP/1.1" status: 202 len: 185 time: 0.0081501
2014-11-26 11:26:04.856 2808 INFO nova.osapi_compute.wsgi.server [req-32f079f2-90f8-4630-91bc-9dc0457f1aca None] 10.0.1.111 "POST /v2/5db62f5f55144e94b06be0d688e6d499/os-keypairs HTTP/1.1" status: 200 len: 954 time: 0.0465341
2014-11-26 11:26:09.081 2808 INFO nova.osapi_compute.wsgi.server [req-aba5a77a-54fe-4869-bdef-b1920c038e65 None] 10.0.1.111 "GET /v2/5db62f5f55144e94b06be0d688e6d499/os-keypairs HTTP/1.1" status: 200 len: 923 time: 0.0189140
2014-11-26 11:31:54.727 2811 INFO nova.osapi_compute.wsgi.server [req-aa24d56d-2299-49b9-becd-b25d3a1a4305 None] 10.0.1.111 "GET /v2/cdd5e77fe2c440cf86afbf1d7b9653a4/images HTTP/1.1" status: 200 len: 701 time: 0.4093571
2014-11-26 11:31:55.113 2808 INFO nova.osapi_compute.wsgi.server [req-13bfbdf8-909b-41a4-baba-83daafa8c31c None] 10.0.1.111 "GET /v2/cdd5e77fe2c440cf86afbf1d7b9653a4/images/ba0dfa48-cbbc-48fe-8091-15f7151cef2e HTTP/1.1" status: 200 len: 882 time: 0.3830719
2014-11-26 11:31:55.133 2811 INFO nova.api.openstack.wsgi [req-b45fb8d0-6779-417f-be3c-de769aa33f0c None] HTTP exception thrown: The resource could not be found.
2014-11-26 11:31:55.134 2811 INFO nova.osapi_compute.wsgi.server [req-b45fb8d0-6779-417f-be3c-de769aa33f0c None] 10.0.1.111 "GET /v2/cdd5e77fe2c440cf86afbf1d7b9653a4/flavors/m1.tiny HTTP/1.1" status: 404 len: 272 time: 0.0181401
2014-11-26 11:31:55.154 2811 INFO nova.osapi_compute.wsgi.server [req-2b5e51fc-34b4-4985-b0eb-38a65eb9fdf1 None] 10.0.1.111 "GET /v2/cdd5e77fe2c440cf86afbf1d7b9653a4/flavors?is_public=None HTTP/1.1" status: 200 len: 1383 time: 0.0151191
2014-11-26 11:31:55.171 2811 INFO nova.osapi_compute.wsgi.server [req-b5c7afb6-059c-4357-965f-e921c33604f6 None] 10.0.1.111 "GET /v2/cdd5e77fe2c440cf86afbf1d7b9653a4/flavors?is_public=None HTTP/1.1" status: 200 len: 1383 time: 0.0139592
2014-11-26 11:31:55.187 2811 INFO nova.osapi_compute.wsgi.server [req-53311dc4-2d11-48a3-85bd-8c6d167d9cdb None] 10.0.1.111 "GET /v2/cdd5e77fe2c440cf86afbf1d7b9653a4/flavors/1 HTTP/1.1" status: 200 len: 591 time: 0.0125320
2014-11-26 11:31:55.330 2811 INFO nova.api.openstack.wsgi [req-3a97d518-ee10-4cb4-93ca-531e6b287b20 None] HTTP exception thrown: Invalid key_name provided.
2014-11-26 11:31:55.331 2811 INFO nova.osapi_compute.wsgi.server [req-3a97d518-ee10-4cb4-93ca-531e6b287b20 None] 10.0.1.111 "POST /v2/cdd5e77fe2c440cf86afbf1d7b9653a4/servers HTTP/1.1" status: 400 len: 266 time: 0.1418920
2014-11-26 11:32:15.165 2811 INFO nova.osapi_compute.wsgi.server [req-bc5265ef-ae10-40d2-bc57-69dbc84f0ad7 None] 10.0.1.111 "GET /v2/5db62f5f55144e94b06be0d688e6d499/os-keypairs HTTP/1.1" status: 200 len: 923 time: 0.0169361
2014-11-26 11:34:07.276 2811 INFO nova.osapi_compute.wsgi.server [req-4b75dfae-8120-4373-ba08-2f8e47795499 None] 10.0.1.111 "POST /v2/cdd5e77fe2c440cf86afbf1d7b9653a4/os-keypairs HTTP/1.1" status: 200 len: 954 time: 0.0474410
2014-11-26 11:34:15.000 2808 INFO nova.osapi_compute.wsgi.server [req-727ec0b2-5d0f-4eef-a707-1ce933e15e76 None] 10.0.1.111 "GET /v2/5db62f5f55144e94b06be0d688e6d499/os-keypairs HTTP/1.1" status: 200 len: 923 time: 0.0181730
2014-11-26 11:34:27.434 2811 INFO nova.osapi_compute.wsgi.server [req-5d7459e3-aa27-47c1-87c9-5d11b201f4b8 None] 10.0.1.111 "GET /v2/cdd5e77fe2c440cf86afbf1d7b9653a4/os-keypairs HTTP/1.1" status: 200 len: 923 time: 0.0177441
2014-11-26 11:34:38.893 2811 INFO nova.osapi_compute.wsgi.server [req-eaeed591-150d-4564-aa7c-ce0724ef1e02 None] 10.0.1.111 "GET /v2/5db62f5f55144e94b06be0d688e6d499/os-keypairs/sshkey HTTP/1.1" status: 200 len: 1065 time: 0.0211380
2014-11-26 11:34:38.905 2811 INFO nova.osapi_compute.wsgi.server [req-c514d638-d7b3-42ef-abb7-d3daea2b7798 None] 10.0.1.111 "DELETE /v2/5db62f5f55144e94b06be0d688e6d499/os-keypairs/sshkey HTTP/1.1" status: 202 len: 185 time: 0.0090840
2014-11-26 11:35:07.630 2808 INFO nova.osapi_compute.wsgi.server [req-fb76dcaa-0c33-44cf-8814-d2a5a771bdc8 None] 10.0.1.111 "GET /v2/cdd5e77fe2c440cf86afbf1d7b9653a4/os-keypairs HTTP/1.1" status: 200 len: 923 time: 0.0169668
2014-11-26 11:35:27.689 2811 INFO nova.osapi_compute.wsgi.server [req-4d9e18be-3a40-416e-9959-60bdf0335dfd None] 10.0.1.111 "GET /v2/cdd5e77fe2c440cf86afbf1d7b9653a4/os-keypairs/sshkey HTTP/1.1" status: 200 len: 1065 time: 0.0185940
2014-11-26 11:35:27.712 2808 INFO nova.osapi_compute.wsgi.server [req-cc9db84d-b02d-4e5f-862a-1905a24b34b5 None] 10.0.1.111 "DELETE /v2/cdd5e77fe2c440cf86afbf1d7b9653a4/os-keypairs/sshkey HTTP/1.1" status: 202 len: 185 time: 0.0208011
2014-11-26 11:35:35.785 2808 INFO nova.osapi_compute.wsgi.server [req-136f729c-a6a2-455e-a036-51d7d10ad587 None] 10.0.1.111 "GET /v2/5db62f5f55144e94b06be0d688e6d499/os-keypairs HTTP/1.1" status: 200 len: 188 time: 0.0215671
2014-11-26 11:35:39.450 2808 INFO nova.osapi_compute.wsgi.server [req-8257c89a-0878-4734-ab07-6cf6e4f2dc4e None] 10.0.1.111 "POST /v2/cdd5e77fe2c440cf86afbf1d7b9653a4/os-keypairs HTTP/1.1" status: 200 len: 954 time: 0.0447891
2014-11-26 11:35:39.975 2808 INFO nova.osapi_compute.wsgi.server [req-840dd4ec-6bab-45df-b85d-5a85ffe18676 None] 10.0.1.111 "GET /v2/cdd5e77fe2c440cf86afbf1d7b9653a4/os-keypairs HTTP/1.1" status: 200 len: 923 time: 0.0182672
2014-11-26 11:35:59.590 2811 INFO nova.osapi_compute.wsgi.server [req-00e4288b-4672-41b7-9b1e-409d3e7ff959 None] 10.0.1.111 "GET /v2/cdd5e77fe2c440cf86afbf1d7b9653a4/images HTTP/1.1" status: 200 len: 701 time: 0.1296821
2014-11-26 11:35:59.658 2811 INFO nova.osapi_compute.wsgi.server [req-cdc58c51-86a1-491b-9de8-774550f5fe2e None] 10.0.1.111 "GET /v2/cdd5e77fe2c440cf86afbf1d7b9653a4/images/ba0dfa48-cbbc-48fe-8091-15f7151cef2e HTTP/1.1" status: 200 len: 882 time: 0.0639460
2014-11-26 11:35:59.689 2808 INFO nova.api.openstack.wsgi [req-720cb489-433a-4ae0-a586-dd5d3130297b None] HTTP exception thrown: The resource could not be found.
2014-11-26 11:35:59.690 2808 INFO nova.osapi_compute.wsgi.server [req-720cb489-433a-4ae0-a586-dd5d3130297b None] 10.0.1.111 "GET /v2/cdd5e77fe2c440cf86afbf1d7b9653a4/flavors/m1.tiny HTTP/1.1" status: 404 len: 272 time: 0.0292060
2014-11-26 11:35:59.800 2808 INFO nova.osapi_compute.wsgi.server [req-42e603be-3d9c-411c-ad0d-7433bd4082d6 None] 10.0.1.111 "GET /v2/cdd5e77fe2c440cf86afbf1d7b9653a4/flavors?is_public=None HTTP/1.1" status: 200 len: 1383 time: 0.1077471
2014-11-26 11:35:59.824 2808 INFO nova.osapi_compute.wsgi.server [req-bcb9efb6-9ee2-4994-afc8-294386e01625 None] 10.0.1.111 "GET /v2/cdd5e77fe2c440cf86afbf1d7b9653a4/flavors?is_public=None HTTP/1.1" status: 200 len: 1383 time: 0.0169282
2014-11-26 11:35:59.846 2808 INFO nova.osapi_compute.wsgi.server [req-a0ca337c-f8d2-4500-bb7a-e2d0f19cba5d None] 10.0.1.111 "GET /v2/cdd5e77fe2c440cf86afbf1d7b9653a4/flavors/1 HTTP/1.1" status: 200 len: 591 time: 0.0162961
2014-11-26 11:36:00.127 2808 INFO oslo.messaging._drivers.impl_rabbit [req-ef2b8a5c-b32a-454f-8700-16e3226fbeed ] Connecting to AMQP server on 10.0.1.111:5672
2014-11-26 11:36:00.142 2808 INFO oslo.messaging._drivers.impl_rabbit [req-ef2b8a5c-b32a-454f-8700-16e3226fbeed ] Connected to AMQP server on 10.0.1.111:5672
2014-11-26 11:36:00.149 2808 INFO nova.osapi_compute.wsgi.server [req-ef2b8a5c-b32a-454f-8700-16e3226fbeed None] 10.0.1.111 "POST /v2/cdd5e77fe2c440cf86afbf1d7b9653a4/servers HTTP/1.1" status: 202 len: 730 time: 0.3001330
2014-11-26 11:36:00.238 2808 INFO nova.osapi_compute.wsgi.server [req-cee2f1bb-a87c-436f-8c38-233fe39e8a34 None] 10.0.1.111 "GET /v2/cdd5e77fe2c440cf86afbf1d7b9653a4/servers/c7f0a697-eebb-4337-a6f6-eb057750cc1b HTTP/1.1" status: 200 len: 1463 time: 0.0859680
2014-11-26 11:36:00.257 2811 INFO nova.osapi_compute.wsgi.server [req-530f7e1c-52bd-400c-a174-23c116caecfe None] 10.0.1.111 "GET /v2/cdd5e77fe2c440cf86afbf1d7b9653a4/flavors/1 HTTP/1.1" status: 200 len: 591 time: 0.0139439
2014-11-26 11:36:00.335 2808 INFO nova.osapi_compute.wsgi.server [req-22a0c42c-f0a9-42a6-9e66-9c0e12d68fc6 None] 10.0.1.111 "GET /v2/cdd5e77fe2c440cf86afbf1d7b9653a4/images/ba0dfa48-cbbc-48fe-8091-15f7151cef2e HTTP/1.1" status: 200 len: 882 time: 0.0744781
2014-11-26 11:36:24.523 2808 INFO nova.osapi_compute.wsgi.server [req-23a9f461-0703-4afe-bc50-daeb47f7ed5d None] 10.0.1.111 "GET /v2/cdd5e77fe2c440cf86afbf1d7b9653a4/servers/detail?limit=21&project_id=cdd5e77fe2c440cf86afbf1d7b9653a4 HTTP/1.1" status: 200 len: 1562 time: 0.1437559
2014-11-26 11:36:24.687 2808 INFO nova.osapi_compute.wsgi.server [req-b20860e7-509e-4847-be7f-33d975ae60ec None] 10.0.1.111 "GET /v2/cdd5e77fe2c440cf86afbf1d7b9653a4/flavors/detail HTTP/1.1" status: 200 len: 2243 time: 0.0271080
2014-11-26 11:36:25.050 2808 INFO nova.osapi_compute.wsgi.server [req-7c8da351-e8fd-45d6-825d-4934c00aa3b8 None] 10.0.1.111 "GET /v2/cdd5e77fe2c440cf86afbf1d7b9653a4/limits?reserved=1 HTTP/1.1" status: 200 len: 686 time: 0.0284519
2014-11-26 11:36:25.096 2811 INFO nova.osapi_compute.wsgi.server [req-edb4ebda-7bdd-4d80-961d-e763e6f09b6d None] 10.0.1.111 "GET /v2/cdd5e77fe2c440cf86afbf1d7b9653a4/extensions HTTP/1.1" status: 200 len: 22203 time: 0.0181789
2014-11-26 11:36:25.150 2808 INFO nova.osapi_compute.wsgi.server [req-5d6526d0-50ed-4944-8b4f-17f057935a15 None] 10.0.1.111 "GET /v2/cdd5e77fe2c440cf86afbf1d7b9653a4/limits?reserved=1 HTTP/1.1" status: 200 len: 686 time: 0.0276480
2014-11-26 11:36:25.506 2811 INFO nova.osapi_compute.wsgi.server [req-90330f78-d4a7-490d-9acc-6ed22ecc3066 None] 10.0.1.111 "GET /v2/cdd5e77fe2c440cf86afbf1d7b9653a4/servers/c7f0a697-eebb-4337-a6f6-eb057750cc1b HTTP/1.1" status: 200 len: 1559 time: 0.1173780
2014-11-26 11:36:25.533 2808 INFO nova.osapi_compute.wsgi.server [req-bf0ddb1c-bc72-41df-9f6c-1c1b522e0691 None] 10.0.1.111 "GET /v2/cdd5e77fe2c440cf86afbf1d7b9653a4/flavors/1 HTTP/1.1" status: 200 len: 591 time: 0.0234771
2014-11-26 11:36:25.605 2811 INFO nova.osapi_compute.wsgi.server [req-f70d4eff-b42d-4d29-b799-a9933ed5bb20 None] 10.0.1.111 "GET /v2/cdd5e77fe2c440cf86afbf1d7b9653a4/extensions HTTP/1.1" status: 200 len: 22203 time: 0.0049770
2014-11-26 11:36:28.275 2811 INFO nova.osapi_compute.wsgi.server [req-8d0b0cc8-6883-4abd-b70d-f48232ce3709 None] 10.0.1.111 "GET /v2/cdd5e77fe2c440cf86afbf1d7b9653a4/servers/c7f0a697-eebb-4337-a6f6-eb057750cc1b HTTP/1.1" status: 200 len: 1559 time: 0.0831029
2014-11-26 11:36:28.296 2808 INFO nova.osapi_compute.wsgi.server [req-6b027978-c92a-48a7-ba63-3240aba5bbd1 None] 10.0.1.111 "GET /v2/cdd5e77fe2c440cf86afbf1d7b9653a4/flavors/1 HTTP/1.1" status: 200 len: 591 time: 0.0178559
2014-11-26 11:36:28.485 2811 INFO nova.osapi_compute.wsgi.server [req-069ce097-4898-4b95-af67-efcd4034d819 None] 10.0.1.111 "GET /v2/cdd5e77fe2c440cf86afbf1d7b9653a4/extensions HTTP/1.1" status: 200 len: 22203 time: 0.0043740
2014-11-26 11:36:33.723 2808 INFO nova.osapi_compute.wsgi.server [req-212726d8-0dd7-43ac-9d7b-5e51690fe416 None] 10.0.1.111 "GET /v2/cdd5e77fe2c440cf86afbf1d7b9653a4/servers/c7f0a697-eebb-4337-a6f6-eb057750cc1b HTTP/1.1" status: 200 len: 1559 time: 0.1415260
2014-11-26 11:36:33.742 2811 INFO nova.osapi_compute.wsgi.server [req-2ae76e56-3089-4fa6-82a7-c50374a00e5c None] 10.0.1.111 "GET /v2/cdd5e77fe2c440cf86afbf1d7b9653a4/flavors/1 HTTP/1.1" status: 200 len: 591 time: 0.0154331
2014-11-26 11:36:33.805 2808 INFO nova.osapi_compute.wsgi.server [req-7e485315-181c-4c1d-b90d-56c22a0909ba None] 10.0.1.111 "GET /v2/cdd5e77fe2c440cf86afbf1d7b9653a4/extensions HTTP/1.1" status: 200 len: 22203 time: 0.0032439
2014-11-26 11:36:41.451 2808 INFO nova.osapi_compute.wsgi.server [req-d5729272-55cc-4d90-8707-1e36d92dabc3 None] 10.0.1.111 "GET /v2/cdd5e77fe2c440cf86afbf1d7b9653a4/servers/c7f0a697-eebb-4337-a6f6-eb057750cc1b HTTP/1.1" status: 200 len: 1559 time: 0.1052251
2014-11-26 11:36:41.468 2811 INFO nova.osapi_compute.wsgi.server [req-742a0ee2-bce7-4649-b346-80825f0368c0 None] 10.0.1.111 "GET /v2/cdd5e77fe2c440cf86afbf1d7b9653a4/flavors/1 HTTP/1.1" status: 200 len: 591 time: 0.0141950
2014-11-26 11:36:41.511 2808 INFO nova.osapi_compute.wsgi.server [req-5986ed6b-78e7-4a81-9120-c7437f290a7e None] 10.0.1.111 "GET /v2/cdd5e77fe2c440cf86afbf1d7b9653a4/extensions HTTP/1.1" status: 200 len: 22203 time: 0.0042000
2014-11-26 11:36:51.635 2808 INFO nova.osapi_compute.wsgi.server [req-d3233a50-f20c-4e26-bce5-3e9dee7c0452 None] 10.0.1.111 "GET /v2/cdd5e77fe2c440cf86afbf1d7b9653a4/servers/c7f0a697-eebb-4337-a6f6-eb057750cc1b HTTP/1.1" status: 200 len: 1559 time: 0.0908220
2014-11-26 11:36:51.652 2811 INFO nova.osapi_compute.wsgi.server [req-cb7c09bc-ffad-4da8-b6f5-91726e37c36c None] 10.0.1.111 "GET /v2/cdd5e77fe2c440cf86afbf1d7b9653a4/flavors/1 HTTP/1.1" status: 200 len: 591 time: 0.0135059
2014-11-26 11:36:51.736 2808 INFO nova.osapi_compute.wsgi.server [req-2c279def-2bc1-45f1-b7a4-fa0d21b3ab79 None] 10.0.1.111 "GET /v2/cdd5e77fe2c440cf86afbf1d7b9653a4/extensions HTTP/1.1" status: 200 len: 22203 time: 0.0029371
2014-11-26 11:37:04.381 2808 INFO nova.osapi_compute.wsgi.server [req-6040d9e6-6991-4926-8dc1-1f58212c3206 None] 10.0.1.111 "GET /v2/cdd5e77fe2c440cf86afbf1d7b9653a4/servers/c7f0a697-eebb-4337-a6f6-eb057750cc1b HTTP/1.1" status: 200 len: 1559 time: 0.1116760
2014-11-26 11:37:04.398 2811 INFO nova.osapi_compute.wsgi.server [req-8bb0a2fa-e817-4821-aca0-1ef046a51000 None] 10.0.1.111 "GET /v2/cdd5e77fe2c440cf86afbf1d7b9653a4/flavors/1 HTTP/1.1" status: 200 len: 591 time: 0.0145121
2014-11-26 11:37:04.442 2811 INFO nova.osapi_compute.wsgi.server [req-6b42796d-7f5e-4705-8415-0d11aea33884 None] 10.0.1.111 "GET /v2/cdd5e77fe2c440cf86afbf1d7b9653a4/extensions HTTP/1.1" status: 200 len: 22203 time: 0.0033219
2014-11-26 11:37:19.585 2808 INFO nova.osapi_compute.wsgi.server [req-0844e79b-4468-456c-8aae-ac3a40304246 None] 10.0.1.111 "GET /v2/cdd5e77fe2c440cf86afbf1d7b9653a4/servers/c7f0a697-eebb-4337-a6f6-eb057750cc1b HTTP/1.1" status: 200 len: 1559 time: 0.1087210
2014-11-26 11:37:19.603 2811 INFO nova.osapi_compute.wsgi.server [req-f8e61685-b77c-4932-b512-605a037257b5 None] 10.0.1.111 "GET /v2/cdd5e77fe2c440cf86afbf1d7b9653a4/flavors/1 HTTP/1.1" status: 200 len: 591 time: 0.0150418
2014-11-26 11:37:19.647 2811 INFO nova.osapi_compute.wsgi.server [req-3a47ed60-fe59-44c5-a25f-0b0d71c7cce3 None] 10.0.1.111 "GET /v2/cdd5e77fe2c440cf86afbf1d7b9653a4/extensions HTTP/1.1" status: 200 len: 22203 time: 0.0028889
2014-11-26 11:37:37.277 2811 INFO nova.osapi_compute.wsgi.server [req-ae424d53-66be-4a46-aea8-3e46b2e21fc9 None] 10.0.1.111 "GET /v2/cdd5e77fe2c440cf86afbf1d7b9653a4/servers/c7f0a697-eebb-4337-a6f6-eb057750cc1b HTTP/1.1" status: 200 len: 1559 time: 0.1031530
2014-11-26 11:37:37.292 2811 INFO nova.osapi_compute.wsgi.server [req-47c7f95a-de7a-4b5c-bf07-3e704e31b76d None] 10.0.1.111 "GET /v2/cdd5e77fe2c440cf86afbf1d7b9653a4/flavors/1 HTTP/1.1" status: 200 len: 591 time: 0.0121560
2014-11-26 11:37:37.332 2811 INFO nova.osapi_compute.wsgi.server [req-20000ff0-00b6-4b7f-bdf7-96707cffc5be None] 10.0.1.111 "GET /v2/cdd5e77fe2c440cf86afbf1d7b9653a4/extensions HTTP/1.1" status: 200 len: 22203 time: 0.0026381
2014-11-26 11:37:44.837 2811 WARNING keystonemiddleware.auth_token [-] Unable to find authentication token in headers
2014-11-26 11:37:44.838 2811 INFO nova.osapi_compute.wsgi.server [-] 10.0.1.111 "POST /v2/05065337e2c040618e6abb688c78aec3/os-server-external-events HTTP/1.1" status: 401 len: 257 time: 0.0012832
2014-11-26 11:37:45.004 2811 AUDIT nova.api.openstack.compute.contrib.server_external_events [req-a7733618-751c-4d0f-8489-2d35b826925a None] Creating event network-vif-plugged:0d0ba222-9d8c-4d63-aa57-2701a722a818 for instance c7f0a697-eebb-4337-a6f6-eb057750cc1b
2014-11-26 11:37:45.006 2811 INFO oslo.messaging._drivers.impl_rabbit [req-a7733618-751c-4d0f-8489-2d35b826925a ] Connecting to AMQP server on 10.0.1.111:5672
2014-11-26 11:37:45.024 2811 INFO oslo.messaging._drivers.impl_rabbit [req-a7733618-751c-4d0f-8489-2d35b826925a ] Connected to AMQP server on 10.0.1.111:5672
2014-11-26 11:37:45.027 2811 INFO nova.osapi_compute.wsgi.server [req-a7733618-751c-4d0f-8489-2d35b826925a None] 10.0.1.111 "POST /v2/05065337e2c040618e6abb688c78aec3/os-server-external-events HTTP/1.1" status: 200 len: 356 time: 0.0640481
2014-11-26 11:37:50.251 2811 INFO nova.osapi_compute.wsgi.server [req-acaf2a0e-7a6c-4b24-ac68-15635430615d None] 10.0.1.111 "GET /v2/5db62f5f55144e94b06be0d688e6d499/servers/detail HTTP/1.1" status: 200 len: 187 time: 0.0356519
2014-11-26 11:37:54.611 2808 INFO nova.osapi_compute.wsgi.server [req-fcf65a20-329c-4545-8f88-48db1a6020a3 None] 10.0.1.111 "GET /v2/cdd5e77fe2c440cf86afbf1d7b9653a4/servers/detail HTTP/1.1" status: 200 len: 1702 time: 0.1761410
2014-11-26 11:37:57.454 2811 INFO nova.osapi_compute.wsgi.server [req-7cd2817c-fad1-402b-8ed7-100d2f3032d7 None] 10.0.1.111 "GET /v2/cdd5e77fe2c440cf86afbf1d7b9653a4/servers/c7f0a697-eebb-4337-a6f6-eb057750cc1b HTTP/1.1" status: 200 len: 1699 time: 0.0943649
2014-11-26 11:37:57.472 2808 INFO nova.osapi_compute.wsgi.server [req-433368de-2a8b-49d0-a9e0-6f67080cc36a None] 10.0.1.111 "GET /v2/cdd5e77fe2c440cf86afbf1d7b9653a4/flavors/1 HTTP/1.1" status: 200 len: 591 time: 0.0145261
2014-11-26 11:37:57.514 2811 INFO nova.osapi_compute.wsgi.server [req-27a979c4-a26e-4d12-993a-74175189c9ae None] 10.0.1.111 "GET /v2/cdd5e77fe2c440cf86afbf1d7b9653a4/extensions HTTP/1.1" status: 200 len: 22203 time: 0.0029991
2014-11-26 11:38:03.046 2811 INFO nova.osapi_compute.wsgi.server [req-8ac08923-d6cc-4641-a135-be2e866d64e0 None] 10.0.1.111 "GET /v2/cdd5e77fe2c440cf86afbf1d7b9653a4/servers/c7f0a697-eebb-4337-a6f6-eb057750cc1b HTTP/1.1" status: 200 len: 1699 time: 0.0846050
2014-11-26 11:38:03.100 2808 INFO nova.osapi_compute.wsgi.server [req-0400f4ee-f5ff-4e1d-96ec-6ac8e6147185 None] 10.0.1.111 "GET /v2/cdd5e77fe2c440cf86afbf1d7b9653a4/servers/c7f0a697-eebb-4337-a6f6-eb057750cc1b/os-volume_attachments HTTP/1.1" status: 200 len: 197 time: 0.0508730
2014-11-26 11:38:03.120 2811 INFO nova.osapi_compute.wsgi.server [req-08be2e42-e867-4680-869c-6d4e1b63c173 None] 10.0.1.111 "GET /v2/cdd5e77fe2c440cf86afbf1d7b9653a4/flavors/1 HTTP/1.1" status: 200 len: 591 time: 0.0176830
2014-11-26 11:38:03.264 2808 INFO nova.osapi_compute.wsgi.server [req-4bc92ad4-61dd-4773-b34d-e070d8ad7071 None] 10.0.1.111 "GET /v2/cdd5e77fe2c440cf86afbf1d7b9653a4/extensions HTTP/1.1" status: 200 len: 22203 time: 0.0051188
2014-11-26 11:38:06.255 2811 INFO nova.osapi_compute.wsgi.server [req-b8ec65ee-169a-430f-9a6e-c8b1c628a4c8 None] 10.0.1.111 "GET /v2/cdd5e77fe2c440cf86afbf1d7b9653a4/servers/c7f0a697-eebb-4337-a6f6-eb057750cc1b HTTP/1.1" status: 200 len: 1699 time: 0.1016450
2014-11-26 11:38:06.308 2808 INFO nova.osapi_compute.wsgi.server [req-cf59fadc-5d8e-425b-8e49-1022c12ff255 None] 10.0.1.111 "GET /v2/cdd5e77fe2c440cf86afbf1d7b9653a4/servers/c7f0a697-eebb-4337-a6f6-eb057750cc1b/os-volume_attachments HTTP/1.1" status: 200 len: 197 time: 0.0507090
2014-11-26 11:38:06.324 2811 INFO nova.osapi_compute.wsgi.server [req-80b5f590-ec5a-4aff-ac28-09a48920567d None] 10.0.1.111 "GET /v2/cdd5e77fe2c440cf86afbf1d7b9653a4/flavors/1 HTTP/1.1" status: 200 len: 591 time: 0.0131400
2014-11-26 11:38:06.522 2808 INFO oslo.messaging._drivers.impl_rabbit [req-7c32e22f-16db-4474-acd0-adf4a4706a73 ] Connecting to AMQP server on 10.0.1.111:5672
2014-11-26 11:38:06.531 2808 INFO oslo.messaging._drivers.impl_rabbit [req-7c32e22f-16db-4474-acd0-adf4a4706a73 ] Connected to AMQP server on 10.0.1.111:5672
2014-11-26 11:38:06.637 2808 INFO nova.osapi_compute.wsgi.server [req-7c32e22f-16db-4474-acd0-adf4a4706a73 None] 10.0.1.111 "POST /v2/cdd5e77fe2c440cf86afbf1d7b9653a4/servers/c7f0a697-eebb-4337-a6f6-eb057750cc1b/action HTTP/1.1" status: 200 len: 1861 time: 0.1758199
2014-11-26 11:38:06.657 2811 INFO nova.osapi_compute.wsgi.server [req-0f776c3d-c1e3-4e08-845a-80f563ae4855 None] 10.0.1.111 "GET /v2/cdd5e77fe2c440cf86afbf1d7b9653a4/extensions HTTP/1.1" status: 200 len: 22203 time: 0.0043020
2014-11-26 11:38:50.518 2808 INFO nova.osapi_compute.wsgi.server [req-c5e34f6d-8e67-4b75-bd0b-0af84e74161e None] 10.0.1.111 "GET /v2/cdd5e77fe2c440cf86afbf1d7b9653a4/servers?name=vm1 HTTP/1.1" status: 200 len: 525 time: 0.0447240
2014-11-26 11:38:50.646 2811 INFO nova.osapi_compute.wsgi.server [req-42f10abb-997d-4325-98d5-39a25351dba9 None] 10.0.1.111 "GET /v2/cdd5e77fe2c440cf86afbf1d7b9653a4/servers/c7f0a697-eebb-4337-a6f6-eb057750cc1b HTTP/1.1" status: 200 len: 1699 time: 0.1243548
2014-11-26 11:38:50.764 2808 INFO nova.osapi_compute.wsgi.server [req-75b18124-0df6-495c-8b31-1c1adb2f668a None] 10.0.1.111 "POST /v2/cdd5e77fe2c440cf86afbf1d7b9653a4/servers/c7f0a697-eebb-4337-a6f6-eb057750cc1b/action HTTP/1.1" status: 200 len: 16469 time: 0.1151259
2014-11-26 11:38:53.716 3066 INFO oslo.messaging._drivers.impl_rabbit [req-eb8e42a7-9f44-4a91-a1c8-7bf757ed891f ] Connecting to AMQP server on 10.0.1.111:5672
2014-11-26 11:38:53.730 3066 INFO oslo.messaging._drivers.impl_rabbit [req-eb8e42a7-9f44-4a91-a1c8-7bf757ed891f ] Connected to AMQP server on 10.0.1.111:5672
2014-11-26 11:38:53.733 3066 INFO oslo.messaging._drivers.impl_rabbit [req-eb8e42a7-9f44-4a91-a1c8-7bf757ed891f ] Connecting to AMQP server on 10.0.1.111:5672
2014-11-26 11:38:53.742 3066 INFO oslo.messaging._drivers.impl_rabbit [req-eb8e42a7-9f44-4a91-a1c8-7bf757ed891f ] Connected to AMQP server on 10.0.1.111:5672
2014-11-26 11:38:53.832 2808 INFO nova.osapi_compute.wsgi.server [req-e2c634cf-df38-41a1-bee7-849df508555d None] 10.0.1.111 "GET /v2/cdd5e77fe2c440cf86afbf1d7b9653a4/servers?name=vm1 HTTP/1.1" status: 200 len: 525 time: 0.0471959
2014-11-26 11:38:53.861 3066 INFO nova.api.ec2 [req-eb8e42a7-9f44-4a91-a1c8-7bf757ed891f None] 0.705624s 10.0.1.122 GET /2009-04-04/meta-data/instance-id None:None 200 [Python-httplib2/0.7.7 (gzip)] text/plain text/plain
2014-11-26 11:38:53.862 3066 INFO nova.metadata.wsgi.server [req-eb8e42a7-9f44-4a91-a1c8-7bf757ed891f None] 10.0.0.2,10.0.1.122 "GET /2009-04-04/meta-data/instance-id HTTP/1.1" status: 200 len: 127 time: 0.7153790
2014-11-26 11:38:54.024 2808 INFO nova.osapi_compute.wsgi.server [req-f5604ccd-ceec-4f28-ad84-9138fa57b891 None] 10.0.1.111 "GET /v2/cdd5e77fe2c440cf86afbf1d7b9653a4/servers/c7f0a697-eebb-4337-a6f6-eb057750cc1b HTTP/1.1" status: 200 len: 1699 time: 0.1888399
2014-11-26 11:38:54.057 3066 INFO nova.api.ec2 [-] 0.543s 10.0.1.122 GET /2009-04-04/meta-data/public-keys None:None 200 [Python-httplib2/0.7.7 (gzip)] text/plain text/plain
2014-11-26 11:38:54.059 3066 INFO nova.metadata.wsgi.server [-] 10.0.0.2,10.0.1.122 "GET /2009-04-04/meta-data/public-keys HTTP/1.1" status: 200 len: 124 time: 0.0027761
2014-11-26 11:38:54.175 2808 INFO nova.osapi_compute.wsgi.server [req-f0e00106-c164-4291-82d9-e40987ec9b34 None] 10.0.1.111 "POST /v2/cdd5e77fe2c440cf86afbf1d7b9653a4/servers/c7f0a697-eebb-4337-a6f6-eb057750cc1b/action HTTP/1.1" status: 200 len: 16782 time: 0.1462948
2014-11-26 11:38:54.201 3066 INFO nova.api.ec2 [-] 0.395s 10.0.1.122 GET /2009-04-04/meta-data/public-keys/0/openssh-key None:None 200 [Python-httplib2/0.7.7 (gzip)] text/plain text/plain
2014-11-26 11:38:54.202 3066 INFO nova.metadata.wsgi.server [-] 10.0.0.2,10.0.1.122 "GET /2009-04-04/meta-data/public-keys/0/openssh-key HTTP/1.1" status: 200 len: 736 time: 0.0008881
2014-11-26 11:38:54.342 3066 INFO nova.api.ec2 [-] 0.400s 10.0.1.122 GET /2009-04-04/meta-data/instance-id None:None 200 [Python-httplib2/0.7.7 (gzip)] text/plain text/plain
2014-11-26 11:38:54.342 3066 INFO nova.metadata.wsgi.server [-] 10.0.0.2,10.0.1.122 "GET /2009-04-04/meta-data/instance-id HTTP/1.1" status: 200 len: 127 time: 0.0009401
2014-11-26 11:38:54.504 3066 INFO nova.api.ec2 [-] 0.399s 10.0.1.122 GET /2009-04-04/meta-data/ami-launch-index None:None 200 [Python-httplib2/0.7.7 (gzip)] text/plain text/plain
2014-11-26 11:38:54.504 3066 INFO nova.metadata.wsgi.server [-] 10.0.0.2,10.0.1.122 "GET /2009-04-04/meta-data/ami-launch-index HTTP/1.1" status: 200 len: 117 time: 0.0009100
2014-11-26 11:38:54.880 3066 INFO nova.api.ec2 [-] 0.415s 10.0.1.122 GET /2009-04-04/meta-data/instance-type None:None 200 [Python-httplib2/0.7.7 (gzip)] text/plain text/plain
2014-11-26 11:38:54.880 3066 INFO nova.metadata.wsgi.server [-] 10.0.0.2,10.0.1.122 "GET /2009-04-04/meta-data/instance-type HTTP/1.1" status: 200 len: 123 time: 0.0009360
2014-11-26 11:38:55.040 3066 INFO nova.api.ec2 [-] 0.616s 10.0.1.122 GET /2009-04-04/meta-data/local-ipv4 None:None 200 [Python-httplib2/0.7.7 (gzip)] text/plain text/plain
2014-11-26 11:38:55.041 3066 INFO nova.metadata.wsgi.server [-] 10.0.0.2,10.0.1.122 "GET /2009-04-04/meta-data/local-ipv4 HTTP/1.1" status: 200 len: 124 time: 0.0014901
2014-11-26 11:38:55.644 3064 INFO oslo.messaging._drivers.impl_rabbit [req-f6f4fe97-bda2-42c1-a944-2331e8b7a2ae ] Connecting to AMQP server on 10.0.1.111:5672
2014-11-26 11:38:55.657 3064 INFO oslo.messaging._drivers.impl_rabbit [req-f6f4fe97-bda2-42c1-a944-2331e8b7a2ae ] Connected to AMQP server on 10.0.1.111:5672
2014-11-26 11:38:55.660 3064 INFO oslo.messaging._drivers.impl_rabbit [req-f6f4fe97-bda2-42c1-a944-2331e8b7a2ae ] Connecting to AMQP server on 10.0.1.111:5672
2014-11-26 11:38:55.669 3064 INFO oslo.messaging._drivers.impl_rabbit [req-f6f4fe97-bda2-42c1-a944-2331e8b7a2ae ] Connected to AMQP server on 10.0.1.111:5672
2014-11-26 11:38:55.768 3064 INFO nova.api.ec2 [req-f6f4fe97-bda2-42c1-a944-2331e8b7a2ae None] 0.592161s 10.0.1.122 GET /2009-04-04/meta-data/public-ipv4 None:None 200 [Python-httplib2/0.7.7 (gzip)] text/plain text/plain
2014-11-26 11:38:55.768 3064 INFO nova.metadata.wsgi.server [req-f6f4fe97-bda2-42c1-a944-2331e8b7a2ae None] 10.0.0.2,10.0.1.122 "GET /2009-04-04/meta-data/public-ipv4 HTTP/1.1" status: 200 len: 116 time: 0.5930030
2014-11-26 11:38:55.906 3066 INFO nova.api.ec2 [-] 0.459s 10.0.1.122 GET /2009-04-04/meta-data/public-keys None:None 200 [Python-httplib2/0.7.7 (gzip)] text/plain text/plain
2014-11-26 11:38:55.907 3066 INFO nova.metadata.wsgi.server [-] 10.0.0.2,10.0.1.122 "GET /2009-04-04/meta-data/public-keys HTTP/1.1" status: 200 len: 124 time: 0.0010140
2014-11-26 11:38:56.020 3064 INFO nova.api.ec2 [-] 0.822s 10.0.1.122 GET /2009-04-04/meta-data/public-keys/0/openssh-key None:None 200 [Python-httplib2/0.7.7 (gzip)] text/plain text/plain
2014-11-26 11:38:56.021 3064 INFO nova.metadata.wsgi.server [-] 10.0.0.2,10.0.1.122 "GET /2009-04-04/meta-data/public-keys/0/openssh-key HTTP/1.1" status: 200 len: 736 time: 0.0017049
2014-11-26 11:38:56.173 3064 INFO nova.api.ec2 [-] 0.537s 10.0.1.122 GET /2009-04-04/meta-data/hostname None:None 200 [Python-httplib2/0.7.7 (gzip)] text/plain text/plain
2014-11-26 11:38:56.174 3064 INFO nova.metadata.wsgi.server [-] 10.0.0.2,10.0.1.122 "GET /2009-04-04/meta-data/hostname HTTP/1.1" status: 200 len: 130 time: 0.0012760
2014-11-26 11:38:56.402 3064 INFO nova.api.ec2 [-] 0.399s 10.0.1.122 GET /2009-04-04/meta-data/local-hostname None:None 200 [Python-httplib2/0.7.7 (gzip)] text/plain text/plain
2014-11-26 11:38:56.402 3064 INFO nova.metadata.wsgi.server [-] 10.0.0.2,10.0.1.122 "GET /2009-04-04/meta-data/local-hostname HTTP/1.1" status: 200 len: 130 time: 0.0009370
2014-11-26 11:38:56.559 3064 INFO nova.api.ec2 [-] 0.525s 10.0.1.122 GET /2009-04-04/user-data None:None 404 [Python-httplib2/0.7.7 (gzip)] text/plain text/plain
2014-11-26 11:38:56.560 3064 INFO nova.metadata.wsgi.server [-] 10.0.0.2,10.0.1.122 "GET /2009-04-04/user-data HTTP/1.1" status: 404 len: 176 time: 0.0010040
2014-11-26 11:38:56.714 3064 INFO nova.api.ec2 [-] 0.438s 10.0.1.122 GET /2009-04-04/meta-data/block-device-mapping None:None 200 [Python-httplib2/0.7.7 (gzip)] text/plain text/plain
2014-11-26 11:38:56.714 3064 INFO nova.metadata.wsgi.server [-] 10.0.0.2,10.0.1.122 "GET /2009-04-04/meta-data/block-device-mapping HTTP/1.1" status: 200 len: 124 time: 0.0010049
2014-11-26 11:38:56.824 3064 INFO nova.api.ec2 [-] 0.387s 10.0.1.122 GET /2009-04-04/meta-data/block-device-mapping/ami None:None 200 [Python-httplib2/0.7.7 (gzip)] text/plain text/plain
2014-11-26 11:38:56.825 3064 INFO nova.metadata.wsgi.server [-] 10.0.0.2,10.0.1.122 "GET /2009-04-04/meta-data/block-device-mapping/ami HTTP/1.1" status: 200 len: 119 time: 0.0009029
2014-11-26 11:38:56.943 3066 INFO nova.api.ec2 [-] 0.432s 10.0.1.122 GET /2009-04-04/meta-data/block-device-mapping/root None:None 200 [Python-httplib2/0.7.7 (gzip)] text/plain text/plain
2014-11-26 11:38:56.944 3066 INFO nova.metadata.wsgi.server [-] 10.0.0.2,10.0.1.122 "GET /2009-04-04/meta-data/block-device-mapping/root HTTP/1.1" status: 200 len: 124 time: 0.0009902
2014-11-26 11:38:57.095 3066 INFO nova.api.ec2 [-] 0.649s 10.0.1.122 GET /2009-04-04/meta-data/public-hostname None:None 200 [Python-httplib2/0.7.7 (gzip)] text/plain text/plain
2014-11-26 11:38:57.096 3066 INFO nova.metadata.wsgi.server [-] 10.0.0.2,10.0.1.122 "GET /2009-04-04/meta-data/public-hostname HTTP/1.1" status: 200 len: 130 time: 0.0014970
2014-11-26 11:38:57.248 3064 INFO nova.api.ec2 [-] 0.397s 10.0.1.122 GET /2009-04-04/meta-data/placement/availability-zone None:None 200 [Python-httplib2/0.7.7 (gzip)] text/plain text/plain
2014-11-26 11:38:57.248 3064 INFO nova.metadata.wsgi.server [-] 10.0.0.2,10.0.1.122 "GET /2009-04-04/meta-data/placement/availability-zone HTTP/1.1" status: 200 len: 120 time: 0.0009100
2014-11-26 11:39:00.759 2811 INFO nova.osapi_compute.wsgi.server [req-18419576-e0a3-4cb1-8086-e865a03db191 None] 10.0.1.111 "GET /v2/cdd5e77fe2c440cf86afbf1d7b9653a4/servers?name=vm1 HTTP/1.1" status: 200 len: 525 time: 0.0583661
2014-11-26 11:39:00.928 2811 INFO nova.osapi_compute.wsgi.server [req-a5798e95-dc59-46d2-bce4-d214176815fc None] 10.0.1.111 "GET /v2/cdd5e77fe2c440cf86afbf1d7b9653a4/servers/c7f0a697-eebb-4337-a6f6-eb057750cc1b HTTP/1.1" status: 200 len: 1699 time: 0.1656721
2014-11-26 11:39:01.111 2808 INFO nova.osapi_compute.wsgi.server [req-36b94f58-99a6-41d2-88f1-eedc19fd2785 None] 10.0.1.111 "POST /v2/cdd5e77fe2c440cf86afbf1d7b9653a4/servers/c7f0a697-eebb-4337-a6f6-eb057750cc1b/action HTTP/1.1" status: 200 len: 17328 time: 0.1785531
2014-11-26 11:39:03.305 2811 INFO nova.osapi_compute.wsgi.server [req-94dd9dd5-6137-46b6-b515-b52b8efb9e5d None] 10.0.1.111 "GET /v2/cdd5e77fe2c440cf86afbf1d7b9653a4/servers?name=vm1 HTTP/1.1" status: 200 len: 525 time: 0.0473001
2014-11-26 11:39:03.419 2811 INFO nova.osapi_compute.wsgi.server [req-c0f7061e-f971-4059-b1d1-c3ff868964c8 None] 10.0.1.111 "GET /v2/cdd5e77fe2c440cf86afbf1d7b9653a4/servers/c7f0a697-eebb-4337-a6f6-eb057750cc1b HTTP/1.1" status: 200 len: 1699 time: 0.1104710
2014-11-26 11:39:03.462 2811 INFO oslo.messaging._drivers.impl_rabbit [req-c8558bff-5c47-4ef8-a945-faba054e8828 ] Connecting to AMQP server on 10.0.1.111:5672
2014-11-26 11:39:03.471 2811 INFO oslo.messaging._drivers.impl_rabbit [req-c8558bff-5c47-4ef8-a945-faba054e8828 ] Connected to AMQP server on 10.0.1.111:5672
2014-11-26 11:39:03.551 2811 INFO nova.osapi_compute.wsgi.server [req-c8558bff-5c47-4ef8-a945-faba054e8828 None] 10.0.1.111 "POST /v2/cdd5e77fe2c440cf86afbf1d7b9653a4/servers/c7f0a697-eebb-4337-a6f6-eb057750cc1b/action HTTP/1.1" status: 200 len: 17586 time: 0.1284769
2014-11-26 11:39:58.225 2808 INFO nova.osapi_compute.wsgi.server [req-84a32fea-f57d-45c1-b4a1-1466a052fd2c None] 10.0.1.111 "GET /v2/cdd5e77fe2c440cf86afbf1d7b9653a4/servers?name=vm1 HTTP/1.1" status: 200 len: 525 time: 0.0451391
2014-11-26 11:39:58.364 2808 INFO nova.osapi_compute.wsgi.server [req-b64d4669-d795-4da5-bb2e-895669613e0f None] 10.0.1.111 "GET /v2/cdd5e77fe2c440cf86afbf1d7b9653a4/servers/c7f0a697-eebb-4337-a6f6-eb057750cc1b HTTP/1.1" status: 200 len: 1699 time: 0.1356201
2014-11-26 11:39:58.381 2808 INFO nova.osapi_compute.wsgi.server [req-db1074fc-399f-4dbd-9af0-9e5eb7611253 None] 10.0.1.111 "GET /v2/cdd5e77fe2c440cf86afbf1d7b9653a4/flavors/1 HTTP/1.1" status: 200 len: 591 time: 0.0141129
2014-11-26 11:39:58.515 2811 INFO nova.osapi_compute.wsgi.server [req-389fb814-27af-432a-abcd-3a7e9c4a21cd None] 10.0.1.111 "GET /v2/cdd5e77fe2c440cf86afbf1d7b9653a4/images/ba0dfa48-cbbc-48fe-8091-15f7151cef2e HTTP/1.1" status: 200 len: 882 time: 0.1313388
2014-11-26 11:44:15.050 2811 INFO nova.osapi_compute.wsgi.server [req-3affb2ed-1246-4b61-8ca3-f6414e40a7d2 None] 10.0.1.111 "GET /v2/cdd5e77fe2c440cf86afbf1d7b9653a4/os-keypairs HTTP/1.1" status: 200 len: 923 time: 0.0168438
2014-11-26 11:45:43.394 2811 INFO nova.osapi_compute.wsgi.server [req-179d38d8-c6a1-47fd-b1c0-f0044639cb3b None] 10.0.1.111 "GET /v2/cdd5e77fe2c440cf86afbf1d7b9653a4/os-keypairs HTTP/1.1" status: 200 len: 923 time: 0.0170031
2014-11-26 11:45:44.995 2808 INFO nova.osapi_compute.wsgi.server [req-4e33b752-afcc-4124-be74-f15931b4e10f None] 10.0.1.111 "GET /v2/cdd5e77fe2c440cf86afbf1d7b9653a4/os-keypairs HTTP/1.1" status: 200 len: 923 time: 0.0162930
2014-11-26 11:52:40.192 2808 INFO nova.osapi_compute.wsgi.server [req-a829b657-0c33-4ae2-897c-51494d6ee492 None] 10.0.1.111 "GET /v2/cdd5e77fe2c440cf86afbf1d7b9653a4/servers/detail HTTP/1.1" status: 200 len: 1702 time: 0.2813621
2014-11-26 11:52:47.226 2808 INFO nova.osapi_compute.wsgi.server [req-fff4a4ac-e9af-4b19-a61b-5fd95c818aef None] 10.0.1.111 "GET /v2/cdd5e77fe2c440cf86afbf1d7b9653a4/servers?name=vm1 HTTP/1.1" status: 200 len: 525 time: 0.0478990
2014-11-26 11:52:47.339 2808 INFO nova.osapi_compute.wsgi.server [req-20903cbd-1b81-4c8f-bf45-d2603e3ac09b None] 10.0.1.111 "GET /v2/cdd5e77fe2c440cf86afbf1d7b9653a4/servers/c7f0a697-eebb-4337-a6f6-eb057750cc1b HTTP/1.1" status: 200 len: 1699 time: 0.1096809
2014-11-26 11:52:47.548 2808 INFO nova.osapi_compute.wsgi.server [req-43af2956-ad00-4cc8-8e83-6077da7a4d2b None] 10.0.1.111 "DELETE /v2/cdd5e77fe2c440cf86afbf1d7b9653a4/servers/c7f0a697-eebb-4337-a6f6-eb057750cc1b HTTP/1.1" status: 204 len: 179 time: 0.2067449
2014-11-26 11:53:45.854 2808 INFO nova.api.openstack.wsgi [req-a7d7042c-0851-4935-bae4-4fef34c6d558 None] HTTP exception thrown: Instance could not be found
2014-11-26 11:53:45.855 2808 INFO nova.osapi_compute.wsgi.server [req-a7d7042c-0851-4935-bae4-4fef34c6d558 None] 10.0.1.111 "GET /v2/cdd5e77fe2c440cf86afbf1d7b9653a4/servers/c7f0a697-eebb-4337-a6f6-eb057750cc1b HTTP/1.1" status: 404 len: 267 time: 0.0484319
2014-11-26 11:53:45.969 2811 INFO nova.osapi_compute.wsgi.server [req-a0edeb0d-d11c-480c-829b-1d10a2ec2a1a None] 10.0.1.111 "GET /v2/cdd5e77fe2c440cf86afbf1d7b9653a4/servers/detail?limit=21&project_id=cdd5e77fe2c440cf86afbf1d7b9653a4 HTTP/1.1" status: 200 len: 187 time: 0.1011622
2014-11-26 11:53:46.021 2808 INFO nova.osapi_compute.wsgi.server [req-18afd149-a9d9-4134-9134-e9e4b7915b61 None] 10.0.1.111 "GET /v2/cdd5e77fe2c440cf86afbf1d7b9653a4/limits?reserved=1 HTTP/1.1" status: 200 len: 684 time: 0.0168121
2014-11-26 11:53:46.046 2811 INFO nova.osapi_compute.wsgi.server [req-a58ce8a8-4744-45ba-83d5-e5345c0fff2f None] 10.0.1.111 "GET /v2/cdd5e77fe2c440cf86afbf1d7b9653a4/limits?reserved=1 HTTP/1.1" status: 200 len: 684 time: 0.0167360
2014-11-26 11:54:11.050 2808 INFO nova.osapi_compute.wsgi.server [req-0e256847-c89e-424e-ac2d-b6d71c82e643 None] 10.0.1.111 "GET /v2/cdd5e77fe2c440cf86afbf1d7b9653a4/servers/detail HTTP/1.1" status: 200 len: 187 time: 0.0330739
