2014-11-26 01:59:02.403 7857 INFO migrate.versioning.api [-] 33 -> 34... 
2014-11-26 01:59:02.451 7867 WARNING keystone.openstack.common.versionutils [-] Deprecated: keystone.token.backends.sql.Token is deprecated as of Juno in favor of keystone.token.persistence.backends.sql.Token and may be removed in Kilo.
2014-11-26 01:59:02.478 7867 INFO keystone.token.persistence.backends.sql [-] Token expiration batch size: 1000
2014-11-26 01:59:02.485 7867 CRITICAL keystone [-] ProgrammingError: (ProgrammingError) (1146, "Table 'keystone.token' doesn't exist") 'SELECT token.expires AS token_expires \nFROM token \nWHERE token.expires < %s ORDER BY token.expires \n LIMIT %s, %s' (datetime.datetime(2014, 11, 25, 16, 59, 2, 478630), 999, 1)
2014-11-26 01:59:02.485 7867 TRACE keystone Traceback (most recent call last):
2014-11-26 01:59:02.485 7867 TRACE keystone   File "/usr/bin/keystone-manage", line 44, in <module>
2014-11-26 01:59:02.485 7867 TRACE keystone     cli.main(argv=sys.argv, config_files=config_files)
2014-11-26 01:59:02.485 7867 TRACE keystone   File "/usr/lib/python2.7/site-packages/keystone/cli.py", line 306, in main
2014-11-26 01:59:02.485 7867 TRACE keystone     CONF.command.cmd_class.main()
2014-11-26 01:59:02.485 7867 TRACE keystone   File "/usr/lib/python2.7/site-packages/keystone/cli.py", line 175, in main
2014-11-26 01:59:02.485 7867 TRACE keystone     token_manager.driver.flush_expired_tokens()
2014-11-26 01:59:02.485 7867 TRACE keystone   File "/usr/lib/python2.7/site-packages/keystone/token/persistence/backends/sql.py", line 271, in flush_expired_tokens
2014-11-26 01:59:02.485 7867 TRACE keystone     for expiry_time in expiry_range_func(session, upper_bound_func):
2014-11-26 01:59:02.485 7867 TRACE keystone   File "/usr/lib/python2.7/site-packages/keystone/token/persistence/backends/sql.py", line 71, in _expiry_range_batched
2014-11-26 01:59:02.485 7867 TRACE keystone     next_expiration = query.one()[0]
2014-11-26 01:59:02.485 7867 TRACE keystone   File "/usr/lib64/python2.7/site-packages/sqlalchemy/orm/query.py", line 2369, in one
2014-11-26 01:59:02.485 7867 TRACE keystone     ret = list(self)
2014-11-26 01:59:02.485 7867 TRACE keystone   File "/usr/lib64/python2.7/site-packages/sqlalchemy/orm/query.py", line 2412, in __iter__
2014-11-26 01:59:02.485 7867 TRACE keystone     return self._execute_and_instances(context)
2014-11-26 01:59:02.485 7867 TRACE keystone   File "/usr/lib64/python2.7/site-packages/sqlalchemy/orm/query.py", line 2427, in _execute_and_instances
2014-11-26 01:59:02.485 7867 TRACE keystone     result = conn.execute(querycontext.statement, self._params)
2014-11-26 01:59:02.485 7867 TRACE keystone   File "/usr/lib64/python2.7/site-packages/sqlalchemy/engine/base.py", line 729, in execute
2014-11-26 01:59:02.485 7867 TRACE keystone     return meth(self, multiparams, params)
2014-11-26 01:59:02.485 7867 TRACE keystone   File "/usr/lib64/python2.7/site-packages/sqlalchemy/sql/elements.py", line 321, in _execute_on_connection
2014-11-26 01:59:02.485 7867 TRACE keystone     return connection._execute_clauseelement(self, multiparams, params)
2014-11-26 01:59:02.485 7867 TRACE keystone   File "/usr/lib64/python2.7/site-packages/sqlalchemy/engine/base.py", line 826, in _execute_clauseelement
2014-11-26 01:59:02.485 7867 TRACE keystone     compiled_sql, distilled_params
2014-11-26 01:59:02.485 7867 TRACE keystone   File "/usr/lib64/python2.7/site-packages/sqlalchemy/engine/base.py", line 958, in _execute_context
2014-11-26 01:59:02.485 7867 TRACE keystone     context)
2014-11-26 01:59:02.485 7867 TRACE keystone   File "/usr/lib64/python2.7/site-packages/sqlalchemy/engine/base.py", line 1156, in _handle_dbapi_exception
2014-11-26 01:59:02.485 7867 TRACE keystone     util.raise_from_cause(newraise, exc_info)
2014-11-26 01:59:02.485 7867 TRACE keystone   File "/usr/lib64/python2.7/site-packages/sqlalchemy/util/compat.py", line 199, in raise_from_cause
2014-11-26 01:59:02.485 7867 TRACE keystone     reraise(type(exception), exception, tb=exc_tb)
2014-11-26 01:59:02.485 7867 TRACE keystone   File "/usr/lib64/python2.7/site-packages/sqlalchemy/engine/base.py", line 951, in _execute_context
2014-11-26 01:59:02.485 7867 TRACE keystone     context)
2014-11-26 01:59:02.485 7867 TRACE keystone   File "/usr/lib64/python2.7/site-packages/sqlalchemy/engine/default.py", line 436, in do_execute
2014-11-26 01:59:02.485 7867 TRACE keystone     cursor.execute(statement, parameters)
2014-11-26 01:59:02.485 7867 TRACE keystone   File "/usr/lib64/python2.7/site-packages/MySQLdb/cursors.py", line 174, in execute
2014-11-26 01:59:02.485 7867 TRACE keystone     self.errorhandler(self, exc, value)
2014-11-26 01:59:02.485 7867 TRACE keystone   File "/usr/lib64/python2.7/site-packages/MySQLdb/connections.py", line 36, in defaulterrorhandler
2014-11-26 01:59:02.485 7867 TRACE keystone     raise errorclass, errorvalue
2014-11-26 01:59:02.485 7867 TRACE keystone ProgrammingError: (ProgrammingError) (1146, "Table 'keystone.token' doesn't exist") 'SELECT token.expires AS token_expires \nFROM token \nWHERE token.expires < %s ORDER BY token.expires \n LIMIT %s, %s' (datetime.datetime(2014, 11, 25, 16, 59, 2, 478630), 999, 1)
2014-11-26 01:59:02.485 7867 TRACE keystone 
2014-11-26 01:59:02.806 7857 INFO migrate.versioning.api [-] done
2014-11-26 01:59:02.806 7857 INFO migrate.versioning.api [-] 34 -> 35... 
2014-11-26 01:59:02.827 7857 INFO migrate.versioning.api [-] done
2014-11-26 01:59:02.827 7857 INFO migrate.versioning.api [-] 35 -> 36... 
2014-11-26 01:59:02.842 7857 INFO migrate.versioning.api [-] done
2014-11-26 01:59:02.842 7857 INFO migrate.versioning.api [-] 36 -> 37... 
2014-11-26 01:59:02.855 7857 INFO migrate.versioning.api [-] done
2014-11-26 01:59:02.855 7857 INFO migrate.versioning.api [-] 37 -> 38... 
2014-11-26 01:59:02.883 7857 INFO migrate.versioning.api [-] done
2014-11-26 01:59:02.883 7857 INFO migrate.versioning.api [-] 38 -> 39... 
2014-11-26 01:59:02.917 7857 INFO migrate.versioning.api [-] done
2014-11-26 01:59:02.917 7857 INFO migrate.versioning.api [-] 39 -> 40... 
2014-11-26 01:59:02.947 7857 INFO migrate.versioning.api [-] done
2014-11-26 01:59:02.947 7857 INFO migrate.versioning.api [-] 40 -> 41... 
2014-11-26 01:59:02.962 7857 INFO migrate.versioning.api [-] done
2014-11-26 01:59:02.962 7857 INFO migrate.versioning.api [-] 41 -> 42... 
2014-11-26 01:59:02.982 7857 INFO migrate.versioning.api [-] done
2014-11-26 01:59:02.982 7857 INFO migrate.versioning.api [-] 42 -> 43... 
2014-11-26 01:59:02.988 7857 INFO migrate.versioning.api [-] done
2014-11-26 01:59:02.988 7857 INFO migrate.versioning.api [-] 43 -> 44... 
2014-11-26 01:59:03.011 7857 INFO migrate.versioning.api [-] done
2014-11-26 01:59:03.011 7857 INFO migrate.versioning.api [-] 44 -> 45... 
2014-11-26 01:59:03.016 7857 INFO migrate.versioning.api [-] done
2014-11-26 01:59:03.016 7857 INFO migrate.versioning.api [-] 45 -> 46... 
2014-11-26 01:59:03.020 7857 INFO migrate.versioning.api [-] done
2014-11-26 01:59:03.020 7857 INFO migrate.versioning.api [-] 46 -> 47... 
2014-11-26 01:59:03.024 7857 INFO migrate.versioning.api [-] done
2014-11-26 01:59:03.024 7857 INFO migrate.versioning.api [-] 47 -> 48... 
2014-11-26 01:59:03.029 7857 INFO migrate.versioning.api [-] done
2014-11-26 01:59:03.029 7857 INFO migrate.versioning.api [-] 48 -> 49... 
2014-11-26 01:59:03.033 7857 INFO migrate.versioning.api [-] done
2014-11-26 01:59:03.033 7857 INFO migrate.versioning.api [-] 49 -> 50... 
2014-11-26 01:59:03.101 7857 INFO migrate.versioning.api [-] done
2014-11-26 01:59:03.102 7857 INFO migrate.versioning.api [-] 50 -> 51... 
2014-11-26 01:59:03.117 7857 INFO migrate.versioning.api [-] done
2014-11-26 01:59:03.117 7857 INFO migrate.versioning.api [-] 51 -> 52... 
2014-11-26 01:59:03.139 7857 INFO migrate.versioning.api [-] done
2014-11-26 01:59:03.140 7857 INFO migrate.versioning.api [-] 52 -> 53... 
2014-11-26 01:59:03.211 7857 INFO migrate.versioning.api [-] done
2014-11-26 01:59:03.211 7857 INFO migrate.versioning.api [-] 53 -> 54... 
2014-11-26 01:59:03.242 7857 INFO migrate.versioning.api [-] done
2014-11-26 01:59:03.242 7857 INFO migrate.versioning.api [-] 54 -> 55... 
2014-11-26 01:59:03.285 7857 INFO migrate.versioning.api [-] done
2014-11-26 01:59:03.308 7857 INFO migrate.versioning.api [-] 0 -> 1... 
2014-11-26 01:59:03.336 7857 INFO migrate.versioning.api [-] done
2014-11-26 01:59:03.336 7857 INFO migrate.versioning.api [-] 1 -> 2... 
2014-11-26 01:59:03.376 7857 INFO migrate.versioning.api [-] done
2014-11-26 01:59:03.868 7892 WARNING keystone.cli [-] keystone-manage pki_setup is not recommended for production use.
2014-11-26 01:59:03.879 7892 INFO keystone.common.openssl [-] Running command - openssl genrsa -out /etc/keystone/ssl/private/cakey.pem 2048
2014-11-26 01:59:03.909 7892 INFO keystone.common.openssl [-] Running command - openssl req -new -x509 -extensions v3_ca -key /etc/keystone/ssl/private/cakey.pem -out /etc/keystone/ssl/certs/ca.pem -days 3650 -config /etc/keystone/ssl/certs/openssl.conf -subj /C=US/ST=Unset/L=Unset/O=Unset/CN=www.example.com
2014-11-26 01:59:03.917 7892 INFO keystone.common.openssl [-] Running command - openssl genrsa -out /etc/keystone/ssl/private/signing_key.pem 2048
2014-11-26 01:59:03.985 7892 INFO keystone.common.openssl [-] Running command - openssl req -key /etc/keystone/ssl/private/signing_key.pem -new -out /etc/keystone/ssl/certs/req.pem -config /etc/keystone/ssl/certs/openssl.conf -subj /C=US/ST=Unset/L=Unset/O=Unset/CN=www.example.com
2014-11-26 01:59:04.003 7892 INFO keystone.common.openssl [-] Running command - openssl ca -batch -out /etc/keystone/ssl/certs/signing_cert.pem -config /etc/keystone/ssl/certs/openssl.conf -days 3650d -cert /etc/keystone/ssl/certs/ca.pem -keyfile /etc/keystone/ssl/private/cakey.pem -infiles /etc/keystone/ssl/certs/req.pem
2014-11-26 01:59:04.631 7916 WARNING keystone.openstack.common.versionutils [-] Deprecated: keystone.middleware.core.XmlBodyMiddleware is deprecated as of Icehouse in favor of support for "application/json" only and may be removed in Kilo.
2014-11-26 01:59:04.702 7916 WARNING keystone.openstack.common.versionutils [-] Deprecated: keystone.contrib.revoke.backends.kvs is deprecated as of Juno in favor of keystone.contrib.revoke.backends.sql and may be removed in Kilo.
2014-11-26 01:59:04.703 7916 INFO keystone.common.kvs.core [-] Using default dogpile sha1_mangle_key as KVS region os-revoke-driver key_mangler
2014-11-26 01:59:04.705 7916 INFO keystone.common.environment.eventlet_server [-] Starting /usr/bin/keystone-all on 0.0.0.0:35357
2014-11-26 01:59:04.706 7916 INFO keystone.openstack.common.service [-] Starting 2 workers
2014-11-26 01:59:04.708 7916 INFO keystone.openstack.common.service [-] Started child 7923
2014-11-26 01:59:04.711 7923 INFO eventlet.wsgi.server [-] (7923) wsgi starting up on http://0.0.0.0:35357/
2014-11-26 01:59:04.711 7916 INFO keystone.openstack.common.service [-] Started child 7924
2014-11-26 01:59:04.713 7916 INFO keystone.common.environment.eventlet_server [-] Starting /usr/bin/keystone-all on 0.0.0.0:5000
2014-11-26 01:59:04.714 7916 INFO keystone.openstack.common.service [-] Starting 2 workers
2014-11-26 01:59:04.715 7924 INFO eventlet.wsgi.server [-] (7924) wsgi starting up on http://0.0.0.0:35357/
2014-11-26 01:59:04.717 7916 INFO keystone.openstack.common.service [-] Started child 7925
2014-11-26 01:59:04.720 7925 INFO eventlet.wsgi.server [-] (7925) wsgi starting up on http://0.0.0.0:5000/
2014-11-26 01:59:04.721 7916 INFO keystone.openstack.common.service [-] Started child 7926
2014-11-26 01:59:04.725 7926 INFO eventlet.wsgi.server [-] (7926) wsgi starting up on http://0.0.0.0:5000/
2014-11-26 01:59:05.118 7924 INFO eventlet.wsgi.server [-] 127.0.0.1 - - [26/Nov/2014 01:59:05] "GET /v2.0/OS-KSADM/services HTTP/1.1" 200 153 0.097392
2014-11-26 01:59:05.397 7924 INFO eventlet.wsgi.server [-] 127.0.0.1 - - [26/Nov/2014 01:59:05] "POST /v2.0/OS-KSADM/services HTTP/1.1" 200 293 0.015690
2014-11-26 01:59:05.770 7923 INFO eventlet.wsgi.server [-] 127.0.0.1 - - [26/Nov/2014 01:59:05] "GET /v2.0/tenants HTTP/1.1" 200 164 0.099629
2014-11-26 01:59:06.136 7924 INFO eventlet.wsgi.server [-] 127.0.0.1 - - [26/Nov/2014 01:59:06] "POST /v2.0/tenants HTTP/1.1" 200 248 0.041375
2014-11-26 01:59:06.359 7924 INFO eventlet.wsgi.server [-] 127.0.0.1 - - [26/Nov/2014 01:59:06] "POST /v2.0/OS-KSADM/services HTTP/1.1" 200 275 0.006933
2014-11-26 01:59:06.621 7924 INFO eventlet.wsgi.server [-] 127.0.0.1 - - [26/Nov/2014 01:59:06] "POST /v2.0/OS-KSADM/services HTTP/1.1" 200 286 0.005476
2014-11-26 01:59:06.848 7923 INFO eventlet.wsgi.server [-] 127.0.0.1 - - [26/Nov/2014 01:59:06] "POST /v2.0/OS-KSADM/services HTTP/1.1" 200 296 0.007436
2014-11-26 01:59:07.153 7924 INFO eventlet.wsgi.server [-] 127.0.0.1 - - [26/Nov/2014 01:59:07] "POST /v2.0/tenants HTTP/1.1" 200 272 0.006442
2014-11-26 01:59:07.381 7924 INFO eventlet.wsgi.server [-] 127.0.0.1 - - [26/Nov/2014 01:59:07] "GET /v2.0/users HTTP/1.1" 200 141 0.005737
2014-11-26 01:59:07.612 7923 INFO eventlet.wsgi.server [-] 127.0.0.1 - - [26/Nov/2014 01:59:07] "GET /v2.0/tenants HTTP/1.1" 200 405 0.011521
2014-11-26 01:59:07.894 7923 INFO passlib.registry [-] registered crypt handler 'sha512_crypt': <class 'passlib.handlers.sha2_crypt.sha512_crypt'>
2014-11-26 01:59:08.010 7923 INFO keystone.assignment.core [-] Creating the default role 9fe2ff9ee4384b1894a90878d3e92bab because it does not exist.
2014-11-26 01:59:08.025 7923 INFO eventlet.wsgi.server [-] 127.0.0.1 - - [26/Nov/2014 01:59:08] "POST /v2.0/users HTTP/1.1" 200 318 0.144831
2014-11-26 01:59:08.272 7923 INFO eventlet.wsgi.server [-] 127.0.0.1 - - [26/Nov/2014 01:59:08] "GET /v2.0/tenants HTTP/1.1" 200 405 0.004564
2014-11-26 01:59:08.655 7923 INFO eventlet.wsgi.server [-] 127.0.0.1 - - [26/Nov/2014 01:59:08] "POST /v2.0/users HTTP/1.1" 200 309 0.047782
2014-11-26 01:59:08.882 7924 INFO eventlet.wsgi.server [-] 127.0.0.1 - - [26/Nov/2014 01:59:08] "GET /v2.0/tenants HTTP/1.1" 200 405 0.008889
2014-11-26 01:59:09.158 7923 INFO eventlet.wsgi.server [-] 127.0.0.1 - - [26/Nov/2014 01:59:09] "POST /v2.0/users HTTP/1.1" 200 315 0.048459
2014-11-26 01:59:09.443 7923 INFO eventlet.wsgi.server [-] 127.0.0.1 - - [26/Nov/2014 01:59:09] "GET /v2.0/OS-KSADM/roles HTTP/1.1" 200 203 0.003695
2014-11-26 01:59:09.667 7923 INFO eventlet.wsgi.server [-] 127.0.0.1 - - [26/Nov/2014 01:59:09] "POST /v2.0/OS-KSADM/roles HTTP/1.1" 200 197 0.005313
2014-11-26 01:59:09.889 7923 INFO eventlet.wsgi.server [-] 127.0.0.1 - - [26/Nov/2014 01:59:09] "GET /v2.0/tenants HTTP/1.1" 200 405 0.004286
2014-11-26 01:59:10.108 7924 INFO eventlet.wsgi.server [-] 127.0.0.1 - - [26/Nov/2014 01:59:10] "GET /v2.0/tenants/05065337e2c040618e6abb688c78aec3 HTTP/1.1" 200 272 0.004193
2014-11-26 01:59:10.124 7923 INFO eventlet.wsgi.server [-] 127.0.0.1 - - [26/Nov/2014 01:59:10] "GET /v2.0/tenants/05065337e2c040618e6abb688c78aec3/users HTTP/1.1" 200 671 0.009473
2014-11-26 01:59:10.343 7924 INFO eventlet.wsgi.server [-] 127.0.0.1 - - [26/Nov/2014 01:59:10] "GET /v2.0/tenants/05065337e2c040618e6abb688c78aec3 HTTP/1.1" 200 272 0.009911
2014-11-26 01:59:10.357 7924 INFO eventlet.wsgi.server [-] 127.0.0.1 - - [26/Nov/2014 01:59:10] "GET /v2.0/users/ca7c6ed2907c46698be9e8a89cb2fd17 HTTP/1.1" 200 315 0.006771
2014-11-26 01:59:10.382 7924 INFO eventlet.wsgi.server [-] 127.0.0.1 - - [26/Nov/2014 01:59:10] "GET /v2.0/tenants/05065337e2c040618e6abb688c78aec3/users/ca7c6ed2907c46698be9e8a89cb2fd17/roles HTTP/1.1" 200 203 0.021967
2014-11-26 01:59:10.607 7924 INFO eventlet.wsgi.server [-] 127.0.0.1 - - [26/Nov/2014 01:59:10] "GET /v2.0/OS-KSADM/roles HTTP/1.1" 200 265 0.008162
2014-11-26 01:59:10.828 7924 INFO eventlet.wsgi.server [-] 127.0.0.1 - - [26/Nov/2014 01:59:10] "GET /v2.0/users/ca7c6ed2907c46698be9e8a89cb2fd17 HTTP/1.1" 200 315 0.003324
2014-11-26 01:59:10.838 7924 INFO eventlet.wsgi.server [-] 127.0.0.1 - - [26/Nov/2014 01:59:10] "GET /v2.0/OS-KSADM/roles/e61d8e8bce1f435c92dba67cf2f4e45f HTTP/1.1" 200 197 0.003808
2014-11-26 01:59:10.844 7924 INFO eventlet.wsgi.server [-] 127.0.0.1 - - [26/Nov/2014 01:59:10] "GET /v2.0/tenants/05065337e2c040618e6abb688c78aec3 HTTP/1.1" 200 272 0.003646
2014-11-26 01:59:10.856 7924 INFO eventlet.wsgi.server [-] 127.0.0.1 - - [26/Nov/2014 01:59:10] "PUT /v2.0/tenants/05065337e2c040618e6abb688c78aec3/users/ca7c6ed2907c46698be9e8a89cb2fd17/roles/OS-KSADM/e61d8e8bce1f435c92dba67cf2f4e45f HTTP/1.1" 200 197 0.010101
2014-11-26 01:59:11.102 7923 INFO eventlet.wsgi.server [-] 127.0.0.1 - - [26/Nov/2014 01:59:11] "GET /v2.0/users/ca7c6ed2907c46698be9e8a89cb2fd17 HTTP/1.1" 200 315 0.003650
2014-11-26 01:59:11.113 7924 INFO eventlet.wsgi.server [-] 127.0.0.1 - - [26/Nov/2014 01:59:11] "GET /v2.0/OS-KSADM/roles/9fe2ff9ee4384b1894a90878d3e92bab HTTP/1.1" 200 200 0.004287
2014-11-26 01:59:11.120 7923 INFO eventlet.wsgi.server [-] 127.0.0.1 - - [26/Nov/2014 01:59:11] "GET /v2.0/tenants/05065337e2c040618e6abb688c78aec3 HTTP/1.1" 200 272 0.004184
2014-11-26 01:59:11.132 7923 WARNING keystone.openstack.common.versionutils [-] Deprecated: keystone.token.backends.sql.Token is deprecated as of Juno in favor of keystone.token.persistence.backends.sql.Token and may be removed in Kilo.
2014-11-26 01:59:11.144 7923 INFO eventlet.wsgi.server [-] 127.0.0.1 - - [26/Nov/2014 01:59:11] "DELETE /v2.0/tenants/05065337e2c040618e6abb688c78aec3/users/ca7c6ed2907c46698be9e8a89cb2fd17/roles/OS-KSADM/9fe2ff9ee4384b1894a90878d3e92bab HTTP/1.1" 204 103 0.021315
2014-11-26 01:59:11.369 7923 INFO eventlet.wsgi.server [-] 127.0.0.1 - - [26/Nov/2014 01:59:11] "POST /v2.0/OS-KSADM/services HTTP/1.1" 200 295 0.010297
2014-11-26 01:59:11.617 7923 INFO eventlet.wsgi.server [-] 127.0.0.1 - - [26/Nov/2014 01:59:11] "GET /v2.0/endpoints HTTP/1.1" 200 145 0.004039
2014-11-26 01:59:11.873 7924 INFO eventlet.wsgi.server [-] 127.0.0.1 - - [26/Nov/2014 01:59:11] "GET /v2.0/OS-KSADM/services HTTP/1.1" 200 852 0.007312
2014-11-26 01:59:12.134 7923 INFO eventlet.wsgi.server [-] 127.0.0.1 - - [26/Nov/2014 01:59:12] "GET /v2.0/OS-KSADM/services/66ceee33bb324b31b14bee701a8891d9 HTTP/1.1" 200 295 0.004024
2014-11-26 01:59:12.169 7923 INFO eventlet.wsgi.server [-] 127.0.0.1 - - [26/Nov/2014 01:59:12] "POST /v2.0/endpoints HTTP/1.1" 200 392 0.027284
2014-11-26 01:59:12.412 7924 INFO eventlet.wsgi.server [-] 127.0.0.1 - - [26/Nov/2014 01:59:12] "GET /v2.0/OS-KSADM/services HTTP/1.1" 200 852 0.003230
2014-11-26 01:59:12.637 7923 INFO eventlet.wsgi.server [-] 127.0.0.1 - - [26/Nov/2014 01:59:12] "GET /v2.0/OS-KSADM/services/0a6fa9db6ea9421e9c2396228cb414af HTTP/1.1" 200 296 0.004259
2014-11-26 01:59:12.666 7924 INFO eventlet.wsgi.server [-] 127.0.0.1 - - [26/Nov/2014 01:59:12] "POST /v2.0/endpoints HTTP/1.1" 200 385 0.021850
2014-11-26 01:59:12.884 7923 INFO eventlet.wsgi.server [-] 127.0.0.1 - - [26/Nov/2014 01:59:12] "POST /v2.0/OS-KSADM/services HTTP/1.1" 200 279 0.004753
2014-11-26 01:59:13.105 7923 INFO eventlet.wsgi.server [-] 127.0.0.1 - - [26/Nov/2014 01:59:13] "GET /v2.0/OS-KSADM/services HTTP/1.1" 200 982 0.003158
2014-11-26 01:59:13.328 7923 INFO eventlet.wsgi.server [-] 127.0.0.1 - - [26/Nov/2014 01:59:13] "GET /v2.0/OS-KSADM/services/bef76f536ddd4349a8b411ce28fb7dad HTTP/1.1" 200 279 0.008639
2014-11-26 01:59:13.384 7923 INFO eventlet.wsgi.server [-] 127.0.0.1 - - [26/Nov/2014 01:59:13] "POST /v2.0/endpoints HTTP/1.1" 200 427 0.038765
2014-11-26 01:59:13.642 7923 INFO eventlet.wsgi.server [-] 127.0.0.1 - - [26/Nov/2014 01:59:13] "POST /v2.0/OS-KSADM/services HTTP/1.1" 200 287 0.004292
2014-11-26 01:59:13.863 7924 INFO eventlet.wsgi.server [-] 127.0.0.1 - - [26/Nov/2014 01:59:13] "GET /v2.0/OS-KSADM/services HTTP/1.1" 200 1120 0.003209
2014-11-26 01:59:14.115 7923 INFO eventlet.wsgi.server [-] 127.0.0.1 - - [26/Nov/2014 01:59:14] "GET /v2.0/OS-KSADM/services/dbcc8933478f476791f01373cb30a03b HTTP/1.1" 200 287 0.003796
2014-11-26 01:59:14.159 7923 INFO eventlet.wsgi.server [-] 127.0.0.1 - - [26/Nov/2014 01:59:14] "POST /v2.0/endpoints HTTP/1.1" 200 376 0.036000
2014-11-26 01:59:14.473 7924 INFO eventlet.wsgi.server [-] 127.0.0.1 - - [26/Nov/2014 01:59:14] "GET /v2.0/tenants/05065337e2c040618e6abb688c78aec3 HTTP/1.1" 200 272 0.009084
2014-11-26 01:59:14.494 7923 INFO eventlet.wsgi.server [-] 127.0.0.1 - - [26/Nov/2014 01:59:14] "GET /v2.0/users/111d8975c3b248c9ae7a31cac8843aa4 HTTP/1.1" 200 309 0.005041
2014-11-26 01:59:14.518 7923 INFO eventlet.wsgi.server [-] 127.0.0.1 - - [26/Nov/2014 01:59:14] "GET /v2.0/tenants/05065337e2c040618e6abb688c78aec3/users/111d8975c3b248c9ae7a31cac8843aa4/roles HTTP/1.1" 200 203 0.020606
2014-11-26 01:59:14.751 7924 INFO eventlet.wsgi.server [-] 127.0.0.1 - - [26/Nov/2014 01:59:14] "GET /v2.0/users/111d8975c3b248c9ae7a31cac8843aa4 HTTP/1.1" 200 309 0.005927
2014-11-26 01:59:14.762 7924 INFO eventlet.wsgi.server [-] 127.0.0.1 - - [26/Nov/2014 01:59:14] "GET /v2.0/OS-KSADM/roles/e61d8e8bce1f435c92dba67cf2f4e45f HTTP/1.1" 200 197 0.004587
2014-11-26 01:59:14.769 7924 INFO eventlet.wsgi.server [-] 127.0.0.1 - - [26/Nov/2014 01:59:14] "GET /v2.0/tenants/05065337e2c040618e6abb688c78aec3 HTTP/1.1" 200 272 0.004655
2014-11-26 01:59:14.783 7924 INFO eventlet.wsgi.server [-] 127.0.0.1 - - [26/Nov/2014 01:59:14] "PUT /v2.0/tenants/05065337e2c040618e6abb688c78aec3/users/111d8975c3b248c9ae7a31cac8843aa4/roles/OS-KSADM/e61d8e8bce1f435c92dba67cf2f4e45f HTTP/1.1" 200 197 0.011399
2014-11-26 01:59:15.086 7923 INFO eventlet.wsgi.server [-] 127.0.0.1 - - [26/Nov/2014 01:59:15] "GET /v2.0/users/111d8975c3b248c9ae7a31cac8843aa4 HTTP/1.1" 200 309 0.005282
2014-11-26 01:59:15.099 7923 INFO eventlet.wsgi.server [-] 127.0.0.1 - - [26/Nov/2014 01:59:15] "GET /v2.0/OS-KSADM/roles/9fe2ff9ee4384b1894a90878d3e92bab HTTP/1.1" 200 200 0.005023
2014-11-26 01:59:15.106 7923 INFO eventlet.wsgi.server [-] 127.0.0.1 - - [26/Nov/2014 01:59:15] "GET /v2.0/tenants/05065337e2c040618e6abb688c78aec3 HTTP/1.1" 200 272 0.004776
2014-11-26 01:59:15.124 7923 INFO eventlet.wsgi.server [-] 127.0.0.1 - - [26/Nov/2014 01:59:15] "DELETE /v2.0/tenants/05065337e2c040618e6abb688c78aec3/users/111d8975c3b248c9ae7a31cac8843aa4/roles/OS-KSADM/9fe2ff9ee4384b1894a90878d3e92bab HTTP/1.1" 204 103 0.015264
2014-11-26 01:59:15.345 7923 INFO eventlet.wsgi.server [-] 127.0.0.1 - - [26/Nov/2014 01:59:15] "GET /v2.0/tenants HTTP/1.1" 200 405 0.004302
2014-11-26 01:59:15.696 7923 INFO eventlet.wsgi.server [-] 127.0.0.1 - - [26/Nov/2014 01:59:15] "POST /v2.0/users HTTP/1.1" 200 311 0.052603
2014-11-26 01:59:15.966 7923 INFO eventlet.wsgi.server [-] 127.0.0.1 - - [26/Nov/2014 01:59:15] "GET /v2.0/tenants HTTP/1.1" 200 405 0.005985
2014-11-26 01:59:16.287 7924 INFO eventlet.wsgi.server [-] 127.0.0.1 - - [26/Nov/2014 01:59:16] "GET /v2.0/tenants/5db62f5f55144e94b06be0d688e6d499 HTTP/1.1" 200 248 0.004085
2014-11-26 01:59:16.301 7923 INFO eventlet.wsgi.server [-] 127.0.0.1 - - [26/Nov/2014 01:59:16] "GET /v2.0/tenants/5db62f5f55144e94b06be0d688e6d499/users HTTP/1.1" 200 314 0.006551
2014-11-26 01:59:16.519 7924 INFO eventlet.wsgi.server [-] 127.0.0.1 - - [26/Nov/2014 01:59:16] "GET /v2.0/tenants/5db62f5f55144e94b06be0d688e6d499 HTTP/1.1" 200 248 0.008437
2014-11-26 01:59:16.536 7923 INFO eventlet.wsgi.server [-] 127.0.0.1 - - [26/Nov/2014 01:59:16] "GET /v2.0/users/7101f09f41d24e4c9bd4d6593f10ac20 HTTP/1.1" 200 311 0.003544
2014-11-26 01:59:16.551 7923 INFO eventlet.wsgi.server [-] 127.0.0.1 - - [26/Nov/2014 01:59:16] "GET /v2.0/tenants/5db62f5f55144e94b06be0d688e6d499/users/7101f09f41d24e4c9bd4d6593f10ac20/roles HTTP/1.1" 200 203 0.011808
2014-11-26 01:59:16.768 7924 INFO eventlet.wsgi.server [-] 127.0.0.1 - - [26/Nov/2014 01:59:16] "GET /v2.0/users/7101f09f41d24e4c9bd4d6593f10ac20 HTTP/1.1" 200 311 0.004297
2014-11-26 01:59:16.784 7924 INFO eventlet.wsgi.server [-] 127.0.0.1 - - [26/Nov/2014 01:59:16] "GET /v2.0/OS-KSADM/roles/e61d8e8bce1f435c92dba67cf2f4e45f HTTP/1.1" 200 197 0.004261
2014-11-26 01:59:16.791 7924 INFO eventlet.wsgi.server [-] 127.0.0.1 - - [26/Nov/2014 01:59:16] "GET /v2.0/tenants/5db62f5f55144e94b06be0d688e6d499 HTTP/1.1" 200 248 0.004924
2014-11-26 01:59:16.805 7924 INFO eventlet.wsgi.server [-] 127.0.0.1 - - [26/Nov/2014 01:59:16] "PUT /v2.0/tenants/5db62f5f55144e94b06be0d688e6d499/users/7101f09f41d24e4c9bd4d6593f10ac20/roles/OS-KSADM/e61d8e8bce1f435c92dba67cf2f4e45f HTTP/1.1" 200 197 0.010870
2014-11-26 01:59:17.026 7924 INFO eventlet.wsgi.server [-] 127.0.0.1 - - [26/Nov/2014 01:59:17] "GET /v2.0/users/7101f09f41d24e4c9bd4d6593f10ac20 HTTP/1.1" 200 311 0.004335
2014-11-26 01:59:17.037 7923 INFO eventlet.wsgi.server [-] 127.0.0.1 - - [26/Nov/2014 01:59:17] "GET /v2.0/OS-KSADM/roles/9fe2ff9ee4384b1894a90878d3e92bab HTTP/1.1" 200 200 0.004380
2014-11-26 01:59:17.045 7923 INFO eventlet.wsgi.server [-] 127.0.0.1 - - [26/Nov/2014 01:59:17] "GET /v2.0/tenants/5db62f5f55144e94b06be0d688e6d499 HTTP/1.1" 200 248 0.004440
2014-11-26 01:59:17.064 7923 INFO eventlet.wsgi.server [-] 127.0.0.1 - - [26/Nov/2014 01:59:17] "DELETE /v2.0/tenants/5db62f5f55144e94b06be0d688e6d499/users/7101f09f41d24e4c9bd4d6593f10ac20/roles/OS-KSADM/9fe2ff9ee4384b1894a90878d3e92bab HTTP/1.1" 204 103 0.016544
2014-11-26 01:59:17.286 7924 INFO eventlet.wsgi.server [-] 127.0.0.1 - - [26/Nov/2014 01:59:17] "GET /v2.0/tenants HTTP/1.1" 200 405 0.004672
2014-11-26 01:59:17.541 7923 INFO eventlet.wsgi.server [-] 127.0.0.1 - - [26/Nov/2014 01:59:17] "POST /v2.0/users HTTP/1.1" 200 315 0.039245
2014-11-26 01:59:17.762 7923 INFO eventlet.wsgi.server [-] 127.0.0.1 - - [26/Nov/2014 01:59:17] "GET /v2.0/OS-KSADM/services HTTP/1.1" 200 1120 0.004567
2014-11-26 01:59:18.011 7923 INFO eventlet.wsgi.server [-] 127.0.0.1 - - [26/Nov/2014 01:59:18] "GET /v2.0/OS-KSADM/services/d9994eff12c24c028c34ccddff9eed51 HTTP/1.1" 200 275 0.003448
2014-11-26 01:59:18.057 7924 INFO eventlet.wsgi.server [-] 127.0.0.1 - - [26/Nov/2014 01:59:18] "POST /v2.0/endpoints HTTP/1.1" 200 421 0.038641
2014-11-26 01:59:18.317 7923 INFO eventlet.wsgi.server [-] 127.0.0.1 - - [26/Nov/2014 01:59:18] "GET /v2.0/OS-KSADM/services HTTP/1.1" 200 1120 0.003234
2014-11-26 01:59:18.601 7923 INFO eventlet.wsgi.server [-] 127.0.0.1 - - [26/Nov/2014 01:59:18] "GET /v2.0/OS-KSADM/services/0ce33f40468c49c19ec765e09ac1839e HTTP/1.1" 200 286 0.008743
2014-11-26 01:59:18.642 7923 INFO eventlet.wsgi.server [-] 127.0.0.1 - - [26/Nov/2014 01:59:18] "POST /v2.0/endpoints HTTP/1.1" 200 427 0.032464
2014-11-26 01:59:18.887 7924 INFO eventlet.wsgi.server [-] 127.0.0.1 - - [26/Nov/2014 01:59:18] "POST /v2.0/OS-KSADM/services HTTP/1.1" 200 289 0.005748
2014-11-26 01:59:19.113 7923 INFO eventlet.wsgi.server [-] 127.0.0.1 - - [26/Nov/2014 01:59:19] "GET /v2.0/OS-KSADM/services HTTP/1.1" 200 1261 0.004888
2014-11-26 01:59:19.342 7923 INFO eventlet.wsgi.server [-] 127.0.0.1 - - [26/Nov/2014 01:59:19] "GET /v2.0/OS-KSADM/services/78cfd14eef174e8d92252033792347b2 HTTP/1.1" 200 289 0.008517
2014-11-26 01:59:19.379 7923 INFO eventlet.wsgi.server [-] 127.0.0.1 - - [26/Nov/2014 01:59:19] "POST /v2.0/endpoints HTTP/1.1" 200 427 0.028688
2014-11-26 01:59:19.622 7923 INFO eventlet.wsgi.server [-] 127.0.0.1 - - [26/Nov/2014 01:59:19] "GET /v2.0/tenants/05065337e2c040618e6abb688c78aec3 HTTP/1.1" 200 272 0.005383
2014-11-26 01:59:19.634 7923 INFO eventlet.wsgi.server [-] 127.0.0.1 - - [26/Nov/2014 01:59:19] "GET /v2.0/users/66f1dd9ac8cc4c4684ddc931fa473609 HTTP/1.1" 200 318 0.004608
2014-11-26 01:59:19.652 7923 INFO eventlet.wsgi.server [-] 127.0.0.1 - - [26/Nov/2014 01:59:19] "GET /v2.0/tenants/05065337e2c040618e6abb688c78aec3/users/66f1dd9ac8cc4c4684ddc931fa473609/roles HTTP/1.1" 200 203 0.015410
2014-11-26 01:59:19.867 7923 INFO eventlet.wsgi.server [-] 127.0.0.1 - - [26/Nov/2014 01:59:19] "GET /v2.0/users/66f1dd9ac8cc4c4684ddc931fa473609 HTTP/1.1" 200 318 0.003266
2014-11-26 01:59:19.878 7923 INFO eventlet.wsgi.server [-] 127.0.0.1 - - [26/Nov/2014 01:59:19] "GET /v2.0/OS-KSADM/roles/e61d8e8bce1f435c92dba67cf2f4e45f HTTP/1.1" 200 197 0.003437
2014-11-26 01:59:19.883 7923 INFO eventlet.wsgi.server [-] 127.0.0.1 - - [26/Nov/2014 01:59:19] "GET /v2.0/tenants/05065337e2c040618e6abb688c78aec3 HTTP/1.1" 200 272 0.003417
2014-11-26 01:59:19.895 7923 INFO eventlet.wsgi.server [-] 127.0.0.1 - - [26/Nov/2014 01:59:19] "PUT /v2.0/tenants/05065337e2c040618e6abb688c78aec3/users/66f1dd9ac8cc4c4684ddc931fa473609/roles/OS-KSADM/e61d8e8bce1f435c92dba67cf2f4e45f HTTP/1.1" 200 197 0.009661
2014-11-26 01:59:20.107 7923 INFO eventlet.wsgi.server [-] 127.0.0.1 - - [26/Nov/2014 01:59:20] "GET /v2.0/users/66f1dd9ac8cc4c4684ddc931fa473609 HTTP/1.1" 200 318 0.003505
2014-11-26 01:59:20.117 7923 INFO eventlet.wsgi.server [-] 127.0.0.1 - - [26/Nov/2014 01:59:20] "GET /v2.0/OS-KSADM/roles/9fe2ff9ee4384b1894a90878d3e92bab HTTP/1.1" 200 200 0.003113
2014-11-26 01:59:20.123 7923 INFO eventlet.wsgi.server [-] 127.0.0.1 - - [26/Nov/2014 01:59:20] "GET /v2.0/tenants/05065337e2c040618e6abb688c78aec3 HTTP/1.1" 200 272 0.003327
2014-11-26 01:59:20.140 7923 INFO eventlet.wsgi.server [-] 127.0.0.1 - - [26/Nov/2014 01:59:20] "DELETE /v2.0/tenants/05065337e2c040618e6abb688c78aec3/users/66f1dd9ac8cc4c4684ddc931fa473609/roles/OS-KSADM/9fe2ff9ee4384b1894a90878d3e92bab HTTP/1.1" 204 103 0.014827
2014-11-26 01:59:20.353 7923 INFO eventlet.wsgi.server [-] 127.0.0.1 - - [26/Nov/2014 01:59:20] "GET /v2.0/OS-KSADM/services HTTP/1.1" 200 1261 0.003191
2014-11-26 01:59:20.585 7923 INFO eventlet.wsgi.server [-] 127.0.0.1 - - [26/Nov/2014 01:59:20] "GET /v2.0/OS-KSADM/services/178b71116f6943d5aab5b290a0397a14 HTTP/1.1" 200 293 0.008748
2014-11-26 01:59:20.624 7923 INFO eventlet.wsgi.server [-] 127.0.0.1 - - [26/Nov/2014 01:59:20] "POST /v2.0/endpoints HTTP/1.1" 200 379 0.031114
2014-11-26 01:59:20.938 7924 INFO eventlet.wsgi.server [-] 127.0.0.1 - - [26/Nov/2014 01:59:20] "GET /v2.0/tenants/05065337e2c040618e6abb688c78aec3 HTTP/1.1" 200 272 0.006713
2014-11-26 01:59:20.965 7923 INFO eventlet.wsgi.server [-] 127.0.0.1 - - [26/Nov/2014 01:59:20] "GET /v2.0/tenants/05065337e2c040618e6abb688c78aec3/users HTTP/1.1" 200 849 0.012171
2014-11-26 01:59:21.347 7923 INFO eventlet.wsgi.server [-] 127.0.0.1 - - [26/Nov/2014 01:59:21] "GET /v2.0/tenants/05065337e2c040618e6abb688c78aec3 HTTP/1.1" 200 272 0.006325
2014-11-26 01:59:21.358 7923 INFO eventlet.wsgi.server [-] 127.0.0.1 - - [26/Nov/2014 01:59:21] "GET /v2.0/users/e1eed73df3b74b2297c982970b36b0ee HTTP/1.1" 200 315 0.004081
2014-11-26 01:59:21.374 7924 INFO eventlet.wsgi.server [-] 127.0.0.1 - - [26/Nov/2014 01:59:21] "GET /v2.0/tenants/05065337e2c040618e6abb688c78aec3/users/e1eed73df3b74b2297c982970b36b0ee/roles HTTP/1.1" 200 203 0.012834
2014-11-26 01:59:21.669 7924 INFO eventlet.wsgi.server [-] 127.0.0.1 - - [26/Nov/2014 01:59:21] "GET /v2.0/users/e1eed73df3b74b2297c982970b36b0ee HTTP/1.1" 200 315 0.009167
2014-11-26 01:59:21.682 7924 INFO eventlet.wsgi.server [-] 127.0.0.1 - - [26/Nov/2014 01:59:21] "GET /v2.0/OS-KSADM/roles/e61d8e8bce1f435c92dba67cf2f4e45f HTTP/1.1" 200 197 0.005103
2014-11-26 01:59:21.690 7923 INFO eventlet.wsgi.server [-] 127.0.0.1 - - [26/Nov/2014 01:59:21] "GET /v2.0/tenants/05065337e2c040618e6abb688c78aec3 HTTP/1.1" 200 272 0.004462
2014-11-26 01:59:21.703 7923 INFO eventlet.wsgi.server [-] 127.0.0.1 - - [26/Nov/2014 01:59:21] "PUT /v2.0/tenants/05065337e2c040618e6abb688c78aec3/users/e1eed73df3b74b2297c982970b36b0ee/roles/OS-KSADM/e61d8e8bce1f435c92dba67cf2f4e45f HTTP/1.1" 200 197 0.010034
2014-11-26 01:59:22.088 7924 INFO eventlet.wsgi.server [-] 127.0.0.1 - - [26/Nov/2014 01:59:22] "GET /v2.0/users/e1eed73df3b74b2297c982970b36b0ee HTTP/1.1" 200 315 0.005677
2014-11-26 01:59:22.100 7924 INFO eventlet.wsgi.server [-] 127.0.0.1 - - [26/Nov/2014 01:59:22] "GET /v2.0/OS-KSADM/roles/9fe2ff9ee4384b1894a90878d3e92bab HTTP/1.1" 200 200 0.003220
2014-11-26 01:59:22.107 7923 INFO eventlet.wsgi.server [-] 127.0.0.1 - - [26/Nov/2014 01:59:22] "GET /v2.0/tenants/05065337e2c040618e6abb688c78aec3 HTTP/1.1" 200 272 0.004058
2014-11-26 01:59:22.123 7923 INFO eventlet.wsgi.server [-] 127.0.0.1 - - [26/Nov/2014 01:59:22] "DELETE /v2.0/tenants/05065337e2c040618e6abb688c78aec3/users/e1eed73df3b74b2297c982970b36b0ee/roles/OS-KSADM/9fe2ff9ee4384b1894a90878d3e92bab HTTP/1.1" 204 103 0.014025
2014-11-26 02:00:02.100 9502 WARNING keystone.openstack.common.versionutils [-] Deprecated: keystone.token.backends.sql.Token is deprecated as of Juno in favor of keystone.token.persistence.backends.sql.Token and may be removed in Kilo.
2014-11-26 02:00:02.119 9502 INFO keystone.token.persistence.backends.sql [-] Token expiration batch size: 1000
2014-11-26 02:00:02.122 9502 INFO keystone.token.persistence.backends.sql [-] Total expired tokens removed: 0
2014-11-26 02:00:34.539 7925 INFO eventlet.wsgi.server [-] 10.0.1.111 - - [26/Nov/2014 02:00:34] "GET /v2.0/ HTTP/1.1" 200 549 0.006969
2014-11-26 02:00:34.590 7925 INFO passlib.registry [-] registered crypt handler 'sha512_crypt': <class 'passlib.handlers.sha2_crypt.sha512_crypt'>
2014-11-26 02:00:34.708 7925 WARNING keystone.openstack.common.versionutils [-] Deprecated: keystone.token.backends.sql.Token is deprecated as of Juno in favor of keystone.token.persistence.backends.sql.Token and may be removed in Kilo.
2014-11-26 02:00:34.722 7925 INFO eventlet.wsgi.server [-] 10.0.1.111 - - [26/Nov/2014 02:00:34] "POST /v2.0/tokens HTTP/1.1" 200 3189 0.180246
2014-11-26 02:00:35.112 7926 INFO eventlet.wsgi.server [-] 10.0.1.111 - - [26/Nov/2014 02:00:35] "GET /v2.0/ HTTP/1.1" 200 549 0.009209
2014-11-26 02:00:35.173 7926 INFO passlib.registry [-] registered crypt handler 'sha512_crypt': <class 'passlib.handlers.sha2_crypt.sha512_crypt'>
2014-11-26 02:00:35.272 7926 WARNING keystone.openstack.common.versionutils [-] Deprecated: keystone.token.backends.sql.Token is deprecated as of Juno in favor of keystone.token.persistence.backends.sql.Token and may be removed in Kilo.
2014-11-26 02:00:35.279 7926 INFO eventlet.wsgi.server [-] 10.0.1.111 - - [26/Nov/2014 02:00:35] "POST /v2.0/tokens HTTP/1.1" 200 3189 0.164735
2014-11-26 02:00:35.305 7924 INFO eventlet.wsgi.server [-] 10.0.1.111 - - [26/Nov/2014 02:00:35] "GET / HTTP/1.1" 300 900 0.001116
2014-11-26 02:00:35.329 7924 INFO passlib.registry [-] registered crypt handler 'sha512_crypt': <class 'passlib.handlers.sha2_crypt.sha512_crypt'>
2014-11-26 02:00:35.389 7924 WARNING keystone.openstack.common.versionutils [-] Deprecated: keystone.token.backends.sql.Token is deprecated as of Juno in favor of keystone.token.persistence.backends.sql.Token and may be removed in Kilo.
2014-11-26 02:00:35.396 7924 INFO eventlet.wsgi.server [-] 10.0.1.111 - - [26/Nov/2014 02:00:35] "POST /v2.0/tokens HTTP/1.1" 200 3189 0.078402
2014-11-26 02:00:35.462 7924 INFO eventlet.wsgi.server [-] 10.0.1.111 - - [26/Nov/2014 02:00:35] "GET /v3/auth/tokens HTTP/1.1" 200 5446 0.061847
2014-11-26 02:00:36.153 7925 INFO eventlet.wsgi.server [-] 10.0.1.111 - - [26/Nov/2014 02:00:36] "GET /v2.0/ HTTP/1.1" 200 549 0.001307
2014-11-26 02:00:36.218 7925 INFO eventlet.wsgi.server [-] 10.0.1.111 - - [26/Nov/2014 02:00:36] "POST /v2.0/tokens HTTP/1.1" 200 3189 0.062438
2014-11-26 02:00:36.239 7923 INFO eventlet.wsgi.server [-] 10.0.1.111 - - [26/Nov/2014 02:00:36] "GET / HTTP/1.1" 300 900 0.001291
2014-11-26 02:00:36.374 7923 INFO eventlet.wsgi.server [-] 10.0.1.111 - - [26/Nov/2014 02:00:36] "POST /v2.0/tokens HTTP/1.1" 200 3189 0.123966
2014-11-26 02:00:36.434 7923 INFO eventlet.wsgi.server [-] 10.0.1.111 - - [26/Nov/2014 02:00:36] "GET /v3/auth/tokens HTTP/1.1" 200 5446 0.058176
2014-11-26 02:01:01.829 10554 WARNING keystone.openstack.common.versionutils [-] Deprecated: keystone.token.backends.sql.Token is deprecated as of Juno in favor of keystone.token.persistence.backends.sql.Token and may be removed in Kilo.
2014-11-26 02:01:01.845 10554 INFO keystone.token.persistence.backends.sql [-] Token expiration batch size: 1000
2014-11-26 02:01:01.848 10554 INFO keystone.token.persistence.backends.sql [-] Total expired tokens removed: 0
2014-11-26 02:02:02.403 11566 WARNING keystone.openstack.common.versionutils [-] Deprecated: keystone.token.backends.sql.Token is deprecated as of Juno in favor of keystone.token.persistence.backends.sql.Token and may be removed in Kilo.
2014-11-26 02:02:02.418 11566 INFO keystone.token.persistence.backends.sql [-] Token expiration batch size: 1000
2014-11-26 02:02:02.422 11566 INFO keystone.token.persistence.backends.sql [-] Total expired tokens removed: 0
2014-11-26 02:03:01.981 11654 WARNING keystone.openstack.common.versionutils [-] Deprecated: keystone.token.backends.sql.Token is deprecated as of Juno in favor of keystone.token.persistence.backends.sql.Token and may be removed in Kilo.
2014-11-26 02:03:01.999 11654 INFO keystone.token.persistence.backends.sql [-] Token expiration batch size: 1000
2014-11-26 02:03:02.003 11654 INFO keystone.token.persistence.backends.sql [-] Total expired tokens removed: 0
2014-11-26 02:04:01.601 11955 WARNING keystone.openstack.common.versionutils [-] Deprecated: keystone.token.backends.sql.Token is deprecated as of Juno in favor of keystone.token.persistence.backends.sql.Token and may be removed in Kilo.
2014-11-26 02:04:01.618 11955 INFO keystone.token.persistence.backends.sql [-] Token expiration batch size: 1000
2014-11-26 02:04:01.621 11955 INFO keystone.token.persistence.backends.sql [-] Total expired tokens removed: 0
2014-11-26 02:04:31.991 7923 INFO eventlet.wsgi.server [-] 10.0.1.111 - - [26/Nov/2014 02:04:31] "POST /v2.0/tokens HTTP/1.1" 200 3204 0.072426
2014-11-26 02:04:32.010 7924 INFO eventlet.wsgi.server [-] 10.0.1.111 - - [26/Nov/2014 02:04:32] "GET /v2.0/tenants HTTP/1.1" 200 424 0.017670
2014-11-26 02:05:02.310 12427 WARNING keystone.openstack.common.versionutils [-] Deprecated: keystone.token.backends.sql.Token is deprecated as of Juno in favor of keystone.token.persistence.backends.sql.Token and may be removed in Kilo.
2014-11-26 02:05:02.335 12427 INFO keystone.token.persistence.backends.sql [-] Token expiration batch size: 1000
2014-11-26 02:05:02.342 12427 INFO keystone.token.persistence.backends.sql [-] Total expired tokens removed: 0
2014-11-26 02:05:47.235 7923 INFO eventlet.wsgi.server [-] 10.0.1.111 - - [26/Nov/2014 02:05:47] "GET /v2.0/ HTTP/1.1" 200 550 0.001643
2014-11-26 02:05:47.344 7923 INFO eventlet.wsgi.server [-] 10.0.1.111 - - [26/Nov/2014 02:05:47] "POST /v2.0/tokens HTTP/1.1" 200 3191 0.088358
2014-11-26 02:05:47.363 7924 INFO eventlet.wsgi.server [-] 10.0.1.111 - - [26/Nov/2014 02:05:47] "GET / HTTP/1.1" 300 900 0.000887
2014-11-26 02:05:47.486 7924 INFO eventlet.wsgi.server [-] 10.0.1.111 - - [26/Nov/2014 02:05:47] "POST /v2.0/tokens HTTP/1.1" 200 3191 0.112714
2014-11-26 02:05:47.523 7924 INFO eventlet.wsgi.server [-] 10.0.1.111 - - [26/Nov/2014 02:05:47] "GET /v3/auth/tokens HTTP/1.1" 200 5447 0.034432
2014-11-26 02:05:47.997 7923 INFO eventlet.wsgi.server [-] 127.0.0.1 - - [26/Nov/2014 02:05:47] "GET /v2.0/tenants HTTP/1.1" 200 405 0.004821
2014-11-26 02:05:48.328 7923 INFO eventlet.wsgi.server [-] 10.0.1.111 - - [26/Nov/2014 02:05:48] "GET /v2.0/ HTTP/1.1" 200 550 0.001255
2014-11-26 02:05:48.401 7923 INFO eventlet.wsgi.server [-] 10.0.1.111 - - [26/Nov/2014 02:05:48] "POST /v2.0/tokens HTTP/1.1" 200 3191 0.059696
2014-11-26 02:05:48.438 7924 INFO eventlet.wsgi.server [-] 10.0.1.111 - - [26/Nov/2014 02:05:48] "GET /v3/auth/tokens HTTP/1.1" 200 5447 0.031438
2014-11-26 02:05:48.838 7923 INFO eventlet.wsgi.server [-] 10.0.1.111 - - [26/Nov/2014 02:05:48] "GET /v2.0/ HTTP/1.1" 200 550 0.001616
2014-11-26 02:05:48.910 7923 INFO eventlet.wsgi.server [-] 10.0.1.111 - - [26/Nov/2014 02:05:48] "POST /v2.0/tokens HTTP/1.1" 200 3191 0.060033
2014-11-26 02:05:48.949 7924 INFO eventlet.wsgi.server [-] 10.0.1.111 - - [26/Nov/2014 02:05:48] "GET /v3/auth/tokens HTTP/1.1" 200 5447 0.032016
2014-11-26 02:05:49.292 7923 INFO eventlet.wsgi.server [-] 10.0.1.111 - - [26/Nov/2014 02:05:49] "GET /v2.0/ HTTP/1.1" 200 550 0.001267
2014-11-26 02:05:49.367 7923 INFO eventlet.wsgi.server [-] 10.0.1.111 - - [26/Nov/2014 02:05:49] "POST /v2.0/tokens HTTP/1.1" 200 3191 0.060616
2014-11-26 02:05:49.406 7924 INFO eventlet.wsgi.server [-] 10.0.1.111 - - [26/Nov/2014 02:05:49] "GET /v3/auth/tokens HTTP/1.1" 200 5447 0.033104
2014-11-26 02:05:49.764 7923 INFO eventlet.wsgi.server [-] 127.0.0.1 - - [26/Nov/2014 02:05:49] "GET /v2.0/tenants HTTP/1.1" 200 405 0.004244
2014-11-26 02:05:50.056 7924 INFO eventlet.wsgi.server [-] 127.0.0.1 - - [26/Nov/2014 02:05:50] "POST /v2.0/tenants HTTP/1.1" 200 249 0.005255
2014-11-26 02:05:50.374 7924 INFO eventlet.wsgi.server [-] 10.0.1.111 - - [26/Nov/2014 02:05:50] "GET /v2.0/ HTTP/1.1" 200 550 0.001460
2014-11-26 02:05:50.445 7924 INFO eventlet.wsgi.server [-] 10.0.1.111 - - [26/Nov/2014 02:05:50] "POST /v2.0/tokens HTTP/1.1" 200 3191 0.059503
2014-11-26 02:05:50.460 7923 INFO eventlet.wsgi.server [-] 10.0.1.111 - - [26/Nov/2014 02:05:50] "GET / HTTP/1.1" 300 900 0.000745
2014-11-26 02:05:50.535 7923 INFO eventlet.wsgi.server [-] 10.0.1.111 - - [26/Nov/2014 02:05:50] "POST /v2.0/tokens HTTP/1.1" 200 3191 0.063658
2014-11-26 02:05:50.574 7923 INFO eventlet.wsgi.server [-] 10.0.1.111 - - [26/Nov/2014 02:05:50] "GET /v3/auth/tokens HTTP/1.1" 200 5447 0.036540
2014-11-26 02:05:51.075 7923 INFO eventlet.wsgi.server [-] 10.0.1.111 - - [26/Nov/2014 02:05:51] "GET /v2.0/ HTTP/1.1" 200 550 0.002021
2014-11-26 02:05:51.184 7923 INFO eventlet.wsgi.server [-] 10.0.1.111 - - [26/Nov/2014 02:05:51] "POST /v2.0/tokens HTTP/1.1" 200 3191 0.088089
2014-11-26 02:05:51.248 7923 INFO eventlet.wsgi.server [-] 10.0.1.111 - - [26/Nov/2014 02:05:51] "GET /v3/auth/tokens HTTP/1.1" 200 5447 0.056082
2014-11-26 02:05:51.690 7923 INFO eventlet.wsgi.server [-] 10.0.1.111 - - [26/Nov/2014 02:05:51] "GET /v2.0/ HTTP/1.1" 200 550 0.001234
2014-11-26 02:05:51.763 7923 INFO eventlet.wsgi.server [-] 10.0.1.111 - - [26/Nov/2014 02:05:51] "POST /v2.0/tokens HTTP/1.1" 200 3191 0.062264
2014-11-26 02:05:51.811 7924 INFO eventlet.wsgi.server [-] 10.0.1.111 - - [26/Nov/2014 02:05:51] "GET /v3/auth/tokens HTTP/1.1" 200 5447 0.039419
2014-11-26 02:05:52.564 7924 INFO eventlet.wsgi.server [-] 10.0.1.111 - - [26/Nov/2014 02:05:52] "GET /v2.0/ HTTP/1.1" 200 550 0.001433
2014-11-26 02:05:52.683 7924 INFO eventlet.wsgi.server [-] 10.0.1.111 - - [26/Nov/2014 02:05:52] "POST /v2.0/tokens HTTP/1.1" 200 3191 0.103737
2014-11-26 02:05:52.746 7924 INFO eventlet.wsgi.server [-] 10.0.1.111 - - [26/Nov/2014 02:05:52] "GET /v3/auth/tokens HTTP/1.1" 200 5447 0.056905
2014-11-26 02:05:53.427 7924 INFO eventlet.wsgi.server [-] 10.0.1.111 - - [26/Nov/2014 02:05:53] "GET /v2.0/ HTTP/1.1" 200 550 0.001940
2014-11-26 02:05:53.544 7924 INFO eventlet.wsgi.server [-] 10.0.1.111 - - [26/Nov/2014 02:05:53] "POST /v2.0/tokens HTTP/1.1" 200 3191 0.097991
2014-11-26 02:05:53.599 7924 INFO eventlet.wsgi.server [-] 10.0.1.111 - - [26/Nov/2014 02:05:53] "GET /v3/auth/tokens HTTP/1.1" 200 5447 0.047927
2014-11-26 02:05:54.059 7924 INFO eventlet.wsgi.server [-] 10.0.1.111 - - [26/Nov/2014 02:05:54] "GET /v2.0/ HTTP/1.1" 200 550 0.001474
2014-11-26 02:05:54.167 7924 INFO eventlet.wsgi.server [-] 10.0.1.111 - - [26/Nov/2014 02:05:54] "POST /v2.0/tokens HTTP/1.1" 200 3191 0.093168
2014-11-26 02:05:54.218 7924 INFO eventlet.wsgi.server [-] 10.0.1.111 - - [26/Nov/2014 02:05:54] "GET /v3/auth/tokens HTTP/1.1" 200 5447 0.040970
2014-11-26 02:05:54.878 7924 INFO eventlet.wsgi.server [-] 10.0.1.111 - - [26/Nov/2014 02:05:54] "GET /v2.0/ HTTP/1.1" 200 550 0.002740
2014-11-26 02:05:55.067 7924 INFO eventlet.wsgi.server [-] 10.0.1.111 - - [26/Nov/2014 02:05:55] "POST /v2.0/tokens HTTP/1.1" 200 3191 0.146288
2014-11-26 02:05:55.201 7924 INFO eventlet.wsgi.server [-] 10.0.1.111 - - [26/Nov/2014 02:05:55] "GET /v3/auth/tokens HTTP/1.1" 200 5447 0.121788
2014-11-26 02:05:55.602 7924 INFO eventlet.wsgi.server [-] 10.0.1.111 - - [26/Nov/2014 02:05:55] "GET /v2.0/ HTTP/1.1" 200 550 0.001369
2014-11-26 02:05:55.693 7924 INFO eventlet.wsgi.server [-] 10.0.1.111 - - [26/Nov/2014 02:05:55] "POST /v2.0/tokens HTTP/1.1" 200 3191 0.077280
2014-11-26 02:05:55.736 7923 INFO eventlet.wsgi.server [-] 10.0.1.111 - - [26/Nov/2014 02:05:55] "GET /v3/auth/tokens HTTP/1.1" 200 5447 0.036699
2014-11-26 02:05:56.125 7923 INFO eventlet.wsgi.server [-] 10.0.1.111 - - [26/Nov/2014 02:05:56] "GET /v2.0/ HTTP/1.1" 200 550 0.001544
2014-11-26 02:05:56.203 7923 INFO eventlet.wsgi.server [-] 10.0.1.111 - - [26/Nov/2014 02:05:56] "POST /v2.0/tokens HTTP/1.1" 200 3191 0.065201
2014-11-26 02:05:56.273 7923 INFO eventlet.wsgi.server [-] 10.0.1.111 - - [26/Nov/2014 02:05:56] "GET /v3/auth/tokens HTTP/1.1" 200 5447 0.056931
2014-11-26 02:05:56.626 7923 INFO eventlet.wsgi.server [-] 10.0.1.111 - - [26/Nov/2014 02:05:56] "GET /v2.0/ HTTP/1.1" 200 550 0.001287
2014-11-26 02:05:56.707 7923 INFO eventlet.wsgi.server [-] 10.0.1.111 - - [26/Nov/2014 02:05:56] "POST /v2.0/tokens HTTP/1.1" 200 3191 0.069573
2014-11-26 02:05:56.746 7924 INFO eventlet.wsgi.server [-] 10.0.1.111 - - [26/Nov/2014 02:05:56] "GET /v3/auth/tokens HTTP/1.1" 200 5447 0.032529
2014-11-26 02:05:57.098 7923 INFO eventlet.wsgi.server [-] 10.0.1.111 - - [26/Nov/2014 02:05:57] "GET /v2.0/ HTTP/1.1" 200 550 0.001428
2014-11-26 02:05:57.180 7923 INFO eventlet.wsgi.server [-] 10.0.1.111 - - [26/Nov/2014 02:05:57] "POST /v2.0/tokens HTTP/1.1" 200 3191 0.067702
2014-11-26 02:05:57.222 7924 INFO eventlet.wsgi.server [-] 10.0.1.111 - - [26/Nov/2014 02:05:57] "GET /v3/auth/tokens HTTP/1.1" 200 5447 0.035247
2014-11-26 02:05:57.611 7924 INFO eventlet.wsgi.server [-] 10.0.1.111 - - [26/Nov/2014 02:05:57] "GET /v2.0/ HTTP/1.1" 200 550 0.001281
2014-11-26 02:05:57.686 7924 INFO eventlet.wsgi.server [-] 10.0.1.111 - - [26/Nov/2014 02:05:57] "POST /v2.0/tokens HTTP/1.1" 200 3191 0.060757
2014-11-26 02:05:57.734 7924 INFO eventlet.wsgi.server [-] 10.0.1.111 - - [26/Nov/2014 02:05:57] "GET /v3/auth/tokens HTTP/1.1" 200 5447 0.035469
2014-11-26 02:05:58.091 7923 INFO eventlet.wsgi.server [-] 10.0.1.111 - - [26/Nov/2014 02:05:58] "GET /v2.0/ HTTP/1.1" 200 550 0.001434
2014-11-26 02:05:58.171 7923 INFO eventlet.wsgi.server [-] 10.0.1.111 - - [26/Nov/2014 02:05:58] "POST /v2.0/tokens HTTP/1.1" 200 3191 0.064483
2014-11-26 02:05:58.217 7923 INFO eventlet.wsgi.server [-] 10.0.1.111 - - [26/Nov/2014 02:05:58] "GET /v3/auth/tokens HTTP/1.1" 200 5447 0.038502
2014-11-26 02:05:59.096 7923 INFO eventlet.wsgi.server [-] 127.0.0.1 - - [26/Nov/2014 02:05:59] "GET /v2.0/users HTTP/1.1" 200 1023 0.006005
2014-11-26 02:05:59.540 7924 INFO eventlet.wsgi.server [-] 127.0.0.1 - - [26/Nov/2014 02:05:59] "GET /v2.0/tenants HTTP/1.1" 200 515 0.009185
2014-11-26 02:05:59.979 7923 INFO eventlet.wsgi.server [-] 127.0.0.1 - - [26/Nov/2014 02:05:59] "POST /v2.0/users HTTP/1.1" 200 297 0.058676
2014-11-26 02:06:02.295 13481 WARNING keystone.openstack.common.versionutils [-] Deprecated: keystone.token.backends.sql.Token is deprecated as of Juno in favor of keystone.token.persistence.backends.sql.Token and may be removed in Kilo.
2014-11-26 02:06:02.331 13481 INFO keystone.token.persistence.backends.sql [-] Token expiration batch size: 1000
2014-11-26 02:06:02.335 13481 INFO keystone.token.persistence.backends.sql [-] Total expired tokens removed: 0
2014-11-26 02:07:02.100 13978 WARNING keystone.openstack.common.versionutils [-] Deprecated: keystone.token.backends.sql.Token is deprecated as of Juno in favor of keystone.token.persistence.backends.sql.Token and may be removed in Kilo.
2014-11-26 02:07:02.138 13978 INFO keystone.token.persistence.backends.sql [-] Token expiration batch size: 1000
2014-11-26 02:07:02.141 13978 INFO keystone.token.persistence.backends.sql [-] Total expired tokens removed: 0
2014-11-26 02:07:08.686 7923 INFO eventlet.wsgi.server [-] 10.0.1.111 - - [26/Nov/2014 02:07:08] "GET /v2.0/ HTTP/1.1" 200 550 0.002316
2014-11-26 02:07:08.767 7923 INFO eventlet.wsgi.server [-] 10.0.1.111 - - [26/Nov/2014 02:07:08] "POST /v2.0/tokens HTTP/1.1" 200 3189 0.077106
2014-11-26 02:07:08.895 7923 INFO eventlet.wsgi.server [-] 10.0.1.111 - - [26/Nov/2014 02:07:08] "GET / HTTP/1.1" 300 900 0.003216
2014-11-26 02:07:08.977 7923 INFO eventlet.wsgi.server [-] 10.0.1.111 - - [26/Nov/2014 02:07:08] "POST /v2.0/tokens HTTP/1.1" 200 3189 0.062263
2014-11-26 02:07:09.018 7923 INFO eventlet.wsgi.server [-] 10.0.1.111 - - [26/Nov/2014 02:07:09] "GET /v3/auth/tokens HTTP/1.1" 200 5446 0.037094
2014-11-26 02:07:09.139 7923 INFO eventlet.wsgi.server [-] 10.0.1.111 - - [26/Nov/2014 02:07:09] "GET / HTTP/1.1" 300 900 0.001005
2014-11-26 02:07:09.248 7923 INFO eventlet.wsgi.server [-] 10.0.1.111 - - [26/Nov/2014 02:07:09] "POST /v2.0/tokens HTTP/1.1" 200 3189 0.098123
2014-11-26 02:07:09.288 7923 INFO eventlet.wsgi.server [-] 10.0.1.111 - - [26/Nov/2014 02:07:09] "GET /v3/auth/tokens HTTP/1.1" 200 5446 0.036420
2014-11-26 02:07:09.699 7924 INFO eventlet.wsgi.server [-] 10.0.1.111 - - [26/Nov/2014 02:07:09] "GET /v2.0/ HTTP/1.1" 200 550 0.003280
2014-11-26 02:07:09.771 7924 INFO eventlet.wsgi.server [-] 10.0.1.111 - - [26/Nov/2014 02:07:09] "POST /v2.0/tokens HTTP/1.1" 200 3189 0.070374
2014-11-26 02:07:09.816 7923 INFO eventlet.wsgi.server [-] 10.0.1.111 - - [26/Nov/2014 02:07:09] "GET /v3/auth/tokens HTTP/1.1" 200 5446 0.036605
2014-11-26 02:07:10.650 7924 INFO eventlet.wsgi.server [-] 10.0.1.111 - - [26/Nov/2014 02:07:10] "GET / HTTP/1.1" 300 900 0.001369
2014-11-26 02:07:10.747 7924 INFO eventlet.wsgi.server [-] 10.0.1.111 - - [26/Nov/2014 02:07:10] "POST /v2.0/tokens HTTP/1.1" 200 3189 0.083314
2014-11-26 02:07:10.787 7924 INFO eventlet.wsgi.server [-] 10.0.1.111 - - [26/Nov/2014 02:07:10] "GET /v3/auth/tokens HTTP/1.1" 200 5446 0.037989
2014-11-26 02:07:11.694 7923 INFO eventlet.wsgi.server [-] 10.0.1.111 - - [26/Nov/2014 02:07:11] "GET /v3/auth/tokens HTTP/1.1" 200 5446 0.059871
2014-11-26 02:08:01.686 14696 WARNING keystone.openstack.common.versionutils [-] Deprecated: keystone.token.backends.sql.Token is deprecated as of Juno in favor of keystone.token.persistence.backends.sql.Token and may be removed in Kilo.
