2014-11-26 10:50:42.943 989 INFO keystone.common.kvs.core [-] Using default dogpile sha1_mangle_key as KVS region os-revoke-driver key_mangler
2014-11-26 10:50:42.945 989 INFO keystone.common.environment.eventlet_server [-] Starting /usr/bin/keystone-all on 0.0.0.0:35357
2014-11-26 10:50:42.945 989 INFO keystone.openstack.common.service [-] Starting 2 workers
2014-11-26 10:50:42.947 989 INFO keystone.openstack.common.service [-] Started child 2611
2014-11-26 10:50:42.953 989 INFO keystone.openstack.common.service [-] Started child 2612
2014-11-26 10:50:42.966 989 INFO keystone.common.environment.eventlet_server [-] Starting /usr/bin/keystone-all on 0.0.0.0:5000
2014-11-26 10:50:42.967 989 INFO keystone.openstack.common.service [-] Starting 2 workers
2014-11-26 10:50:42.970 989 INFO keystone.openstack.common.service [-] Started child 2616
2014-11-26 10:50:42.973 989 INFO keystone.openstack.common.service [-] Started child 2617
2014-11-26 10:50:42.994 2612 INFO eventlet.wsgi.server [-] (2612) wsgi starting up on http://0.0.0.0:35357/
2014-11-26 10:50:43.007 2611 INFO eventlet.wsgi.server [-] (2611) wsgi starting up on http://0.0.0.0:35357/
2014-11-26 10:50:43.039 2616 INFO eventlet.wsgi.server [-] (2616) wsgi starting up on http://0.0.0.0:5000/
2014-11-26 10:50:43.056 2617 INFO eventlet.wsgi.server [-] (2617) wsgi starting up on http://0.0.0.0:5000/
2014-11-26 10:50:55.089 2616 WARNING keystone.openstack.common.versionutils [-] Deprecated: keystone.token.backends.sql.Token is deprecated as of Juno in favor of keystone.token.persistence.backends.sql.Token and may be removed in Kilo.
2014-11-26 10:50:55.148 2616 WARNING keystone.common.wsgi [-] You are not authorized to perform the requested action: admin_required
2014-11-26 10:50:55.149 2616 INFO eventlet.wsgi.server [-] 10.0.1.111 - - [26/Nov/2014 10:50:55] "DELETE /v2.0/tokens/7dab4f3147644bc6b3f54c0d781b86f2 HTTP/1.1" 403 267 0.072210
2014-11-26 10:51:01.568 2616 INFO passlib.registry [-] registered crypt handler 'sha512_crypt': <class 'passlib.handlers.sha2_crypt.sha512_crypt'>
2014-11-26 10:51:01.663 2616 INFO eventlet.wsgi.server [-] 10.0.1.111 - - [26/Nov/2014 10:51:01] "POST /v2.0/tokens HTTP/1.1" 200 497 0.115672
2014-11-26 10:51:01.682 2617 WARNING keystone.openstack.common.versionutils [-] Deprecated: keystone.token.backends.sql.Token is deprecated as of Juno in favor of keystone.token.persistence.backends.sql.Token and may be removed in Kilo.
2014-11-26 10:51:01.768 2617 INFO eventlet.wsgi.server [-] 10.0.1.111 - - [26/Nov/2014 10:51:01] "GET /v2.0/tenants HTTP/1.1" 200 273 0.098825
2014-11-26 10:51:01.836 2616 INFO eventlet.wsgi.server [-] 10.0.1.111 - - [26/Nov/2014 10:51:01] "POST /v2.0/tokens HTTP/1.1" 200 3191 0.050280
2014-11-26 10:51:01.978 2611 INFO passlib.registry [-] registered crypt handler 'sha512_crypt': <class 'passlib.handlers.sha2_crypt.sha512_crypt'>
2014-11-26 10:51:02.101 2611 WARNING keystone.openstack.common.versionutils [-] Deprecated: keystone.token.backends.sql.Token is deprecated as of Juno in favor of keystone.token.persistence.backends.sql.Token and may be removed in Kilo.
2014-11-26 10:51:02.109 2611 INFO eventlet.wsgi.server [-] 10.0.1.111 - - [26/Nov/2014 10:51:02] "POST /v2.0/tokens HTTP/1.1" 200 3185 0.220005
2014-11-26 10:51:02.126 2611 INFO eventlet.wsgi.server [-] 10.0.1.111 - - [26/Nov/2014 10:51:02] "GET /v2.0/tokens/c0bf41b2ce2f48f9add2e1b900f2b468 HTTP/1.1" 200 3191 0.014415
2014-11-26 10:51:02.491 3321 WARNING keystone.openstack.common.versionutils [-] Deprecated: keystone.token.backends.sql.Token is deprecated as of Juno in favor of keystone.token.persistence.backends.sql.Token and may be removed in Kilo.
2014-11-26 10:51:02.517 3321 INFO keystone.token.persistence.backends.sql [-] Token expiration batch size: 1000
2014-11-26 10:51:02.520 3321 INFO keystone.token.persistence.backends.sql [-] Total expired tokens removed: 0
2014-11-26 10:51:03.240 2612 INFO passlib.registry [-] registered crypt handler 'sha512_crypt': <class 'passlib.handlers.sha2_crypt.sha512_crypt'>
2014-11-26 10:51:03.352 2612 WARNING keystone.openstack.common.versionutils [-] Deprecated: keystone.token.backends.sql.Token is deprecated as of Juno in favor of keystone.token.persistence.backends.sql.Token and may be removed in Kilo.
2014-11-26 10:51:03.359 2612 INFO eventlet.wsgi.server [-] 10.0.1.111 - - [26/Nov/2014 10:51:03] "POST /v2.0/tokens HTTP/1.1" 200 3185 0.199859
2014-11-26 10:51:03.376 2612 INFO eventlet.wsgi.server [-] 10.0.1.111 - - [26/Nov/2014 10:51:03] "GET /v2.0/tokens/c0bf41b2ce2f48f9add2e1b900f2b468 HTTP/1.1" 200 3191 0.014370
2014-11-26 10:51:04.408 2611 INFO eventlet.wsgi.server [-] 10.0.1.111 - - [26/Nov/2014 10:51:04] "GET / HTTP/1.1" 300 900 0.001164
2014-11-26 10:51:04.485 2611 INFO eventlet.wsgi.server [-] 10.0.1.111 - - [26/Nov/2014 10:51:04] "POST /v2.0/tokens HTTP/1.1" 200 3191 0.062325
2014-11-26 10:51:04.547 2611 INFO eventlet.wsgi.server [-] 10.0.1.111 - - [26/Nov/2014 10:51:04] "GET /v3/auth/tokens HTTP/1.1" 200 5469 0.060099
2014-11-26 10:51:04.642 2611 INFO eventlet.wsgi.server [-] 10.0.1.111 - - [26/Nov/2014 10:51:04] "GET / HTTP/1.1" 300 900 0.000832
2014-11-26 10:51:04.719 2611 INFO eventlet.wsgi.server [-] 10.0.1.111 - - [26/Nov/2014 10:51:04] "POST /v2.0/tokens HTTP/1.1" 200 3191 0.061480
2014-11-26 10:51:04.753 2611 INFO eventlet.wsgi.server [-] 10.0.1.111 - - [26/Nov/2014 10:51:04] "GET /v3/auth/tokens HTTP/1.1" 200 5469 0.032515
2014-11-26 10:51:04.992 2612 INFO eventlet.wsgi.server [-] 10.0.1.111 - - [26/Nov/2014 10:51:04] "GET / HTTP/1.1" 300 900 0.001244
2014-11-26 10:51:05.069 2612 INFO eventlet.wsgi.server [-] 10.0.1.111 - - [26/Nov/2014 10:51:05] "POST /v2.0/tokens HTTP/1.1" 200 3189 0.063992
2014-11-26 10:51:05.128 2612 INFO eventlet.wsgi.server [-] 10.0.1.111 - - [26/Nov/2014 10:51:05] "GET /v3/auth/tokens HTTP/1.1" 200 5469 0.057372
2014-11-26 10:51:05.544 2617 INFO eventlet.wsgi.server [-] 10.0.1.111 - - [26/Nov/2014 10:51:05] "POST /v2.0/tokens HTTP/1.1" 200 523 0.018668
2014-11-26 10:51:05.561 2616 INFO eventlet.wsgi.server [-] 10.0.1.111 - - [26/Nov/2014 10:51:05] "GET /v2.0/tenants HTTP/1.1" 200 273 0.013590
2014-11-26 10:51:15.046 2616 INFO eventlet.wsgi.server [-] 10.0.1.111 - - [26/Nov/2014 10:51:15] "POST /v2.0/tokens HTTP/1.1" 200 523 0.023158
2014-11-26 10:51:15.068 2617 INFO eventlet.wsgi.server [-] 10.0.1.111 - - [26/Nov/2014 10:51:15] "GET /v2.0/tenants HTTP/1.1" 200 273 0.017722
2014-11-26 10:52:02.202 3381 WARNING keystone.openstack.common.versionutils [-] Deprecated: keystone.token.backends.sql.Token is deprecated as of Juno in favor of keystone.token.persistence.backends.sql.Token and may be removed in Kilo.
2014-11-26 10:52:02.226 3381 INFO keystone.token.persistence.backends.sql [-] Token expiration batch size: 1000
2014-11-26 10:52:02.232 3381 INFO keystone.token.persistence.backends.sql [-] Total expired tokens removed: 0
2014-11-26 10:52:15.145 2616 INFO eventlet.wsgi.server [-] 10.0.1.111 - - [26/Nov/2014 10:52:15] "GET /v2.0/ HTTP/1.1" 200 549 0.001383
2014-11-26 10:52:15.243 2616 INFO eventlet.wsgi.server [-] 10.0.1.111 - - [26/Nov/2014 10:52:15] "POST /v2.0/tokens HTTP/1.1" 200 3163 0.084883
2014-11-26 10:52:15.303 2611 INFO eventlet.wsgi.server [-] 10.0.1.111 - - [26/Nov/2014 10:52:15] "GET /v3/auth/tokens HTTP/1.1" 200 5442 0.051015
2014-11-26 10:53:01.917 3442 WARNING keystone.openstack.common.versionutils [-] Deprecated: keystone.token.backends.sql.Token is deprecated as of Juno in favor of keystone.token.persistence.backends.sql.Token and may be removed in Kilo.
2014-11-26 10:53:01.936 3442 INFO keystone.token.persistence.backends.sql [-] Token expiration batch size: 1000
2014-11-26 10:53:01.940 3442 INFO keystone.token.persistence.backends.sql [-] Total expired tokens removed: 0
2014-11-26 10:53:12.118 2617 INFO passlib.registry [-] registered crypt handler 'sha512_crypt': <class 'passlib.handlers.sha2_crypt.sha512_crypt'>
2014-11-26 10:53:12.223 2617 INFO eventlet.wsgi.server [-] 10.0.1.111 - - [26/Nov/2014 10:53:12] "POST /v2.0/tokens HTTP/1.1" 200 3163 0.115378
2014-11-26 10:53:12.246 2611 INFO eventlet.wsgi.server [-] 10.0.1.111 - - [26/Nov/2014 10:53:12] "GET /v2.0/tokens/0c9fce27bff4462a8135caf107d054e3 HTTP/1.1" 200 3163 0.009331
2014-11-26 10:54:02.515 3497 WARNING keystone.openstack.common.versionutils [-] Deprecated: keystone.token.backends.sql.Token is deprecated as of Juno in favor of keystone.token.persistence.backends.sql.Token and may be removed in Kilo.
2014-11-26 10:54:02.530 3497 INFO keystone.token.persistence.backends.sql [-] Token expiration batch size: 1000
2014-11-26 10:54:02.533 3497 INFO keystone.token.persistence.backends.sql [-] Total expired tokens removed: 0
2014-11-26 10:55:02.140 3526 WARNING keystone.openstack.common.versionutils [-] Deprecated: keystone.token.backends.sql.Token is deprecated as of Juno in favor of keystone.token.persistence.backends.sql.Token and may be removed in Kilo.
2014-11-26 10:55:02.154 3526 INFO keystone.token.persistence.backends.sql [-] Token expiration batch size: 1000
2014-11-26 10:55:02.157 3526 INFO keystone.token.persistence.backends.sql [-] Total expired tokens removed: 0
2014-11-26 10:56:00.451 2616 INFO eventlet.wsgi.server [-] 10.0.1.111 - - [26/Nov/2014 10:56:00] "GET /v2.0/ HTTP/1.1" 200 549 0.001285
2014-11-26 10:56:01.702 3566 WARNING keystone.openstack.common.versionutils [-] Deprecated: keystone.token.backends.sql.Token is deprecated as of Juno in favor of keystone.token.persistence.backends.sql.Token and may be removed in Kilo.
2014-11-26 10:56:01.716 3566 INFO keystone.token.persistence.backends.sql [-] Token expiration batch size: 1000
2014-11-26 10:56:01.719 3566 INFO keystone.token.persistence.backends.sql [-] Total expired tokens removed: 0
2014-11-26 10:56:02.042 2611 INFO eventlet.wsgi.server [-] 10.0.1.111 - - [26/Nov/2014 10:56:02] "GET /v2.0/tokens/c0bf41b2ce2f48f9add2e1b900f2b468 HTTP/1.1" 200 3191 0.012812
2014-11-26 10:56:04.040 2617 INFO eventlet.wsgi.server [-] 10.0.1.111 - - [26/Nov/2014 10:56:04] "GET /v2.0/ HTTP/1.1" 200 549 0.001546
2014-11-26 10:56:04.121 2617 INFO eventlet.wsgi.server [-] 10.0.1.111 - - [26/Nov/2014 10:56:04] "POST /v2.0/tokens HTTP/1.1" 200 3163 0.067551
2014-11-26 10:56:04.201 2611 INFO eventlet.wsgi.server [-] 10.0.1.111 - - [26/Nov/2014 10:56:04] "GET /v3/auth/tokens HTTP/1.1" 200 5442 0.073103
2014-11-26 10:56:12.319 2611 INFO eventlet.wsgi.server [-] 10.0.1.111 - - [26/Nov/2014 10:56:12] "GET /v3/auth/tokens HTTP/1.1" 200 5469 0.044896
2014-11-26 10:56:12.375 2611 INFO eventlet.wsgi.server [-] 10.0.1.111 - - [26/Nov/2014 10:56:12] "GET /v3/auth/tokens HTTP/1.1" 200 5469 0.037795
2014-11-26 10:56:22.532 2612 INFO eventlet.wsgi.server [-] 10.0.1.111 - - [26/Nov/2014 10:56:22] "GET /v2.0/tokens/c0bf41b2ce2f48f9add2e1b900f2b468 HTTP/1.1" 200 3191 0.015342
2014-11-26 10:56:29.136 2617 INFO eventlet.wsgi.server [-] 10.0.1.111 - - [26/Nov/2014 10:56:29] "GET /v2.0/ HTTP/1.1" 200 549 0.001206
2014-11-26 10:56:29.217 2617 INFO eventlet.wsgi.server [-] 10.0.1.111 - - [26/Nov/2014 10:56:29] "POST /v2.0/tokens HTTP/1.1" 200 3163 0.067529
2014-11-26 10:56:29.264 2611 INFO eventlet.wsgi.server [-] 10.0.1.111 - - [26/Nov/2014 10:56:29] "GET /v3/auth/tokens HTTP/1.1" 200 5442 0.041548
2014-11-26 10:56:51.457 2616 INFO eventlet.wsgi.server [-] 10.0.1.111 - - [26/Nov/2014 10:56:51] "GET /v2.0/ HTTP/1.1" 200 549 0.001219
2014-11-26 10:56:51.549 2616 INFO eventlet.wsgi.server [-] 10.0.1.111 - - [26/Nov/2014 10:56:51] "POST /v2.0/tokens HTTP/1.1" 200 3163 0.073750
2014-11-26 10:56:51.592 2611 INFO eventlet.wsgi.server [-] 10.0.1.111 - - [26/Nov/2014 10:56:51] "GET /v3/auth/tokens HTTP/1.1" 200 5442 0.038270
2014-11-26 10:57:02.272 3622 WARNING keystone.openstack.common.versionutils [-] Deprecated: keystone.token.backends.sql.Token is deprecated as of Juno in favor of keystone.token.persistence.backends.sql.Token and may be removed in Kilo.
2014-11-26 10:57:02.286 3622 INFO keystone.token.persistence.backends.sql [-] Token expiration batch size: 1000
2014-11-26 10:57:02.289 3622 INFO keystone.token.persistence.backends.sql [-] Total expired tokens removed: 0
2014-11-26 10:57:29.518 2617 INFO eventlet.wsgi.server [-] 10.0.1.111 - - [26/Nov/2014 10:57:29] "GET /v2.0/ HTTP/1.1" 200 549 0.001275
2014-11-26 10:57:29.598 2617 INFO eventlet.wsgi.server [-] 10.0.1.111 - - [26/Nov/2014 10:57:29] "POST /v2.0/tokens HTTP/1.1" 200 3163 0.066589
2014-11-26 10:57:29.643 2611 INFO eventlet.wsgi.server [-] 10.0.1.111 - - [26/Nov/2014 10:57:29] "GET /v3/auth/tokens HTTP/1.1" 200 5442 0.038988
2014-11-26 10:58:01.823 3660 WARNING keystone.openstack.common.versionutils [-] Deprecated: keystone.token.backends.sql.Token is deprecated as of Juno in favor of keystone.token.persistence.backends.sql.Token and may be removed in Kilo.
2014-11-26 10:58:01.837 3660 INFO keystone.token.persistence.backends.sql [-] Token expiration batch size: 1000
2014-11-26 10:58:01.840 3660 INFO keystone.token.persistence.backends.sql [-] Total expired tokens removed: 0
2014-11-26 10:58:18.339 2617 INFO eventlet.wsgi.server [-] 10.0.1.111 - - [26/Nov/2014 10:58:18] "GET /v2.0/ HTTP/1.1" 200 549 0.001206
2014-11-26 10:58:18.416 2617 INFO eventlet.wsgi.server [-] 10.0.1.111 - - [26/Nov/2014 10:58:18] "POST /v2.0/tokens HTTP/1.1" 200 3163 0.063289
2014-11-26 10:58:18.457 2611 INFO eventlet.wsgi.server [-] 10.0.1.111 - - [26/Nov/2014 10:58:18] "GET /v3/auth/tokens HTTP/1.1" 200 5442 0.035632
2014-11-26 10:58:27.150 2617 INFO eventlet.wsgi.server [-] 10.0.1.111 - - [26/Nov/2014 10:58:27] "GET /v2.0/ HTTP/1.1" 200 549 0.001264
2014-11-26 10:58:27.227 2617 INFO eventlet.wsgi.server [-] 10.0.1.111 - - [26/Nov/2014 10:58:27] "POST /v2.0/tokens HTTP/1.1" 200 3163 0.063549
2014-11-26 10:58:27.266 2611 INFO eventlet.wsgi.server [-] 10.0.1.111 - - [26/Nov/2014 10:58:27] "GET /v3/auth/tokens HTTP/1.1" 200 5442 0.034370
2014-11-26 10:58:43.100 2616 INFO eventlet.wsgi.server [-] 10.0.1.111 - - [26/Nov/2014 10:58:43] "GET /v2.0/ HTTP/1.1" 200 549 0.001224
2014-11-26 10:58:48.872 2616 INFO eventlet.wsgi.server [-] 10.0.1.111 - - [26/Nov/2014 10:58:48] "GET /v2.0/ HTTP/1.1" 200 549 0.001216
2014-11-26 10:58:48.949 2616 INFO eventlet.wsgi.server [-] 10.0.1.111 - - [26/Nov/2014 10:58:48] "POST /v2.0/tokens HTTP/1.1" 200 3163 0.062813
2014-11-26 10:58:49.010 2611 INFO eventlet.wsgi.server [-] 10.0.1.111 - - [26/Nov/2014 10:58:49] "GET /v3/auth/tokens HTTP/1.1" 200 5442 0.055265
2014-11-26 10:59:02.402 3734 WARNING keystone.openstack.common.versionutils [-] Deprecated: keystone.token.backends.sql.Token is deprecated as of Juno in favor of keystone.token.persistence.backends.sql.Token and may be removed in Kilo.
2014-11-26 10:59:02.416 3734 INFO keystone.token.persistence.backends.sql [-] Token expiration batch size: 1000
2014-11-26 10:59:02.420 3734 INFO keystone.token.persistence.backends.sql [-] Total expired tokens removed: 0
2014-11-26 10:59:33.973 2616 INFO eventlet.wsgi.server [-] 10.0.1.111 - - [26/Nov/2014 10:59:33] "GET /v2.0/ HTTP/1.1" 200 549 0.001219
2014-11-26 10:59:34.056 2616 INFO eventlet.wsgi.server [-] 10.0.1.111 - - [26/Nov/2014 10:59:34] "POST /v2.0/tokens HTTP/1.1" 200 3163 0.070498
2014-11-26 10:59:34.109 2611 INFO eventlet.wsgi.server [-] 10.0.1.111 - - [26/Nov/2014 10:59:34] "GET /v3/auth/tokens HTTP/1.1" 200 5442 0.046567
2014-11-26 10:59:43.348 2617 INFO eventlet.wsgi.server [-] 10.0.1.111 - - [26/Nov/2014 10:59:43] "GET /v2.0/ HTTP/1.1" 200 549 0.001298
2014-11-26 10:59:43.428 2617 INFO eventlet.wsgi.server [-] 10.0.1.111 - - [26/Nov/2014 10:59:43] "POST /v2.0/tokens HTTP/1.1" 200 3163 0.066959
2014-11-26 10:59:43.482 2611 INFO eventlet.wsgi.server [-] 10.0.1.111 - - [26/Nov/2014 10:59:43] "GET /v3/auth/tokens HTTP/1.1" 200 5442 0.048197
2014-11-26 10:59:46.381 2617 INFO eventlet.wsgi.server [-] 10.0.1.111 - - [26/Nov/2014 10:59:46] "GET /v2.0/ HTTP/1.1" 200 549 0.001371
2014-11-26 10:59:46.461 2617 INFO eventlet.wsgi.server [-] 10.0.1.111 - - [26/Nov/2014 10:59:46] "POST /v2.0/tokens HTTP/1.1" 200 3163 0.066644
2014-11-26 10:59:46.502 2611 INFO eventlet.wsgi.server [-] 10.0.1.111 - - [26/Nov/2014 10:59:46] "GET /v3/auth/tokens HTTP/1.1" 200 5442 0.035694
2014-11-26 11:00:02.007 3793 WARNING keystone.openstack.common.versionutils [-] Deprecated: keystone.token.backends.sql.Token is deprecated as of Juno in favor of keystone.token.persistence.backends.sql.Token and may be removed in Kilo.
2014-11-26 11:00:02.021 3793 INFO keystone.token.persistence.backends.sql [-] Token expiration batch size: 1000
2014-11-26 11:00:02.024 3793 INFO keystone.token.persistence.backends.sql [-] Total expired tokens removed: 0
2014-11-26 11:01:01.617 3831 WARNING keystone.openstack.common.versionutils [-] Deprecated: keystone.token.backends.sql.Token is deprecated as of Juno in favor of keystone.token.persistence.backends.sql.Token and may be removed in Kilo.
2014-11-26 11:01:01.632 3831 INFO keystone.token.persistence.backends.sql [-] Token expiration batch size: 1000
2014-11-26 11:01:01.634 3831 INFO keystone.token.persistence.backends.sql [-] Total expired tokens removed: 0
2014-11-26 11:01:08.422 2611 INFO eventlet.wsgi.server [-] 10.0.1.111 - - [26/Nov/2014 11:01:08] "GET /v2.0/tokens/c0bf41b2ce2f48f9add2e1b900f2b468 HTTP/1.1" 200 3191 0.013015
2014-11-26 11:01:18.699 2611 INFO eventlet.wsgi.server [-] 10.0.1.111 - - [26/Nov/2014 11:01:18] "GET /v3/auth/tokens HTTP/1.1" 200 5469 0.054329
2014-11-26 11:01:18.762 2611 INFO eventlet.wsgi.server [-] 10.0.1.111 - - [26/Nov/2014 11:01:18] "GET /v3/auth/tokens HTTP/1.1" 200 5469 0.040867
2014-11-26 11:01:39.194 2612 INFO eventlet.wsgi.server [-] 10.0.1.111 - - [26/Nov/2014 11:01:39] "GET /v2.0/tokens/c0bf41b2ce2f48f9add2e1b900f2b468 HTTP/1.1" 200 3191 0.023304
2014-11-26 11:02:02.199 3895 WARNING keystone.openstack.common.versionutils [-] Deprecated: keystone.token.backends.sql.Token is deprecated as of Juno in favor of keystone.token.persistence.backends.sql.Token and may be removed in Kilo.
2014-11-26 11:02:02.214 3895 INFO keystone.token.persistence.backends.sql [-] Token expiration batch size: 1000
2014-11-26 11:02:02.217 3895 INFO keystone.token.persistence.backends.sql [-] Total expired tokens removed: 0
2014-11-26 11:03:01.741 3930 WARNING keystone.openstack.common.versionutils [-] Deprecated: keystone.token.backends.sql.Token is deprecated as of Juno in favor of keystone.token.persistence.backends.sql.Token and may be removed in Kilo.
2014-11-26 11:03:01.756 3930 INFO keystone.token.persistence.backends.sql [-] Token expiration batch size: 1000
2014-11-26 11:03:01.759 3930 INFO keystone.token.persistence.backends.sql [-] Total expired tokens removed: 0
2014-11-26 11:04:02.342 3968 WARNING keystone.openstack.common.versionutils [-] Deprecated: keystone.token.backends.sql.Token is deprecated as of Juno in favor of keystone.token.persistence.backends.sql.Token and may be removed in Kilo.
2014-11-26 11:04:02.356 3968 INFO keystone.token.persistence.backends.sql [-] Token expiration batch size: 1000
2014-11-26 11:04:02.359 3968 INFO keystone.token.persistence.backends.sql [-] Total expired tokens removed: 0
2014-11-26 11:05:01.890 4072 WARNING keystone.openstack.common.versionutils [-] Deprecated: keystone.token.backends.sql.Token is deprecated as of Juno in favor of keystone.token.persistence.backends.sql.Token and may be removed in Kilo.
2014-11-26 11:05:01.904 4072 INFO keystone.token.persistence.backends.sql [-] Token expiration batch size: 1000
2014-11-26 11:05:01.907 4072 INFO keystone.token.persistence.backends.sql [-] Total expired tokens removed: 0
2014-11-26 11:06:02.472 4116 WARNING keystone.openstack.common.versionutils [-] Deprecated: keystone.token.backends.sql.Token is deprecated as of Juno in favor of keystone.token.persistence.backends.sql.Token and may be removed in Kilo.
2014-11-26 11:06:02.487 4116 INFO keystone.token.persistence.backends.sql [-] Token expiration batch size: 1000
2014-11-26 11:06:02.490 4116 INFO keystone.token.persistence.backends.sql [-] Total expired tokens removed: 0
2014-11-26 11:06:24.953 2611 INFO eventlet.wsgi.server [-] 10.0.1.111 - - [26/Nov/2014 11:06:24] "GET /v3/auth/tokens HTTP/1.1" 200 5469 0.051702
2014-11-26 11:06:25.019 2611 INFO eventlet.wsgi.server [-] 10.0.1.111 - - [26/Nov/2014 11:06:25] "GET /v3/auth/tokens HTTP/1.1" 200 5469 0.039744
2014-11-26 11:06:45.364 2611 INFO eventlet.wsgi.server [-] 10.0.1.111 - - [26/Nov/2014 11:06:45] "GET /v2.0/tokens/c0bf41b2ce2f48f9add2e1b900f2b468 HTTP/1.1" 200 3191 0.016791
2014-11-26 11:06:55.592 2612 INFO eventlet.wsgi.server [-] 10.0.1.111 - - [26/Nov/2014 11:06:55] "GET /v2.0/tokens/c0bf41b2ce2f48f9add2e1b900f2b468 HTTP/1.1" 200 3191 0.015410
2014-11-26 11:07:02.044 4147 WARNING keystone.openstack.common.versionutils [-] Deprecated: keystone.token.backends.sql.Token is deprecated as of Juno in favor of keystone.token.persistence.backends.sql.Token and may be removed in Kilo.
2014-11-26 11:07:02.058 4147 INFO keystone.token.persistence.backends.sql [-] Token expiration batch size: 1000
2014-11-26 11:07:02.061 4147 INFO keystone.token.persistence.backends.sql [-] Total expired tokens removed: 0
2014-11-26 11:08:01.629 4187 WARNING keystone.openstack.common.versionutils [-] Deprecated: keystone.token.backends.sql.Token is deprecated as of Juno in favor of keystone.token.persistence.backends.sql.Token and may be removed in Kilo.
2014-11-26 11:08:01.644 4187 INFO keystone.token.persistence.backends.sql [-] Token expiration batch size: 1000
2014-11-26 11:08:01.647 4187 INFO keystone.token.persistence.backends.sql [-] Total expired tokens removed: 0
2014-11-26 11:09:02.184 4216 WARNING keystone.openstack.common.versionutils [-] Deprecated: keystone.token.backends.sql.Token is deprecated as of Juno in favor of keystone.token.persistence.backends.sql.Token and may be removed in Kilo.
2014-11-26 11:09:02.198 4216 INFO keystone.token.persistence.backends.sql [-] Token expiration batch size: 1000
2014-11-26 11:09:02.201 4216 INFO keystone.token.persistence.backends.sql [-] Total expired tokens removed: 0
2014-11-26 11:10:01.824 4248 WARNING keystone.openstack.common.versionutils [-] Deprecated: keystone.token.backends.sql.Token is deprecated as of Juno in favor of keystone.token.persistence.backends.sql.Token and may be removed in Kilo.
2014-11-26 11:10:01.848 4248 INFO keystone.token.persistence.backends.sql [-] Token expiration batch size: 1000
2014-11-26 11:10:01.852 4248 INFO keystone.token.persistence.backends.sql [-] Total expired tokens removed: 0
2014-11-26 11:11:02.428 4279 WARNING keystone.openstack.common.versionutils [-] Deprecated: keystone.token.backends.sql.Token is deprecated as of Juno in favor of keystone.token.persistence.backends.sql.Token and may be removed in Kilo.
2014-11-26 11:11:02.443 4279 INFO keystone.token.persistence.backends.sql [-] Token expiration batch size: 1000
2014-11-26 11:11:02.446 4279 INFO keystone.token.persistence.backends.sql [-] Total expired tokens removed: 0
2014-11-26 11:11:31.360 2611 INFO eventlet.wsgi.server [-] 10.0.1.111 - - [26/Nov/2014 11:11:31] "GET /v3/auth/tokens HTTP/1.1" 200 5469 0.040968
2014-11-26 11:11:31.418 2611 INFO eventlet.wsgi.server [-] 10.0.1.111 - - [26/Nov/2014 11:11:31] "GET /v3/auth/tokens HTTP/1.1" 200 5469 0.037136
2014-11-26 11:11:51.771 2611 INFO eventlet.wsgi.server [-] 10.0.1.111 - - [26/Nov/2014 11:11:51] "GET /v2.0/tokens/c0bf41b2ce2f48f9add2e1b900f2b468 HTTP/1.1" 200 3191 0.010151
2014-11-26 11:12:01.973 2612 INFO eventlet.wsgi.server [-] 10.0.1.111 - - [26/Nov/2014 11:12:01] "GET /v2.0/tokens/c0bf41b2ce2f48f9add2e1b900f2b468 HTTP/1.1" 200 3191 0.008863
2014-11-26 11:12:02.052 4308 WARNING keystone.openstack.common.versionutils [-] Deprecated: keystone.token.backends.sql.Token is deprecated as of Juno in favor of keystone.token.persistence.backends.sql.Token and may be removed in Kilo.
2014-11-26 11:12:02.070 4308 INFO keystone.token.persistence.backends.sql [-] Token expiration batch size: 1000
2014-11-26 11:12:02.074 4308 INFO keystone.token.persistence.backends.sql [-] Total expired tokens removed: 0
2014-11-26 11:13:01.634 4337 WARNING keystone.openstack.common.versionutils [-] Deprecated: keystone.token.backends.sql.Token is deprecated as of Juno in favor of keystone.token.persistence.backends.sql.Token and may be removed in Kilo.
2014-11-26 11:13:01.653 4337 INFO keystone.token.persistence.backends.sql [-] Token expiration batch size: 1000
2014-11-26 11:13:01.657 4337 INFO keystone.token.persistence.backends.sql [-] Total expired tokens removed: 0
2014-11-26 11:14:02.218 4366 WARNING keystone.openstack.common.versionutils [-] Deprecated: keystone.token.backends.sql.Token is deprecated as of Juno in favor of keystone.token.persistence.backends.sql.Token and may be removed in Kilo.
2014-11-26 11:14:02.232 4366 INFO keystone.token.persistence.backends.sql [-] Token expiration batch size: 1000
2014-11-26 11:14:02.235 4366 INFO keystone.token.persistence.backends.sql [-] Total expired tokens removed: 0
2014-11-26 11:15:01.836 4396 WARNING keystone.openstack.common.versionutils [-] Deprecated: keystone.token.backends.sql.Token is deprecated as of Juno in favor of keystone.token.persistence.backends.sql.Token and may be removed in Kilo.
2014-11-26 11:15:01.850 4396 INFO keystone.token.persistence.backends.sql [-] Token expiration batch size: 1000
2014-11-26 11:15:01.853 4396 INFO keystone.token.persistence.backends.sql [-] Total expired tokens removed: 0
2014-11-26 11:16:02.387 4426 WARNING keystone.openstack.common.versionutils [-] Deprecated: keystone.token.backends.sql.Token is deprecated as of Juno in favor of keystone.token.persistence.backends.sql.Token and may be removed in Kilo.
2014-11-26 11:16:02.400 4426 INFO keystone.token.persistence.backends.sql [-] Token expiration batch size: 1000
2014-11-26 11:16:02.403 4426 INFO keystone.token.persistence.backends.sql [-] Total expired tokens removed: 0
2014-11-26 11:16:37.605 2611 INFO eventlet.wsgi.server [-] 10.0.1.111 - - [26/Nov/2014 11:16:37] "GET /v3/auth/tokens HTTP/1.1" 200 5469 0.043468
2014-11-26 11:16:37.664 2611 INFO eventlet.wsgi.server [-] 10.0.1.111 - - [26/Nov/2014 11:16:37] "GET /v3/auth/tokens HTTP/1.1" 200 5469 0.041001
2014-11-26 11:17:01.975 4455 WARNING keystone.openstack.common.versionutils [-] Deprecated: keystone.token.backends.sql.Token is deprecated as of Juno in favor of keystone.token.persistence.backends.sql.Token and may be removed in Kilo.
2014-11-26 11:17:01.990 4455 INFO keystone.token.persistence.backends.sql [-] Token expiration batch size: 1000
2014-11-26 11:17:01.993 4455 INFO keystone.token.persistence.backends.sql [-] Total expired tokens removed: 0
2014-11-26 11:17:08.203 2612 INFO eventlet.wsgi.server [-] 10.0.1.111 - - [26/Nov/2014 11:17:08] "GET /v2.0/tokens/c0bf41b2ce2f48f9add2e1b900f2b468 HTTP/1.1" 200 3191 0.013307
2014-11-26 11:17:28.635 2611 INFO eventlet.wsgi.server [-] 10.0.1.111 - - [26/Nov/2014 11:17:28] "GET /v2.0/tokens/c0bf41b2ce2f48f9add2e1b900f2b468 HTTP/1.1" 200 3191 0.011690
2014-11-26 11:18:01.532 4485 WARNING keystone.openstack.common.versionutils [-] Deprecated: keystone.token.backends.sql.Token is deprecated as of Juno in favor of keystone.token.persistence.backends.sql.Token and may be removed in Kilo.
2014-11-26 11:18:01.546 4485 INFO keystone.token.persistence.backends.sql [-] Token expiration batch size: 1000
2014-11-26 11:18:01.549 4485 INFO keystone.token.persistence.backends.sql [-] Total expired tokens removed: 0
2014-11-26 11:19:02.131 4514 WARNING keystone.openstack.common.versionutils [-] Deprecated: keystone.token.backends.sql.Token is deprecated as of Juno in favor of keystone.token.persistence.backends.sql.Token and may be removed in Kilo.
2014-11-26 11:19:02.145 4514 INFO keystone.token.persistence.backends.sql [-] Token expiration batch size: 1000
2014-11-26 11:19:02.148 4514 INFO keystone.token.persistence.backends.sql [-] Total expired tokens removed: 0
2014-11-26 11:20:01.713 4547 WARNING keystone.openstack.common.versionutils [-] Deprecated: keystone.token.backends.sql.Token is deprecated as of Juno in favor of keystone.token.persistence.backends.sql.Token and may be removed in Kilo.
2014-11-26 11:20:01.728 4547 INFO keystone.token.persistence.backends.sql [-] Token expiration batch size: 1000
2014-11-26 11:20:01.732 4547 INFO keystone.token.persistence.backends.sql [-] Total expired tokens removed: 0
2014-11-26 11:21:02.304 4583 WARNING keystone.openstack.common.versionutils [-] Deprecated: keystone.token.backends.sql.Token is deprecated as of Juno in favor of keystone.token.persistence.backends.sql.Token and may be removed in Kilo.
2014-11-26 11:21:02.318 4583 INFO keystone.token.persistence.backends.sql [-] Token expiration batch size: 1000
2014-11-26 11:21:02.321 4583 INFO keystone.token.persistence.backends.sql [-] Total expired tokens removed: 0
2014-11-26 11:21:43.892 2611 INFO eventlet.wsgi.server [-] 10.0.1.111 - - [26/Nov/2014 11:21:43] "GET /v3/auth/tokens HTTP/1.1" 200 5469 0.044812
2014-11-26 11:21:43.966 2611 INFO eventlet.wsgi.server [-] 10.0.1.111 - - [26/Nov/2014 11:21:43] "GET /v3/auth/tokens HTTP/1.1" 200 5469 0.037766
2014-11-26 11:21:54.106 2616 WARNING keystone.common.wsgi [-] You are not authorized to perform the requested action: admin_required
2014-11-26 11:21:54.107 2616 INFO eventlet.wsgi.server [-] 10.0.1.111 - - [26/Nov/2014 11:21:54] "DELETE /v2.0/tokens/c0bf41b2ce2f48f9add2e1b900f2b468 HTTP/1.1" 403 267 0.011542
2014-11-26 11:22:01.853 4614 WARNING keystone.openstack.common.versionutils [-] Deprecated: keystone.token.backends.sql.Token is deprecated as of Juno in favor of keystone.token.persistence.backends.sql.Token and may be removed in Kilo.
2014-11-26 11:22:01.868 4614 INFO keystone.token.persistence.backends.sql [-] Token expiration batch size: 1000
2014-11-26 11:22:01.871 4614 INFO keystone.token.persistence.backends.sql [-] Total expired tokens removed: 0
2014-11-26 11:23:02.440 4644 WARNING keystone.openstack.common.versionutils [-] Deprecated: keystone.token.backends.sql.Token is deprecated as of Juno in favor of keystone.token.persistence.backends.sql.Token and may be removed in Kilo.
2014-11-26 11:23:02.453 4644 INFO keystone.token.persistence.backends.sql [-] Token expiration batch size: 1000
2014-11-26 11:23:02.456 4644 INFO keystone.token.persistence.backends.sql [-] Total expired tokens removed: 0
2014-11-26 11:24:02.017 4682 WARNING keystone.openstack.common.versionutils [-] Deprecated: keystone.token.backends.sql.Token is deprecated as of Juno in favor of keystone.token.persistence.backends.sql.Token and may be removed in Kilo.
2014-11-26 11:24:02.031 4682 INFO keystone.token.persistence.backends.sql [-] Token expiration batch size: 1000
2014-11-26 11:24:02.034 4682 INFO keystone.token.persistence.backends.sql [-] Total expired tokens removed: 0
2014-11-26 11:25:01.612 4707 WARNING keystone.openstack.common.versionutils [-] Deprecated: keystone.token.backends.sql.Token is deprecated as of Juno in favor of keystone.token.persistence.backends.sql.Token and may be removed in Kilo.
2014-11-26 11:25:01.625 4707 INFO keystone.token.persistence.backends.sql [-] Token expiration batch size: 1000
2014-11-26 11:25:01.628 4707 INFO keystone.token.persistence.backends.sql [-] Total expired tokens removed: 0
2014-11-26 11:25:28.229 2616 INFO eventlet.wsgi.server [-] 10.0.1.111 - - [26/Nov/2014 11:25:28] "POST /v2.0/tokens HTTP/1.1" 200 3163 0.064466
2014-11-26 11:25:28.250 2612 INFO eventlet.wsgi.server [-] 10.0.1.111 - - [26/Nov/2014 11:25:28] "GET /v2.0/tokens/21a6e3a8c9b043b1b56d0db46f98638e HTTP/1.1" 200 3163 0.009550
2014-11-26 11:25:34.954 2616 INFO eventlet.wsgi.server [-] 10.0.1.111 - - [26/Nov/2014 11:25:34] "POST /v2.0/tokens HTTP/1.1" 200 3163 0.063737
2014-11-26 11:25:34.973 2612 INFO eventlet.wsgi.server [-] 10.0.1.111 - - [26/Nov/2014 11:25:34] "GET /v2.0/tokens/cb46b69565bc4b73b703594d1975e229 HTTP/1.1" 200 3163 0.008498
2014-11-26 11:25:40.191 2616 INFO eventlet.wsgi.server [-] 10.0.1.111 - - [26/Nov/2014 11:25:40] "POST /v2.0/tokens HTTP/1.1" 200 3163 0.060021
2014-11-26 11:25:40.214 2611 INFO eventlet.wsgi.server [-] 10.0.1.111 - - [26/Nov/2014 11:25:40] "GET /v2.0/tokens/0f39063cca4041a996c6e8b3c6820a50 HTTP/1.1" 200 3163 0.011300
2014-11-26 11:26:02.174 4767 WARNING keystone.openstack.common.versionutils [-] Deprecated: keystone.token.backends.sql.Token is deprecated as of Juno in favor of keystone.token.persistence.backends.sql.Token and may be removed in Kilo.
2014-11-26 11:26:02.188 4767 INFO keystone.token.persistence.backends.sql [-] Token expiration batch size: 1000
2014-11-26 11:26:02.191 4767 INFO keystone.token.persistence.backends.sql [-] Total expired tokens removed: 0
2014-11-26 11:26:04.799 2616 INFO eventlet.wsgi.server [-] 10.0.1.111 - - [26/Nov/2014 11:26:04] "POST /v2.0/tokens HTTP/1.1" 200 3163 0.101592
2014-11-26 11:26:04.820 2611 INFO eventlet.wsgi.server [-] 10.0.1.111 - - [26/Nov/2014 11:26:04] "GET /v2.0/tokens/317bab58d2264b25b62e13565b321089 HTTP/1.1" 200 3163 0.009344
2014-11-26 11:26:09.052 2617 INFO eventlet.wsgi.server [-] 10.0.1.111 - - [26/Nov/2014 11:26:09] "POST /v2.0/tokens HTTP/1.1" 200 3163 0.105062
2014-11-26 11:26:09.074 2611 INFO eventlet.wsgi.server [-] 10.0.1.111 - - [26/Nov/2014 11:26:09] "GET /v2.0/tokens/99424e0b57b046beb1eac70299081fdd HTTP/1.1" 200 3163 0.009288
2014-11-26 11:27:01.786 4828 WARNING keystone.openstack.common.versionutils [-] Deprecated: keystone.token.backends.sql.Token is deprecated as of Juno in favor of keystone.token.persistence.backends.sql.Token and may be removed in Kilo.
2014-11-26 11:27:01.800 4828 INFO keystone.token.persistence.backends.sql [-] Token expiration batch size: 1000
2014-11-26 11:27:01.803 4828 INFO keystone.token.persistence.backends.sql [-] Total expired tokens removed: 0
2014-11-26 11:28:02.349 4865 WARNING keystone.openstack.common.versionutils [-] Deprecated: keystone.token.backends.sql.Token is deprecated as of Juno in favor of keystone.token.persistence.backends.sql.Token and may be removed in Kilo.
2014-11-26 11:28:02.363 4865 INFO keystone.token.persistence.backends.sql [-] Token expiration batch size: 1000
2014-11-26 11:28:02.366 4865 INFO keystone.token.persistence.backends.sql [-] Total expired tokens removed: 0
2014-11-26 11:29:01.933 4902 WARNING keystone.openstack.common.versionutils [-] Deprecated: keystone.token.backends.sql.Token is deprecated as of Juno in favor of keystone.token.persistence.backends.sql.Token and may be removed in Kilo.
2014-11-26 11:29:01.947 4902 INFO keystone.token.persistence.backends.sql [-] Token expiration batch size: 1000
2014-11-26 11:29:01.950 4902 INFO keystone.token.persistence.backends.sql [-] Total expired tokens removed: 0
2014-11-26 11:30:02.542 4943 WARNING keystone.openstack.common.versionutils [-] Deprecated: keystone.token.backends.sql.Token is deprecated as of Juno in favor of keystone.token.persistence.backends.sql.Token and may be removed in Kilo.
2014-11-26 11:30:02.564 4943 INFO keystone.token.persistence.backends.sql [-] Token expiration batch size: 1000
2014-11-26 11:30:02.569 4943 INFO keystone.token.persistence.backends.sql [-] Total expired tokens removed: 0
2014-11-26 11:31:02.120 4985 WARNING keystone.openstack.common.versionutils [-] Deprecated: keystone.token.backends.sql.Token is deprecated as of Juno in favor of keystone.token.persistence.backends.sql.Token and may be removed in Kilo.
2014-11-26 11:31:02.136 4985 INFO keystone.token.persistence.backends.sql [-] Token expiration batch size: 1000
2014-11-26 11:31:02.138 4985 INFO keystone.token.persistence.backends.sql [-] Total expired tokens removed: 0
2014-11-26 11:31:53.699 2617 INFO eventlet.wsgi.server [-] 10.0.1.111 - - [26/Nov/2014 11:31:53] "GET /v2.0/ HTTP/1.1" 200 549 0.001245
2014-11-26 11:31:53.774 2617 INFO eventlet.wsgi.server [-] 10.0.1.111 - - [26/Nov/2014 11:31:53] "POST /v2.0/tokens HTTP/1.1" 200 3165 0.063257
2014-11-26 11:31:53.816 2611 INFO eventlet.wsgi.server [-] 10.0.1.111 - - [26/Nov/2014 11:31:53] "GET /v3/auth/tokens HTTP/1.1" 200 5443 0.035146
2014-11-26 11:31:54.308 2617 INFO eventlet.wsgi.server [-] 10.0.1.111 - - [26/Nov/2014 11:31:54] "POST /v2.0/tokens HTTP/1.1" 200 3165 0.061098
2014-11-26 11:31:54.328 2612 INFO eventlet.wsgi.server [-] 10.0.1.111 - - [26/Nov/2014 11:31:54] "GET /v2.0/tokens/e4178661e7f8412dbc88b4a20cb5729f HTTP/1.1" 200 3165 0.008961
2014-11-26 11:31:54.356 2611 INFO eventlet.wsgi.server [-] 10.0.1.111 - - [26/Nov/2014 11:31:54] "GET / HTTP/1.1" 300 900 0.000784
2014-11-26 11:31:54.430 2611 INFO eventlet.wsgi.server [-] 10.0.1.111 - - [26/Nov/2014 11:31:54] "POST /v2.0/tokens HTTP/1.1" 200 3189 0.066046
2014-11-26 11:31:54.467 2611 INFO eventlet.wsgi.server [-] 10.0.1.111 - - [26/Nov/2014 11:31:54] "GET /v3/auth/tokens HTTP/1.1" 200 5443 0.034594
2014-11-26 11:31:54.489 2612 INFO eventlet.wsgi.server [-] 10.0.1.111 - - [26/Nov/2014 11:31:54] "GET / HTTP/1.1" 300 900 0.000756
2014-11-26 11:31:54.563 2612 INFO eventlet.wsgi.server [-] 10.0.1.111 - - [26/Nov/2014 11:31:54] "POST /v2.0/tokens HTTP/1.1" 200 3189 0.064928
2014-11-26 11:31:54.625 2612 INFO eventlet.wsgi.server [-] 10.0.1.111 - - [26/Nov/2014 11:31:54] "GET /v3/auth/tokens HTTP/1.1" 200 5443 0.059903
2014-11-26 11:31:54.740 2611 INFO eventlet.wsgi.server [-] 10.0.1.111 - - [26/Nov/2014 11:31:54] "GET /v2.0/tokens/e4178661e7f8412dbc88b4a20cb5729f HTTP/1.1" 200 3165 0.008416
2014-11-26 11:31:54.764 2612 INFO eventlet.wsgi.server [-] 10.0.1.111 - - [26/Nov/2014 11:31:54] "GET / HTTP/1.1" 300 900 0.000777
2014-11-26 11:31:54.838 2612 INFO eventlet.wsgi.server [-] 10.0.1.111 - - [26/Nov/2014 11:31:54] "POST /v2.0/tokens HTTP/1.1" 200 3189 0.066003
2014-11-26 11:31:54.914 2612 INFO eventlet.wsgi.server [-] 10.0.1.111 - - [26/Nov/2014 11:31:54] "GET /v3/auth/tokens HTTP/1.1" 200 5443 0.073907
2014-11-26 11:31:54.934 2611 INFO eventlet.wsgi.server [-] 10.0.1.111 - - [26/Nov/2014 11:31:54] "GET / HTTP/1.1" 300 900 0.000975
2014-11-26 11:31:55.007 2611 INFO eventlet.wsgi.server [-] 10.0.1.111 - - [26/Nov/2014 11:31:55] "POST /v2.0/tokens HTTP/1.1" 200 3189 0.063207
2014-11-26 11:31:55.045 2611 INFO eventlet.wsgi.server [-] 10.0.1.111 - - [26/Nov/2014 11:31:55] "GET /v3/auth/tokens HTTP/1.1" 200 5443 0.035780
2014-11-26 11:31:55.287 2611 INFO eventlet.wsgi.server [-] 10.0.1.111 - - [26/Nov/2014 11:31:55] "GET /v3/auth/tokens HTTP/1.1" 200 5443 0.034478
2014-11-26 11:32:01.710 5056 WARNING keystone.openstack.common.versionutils [-] Deprecated: keystone.token.backends.sql.Token is deprecated as of Juno in favor of keystone.token.persistence.backends.sql.Token and may be removed in Kilo.
2014-11-26 11:32:01.725 5056 INFO keystone.token.persistence.backends.sql [-] Token expiration batch size: 1000
2014-11-26 11:32:01.728 5056 INFO keystone.token.persistence.backends.sql [-] Total expired tokens removed: 0
2014-11-26 11:32:15.139 2617 INFO eventlet.wsgi.server [-] 10.0.1.111 - - [26/Nov/2014 11:32:15] "POST /v2.0/tokens HTTP/1.1" 200 3163 0.063858
2014-11-26 11:32:15.159 2612 INFO eventlet.wsgi.server [-] 10.0.1.111 - - [26/Nov/2014 11:32:15] "GET /v2.0/tokens/a38fb09ffa0a4c22b63cd6610868737c HTTP/1.1" 200 3163 0.008785
2014-11-26 11:33:02.289 5103 WARNING keystone.openstack.common.versionutils [-] Deprecated: keystone.token.backends.sql.Token is deprecated as of Juno in favor of keystone.token.persistence.backends.sql.Token and may be removed in Kilo.
2014-11-26 11:33:02.304 5103 INFO keystone.token.persistence.backends.sql [-] Token expiration batch size: 1000
2014-11-26 11:33:02.307 5103 INFO keystone.token.persistence.backends.sql [-] Total expired tokens removed: 0
2014-11-26 11:34:01.879 5133 WARNING keystone.openstack.common.versionutils [-] Deprecated: keystone.token.backends.sql.Token is deprecated as of Juno in favor of keystone.token.persistence.backends.sql.Token and may be removed in Kilo.
2014-11-26 11:34:01.894 5133 INFO keystone.token.persistence.backends.sql [-] Token expiration batch size: 1000
2014-11-26 11:34:01.897 5133 INFO keystone.token.persistence.backends.sql [-] Total expired tokens removed: 0
2014-11-26 11:34:07.219 2616 INFO eventlet.wsgi.server [-] 10.0.1.111 - - [26/Nov/2014 11:34:07] "POST /v2.0/tokens HTTP/1.1" 200 3165 0.069210
2014-11-26 11:34:07.239 2612 INFO eventlet.wsgi.server [-] 10.0.1.111 - - [26/Nov/2014 11:34:07] "GET /v2.0/tokens/150d1ed2067847d09780f4b29e009a84 HTTP/1.1" 200 3165 0.009137
2014-11-26 11:34:14.973 2617 INFO eventlet.wsgi.server [-] 10.0.1.111 - - [26/Nov/2014 11:34:14] "POST /v2.0/tokens HTTP/1.1" 200 3163 0.066284
2014-11-26 11:34:14.994 2611 INFO eventlet.wsgi.server [-] 10.0.1.111 - - [26/Nov/2014 11:34:14] "GET /v2.0/tokens/648ddf89ee7a43a99cbec2fafb5bd474 HTTP/1.1" 200 3163 0.010259
2014-11-26 11:34:27.407 2617 INFO eventlet.wsgi.server [-] 10.0.1.111 - - [26/Nov/2014 11:34:27] "POST /v2.0/tokens HTTP/1.1" 200 3165 0.079640
2014-11-26 11:34:27.428 2612 INFO eventlet.wsgi.server [-] 10.0.1.111 - - [26/Nov/2014 11:34:27] "GET /v2.0/tokens/a467354eaf2d480d9b99577f73501a24 HTTP/1.1" 200 3165 0.008927
2014-11-26 11:34:38.860 2616 INFO eventlet.wsgi.server [-] 10.0.1.111 - - [26/Nov/2014 11:34:38] "POST /v2.0/tokens HTTP/1.1" 200 3163 0.065146
2014-11-26 11:34:38.885 2612 INFO eventlet.wsgi.server [-] 10.0.1.111 - - [26/Nov/2014 11:34:38] "GET /v2.0/tokens/2f867da3e4d24fdbae95429f5c9da0c5 HTTP/1.1" 200 3163 0.010459
2014-11-26 11:35:02.433 5204 WARNING keystone.openstack.common.versionutils [-] Deprecated: keystone.token.backends.sql.Token is deprecated as of Juno in favor of keystone.token.persistence.backends.sql.Token and may be removed in Kilo.
2014-11-26 11:35:02.451 5204 INFO keystone.token.persistence.backends.sql [-] Token expiration batch size: 1000
2014-11-26 11:35:02.454 5204 INFO keystone.token.persistence.backends.sql [-] Total expired tokens removed: 0
2014-11-26 11:35:07.600 2617 INFO eventlet.wsgi.server [-] 10.0.1.111 - - [26/Nov/2014 11:35:07] "POST /v2.0/tokens HTTP/1.1" 200 3165 0.066874
2014-11-26 11:35:07.624 2611 INFO eventlet.wsgi.server [-] 10.0.1.111 - - [26/Nov/2014 11:35:07] "GET /v2.0/tokens/40e973d2e8a94fcfb3c58a36358639e4 HTTP/1.1" 200 3165 0.008588
2014-11-26 11:35:27.661 2617 INFO eventlet.wsgi.server [-] 10.0.1.111 - - [26/Nov/2014 11:35:27] "POST /v2.0/tokens HTTP/1.1" 200 3165 0.067716
2014-11-26 11:35:27.682 2612 INFO eventlet.wsgi.server [-] 10.0.1.111 - - [26/Nov/2014 11:35:27] "GET /v2.0/tokens/c51828ffc01d47879cdce294d943bf37 HTTP/1.1" 200 3165 0.009987
2014-11-26 11:35:27.704 2611 INFO eventlet.wsgi.server [-] 10.0.1.111 - - [26/Nov/2014 11:35:27] "GET /v2.0/tokens/c51828ffc01d47879cdce294d943bf37 HTTP/1.1" 200 3165 0.010347
2014-11-26 11:35:35.755 2616 INFO eventlet.wsgi.server [-] 10.0.1.111 - - [26/Nov/2014 11:35:35] "POST /v2.0/tokens HTTP/1.1" 200 3163 0.060515
2014-11-26 11:35:35.775 2611 INFO eventlet.wsgi.server [-] 10.0.1.111 - - [26/Nov/2014 11:35:35] "GET /v2.0/tokens/80d39bb8d2fa43b28863c0f2bfd7f5e8 HTTP/1.1" 200 3163 0.010103
2014-11-26 11:35:39.396 2617 INFO eventlet.wsgi.server [-] 10.0.1.111 - - [26/Nov/2014 11:35:39] "POST /v2.0/tokens HTTP/1.1" 200 3165 0.064966
2014-11-26 11:35:39.417 2611 INFO eventlet.wsgi.server [-] 10.0.1.111 - - [26/Nov/2014 11:35:39] "GET /v2.0/tokens/ce9d3f23202d496699b903ee93977c07 HTTP/1.1" 200 3165 0.009855
2014-11-26 11:35:39.948 2616 INFO eventlet.wsgi.server [-] 10.0.1.111 - - [26/Nov/2014 11:35:39] "POST /v2.0/tokens HTTP/1.1" 200 3165 0.063015
2014-11-26 11:35:39.968 2611 INFO eventlet.wsgi.server [-] 10.0.1.111 - - [26/Nov/2014 11:35:39] "GET /v2.0/tokens/f3cfb7dabdeb4465bb9b729ea75f06ef HTTP/1.1" 200 3165 0.009017
2014-11-26 11:35:58.806 2617 INFO eventlet.wsgi.server [-] 10.0.1.111 - - [26/Nov/2014 11:35:58] "GET /v2.0/ HTTP/1.1" 200 549 0.001900
2014-11-26 11:35:58.901 2617 INFO eventlet.wsgi.server [-] 10.0.1.111 - - [26/Nov/2014 11:35:58] "POST /v2.0/tokens HTTP/1.1" 200 3165 0.078148
2014-11-26 11:35:58.945 2611 INFO eventlet.wsgi.server [-] 10.0.1.111 - - [26/Nov/2014 11:35:58] "GET /v3/auth/tokens HTTP/1.1" 200 5443 0.038464
2014-11-26 11:35:59.452 2617 INFO eventlet.wsgi.server [-] 10.0.1.111 - - [26/Nov/2014 11:35:59] "POST /v2.0/tokens HTTP/1.1" 200 3165 0.062052
2014-11-26 11:35:59.471 2612 INFO eventlet.wsgi.server [-] 10.0.1.111 - - [26/Nov/2014 11:35:59] "GET /v2.0/tokens/2b0b29f391b44dd281f443241c501e80 HTTP/1.1" 200 3165 0.008140
2014-11-26 11:35:59.514 2611 INFO eventlet.wsgi.server [-] 10.0.1.111 - - [26/Nov/2014 11:35:59] "GET /v3/auth/tokens HTTP/1.1" 200 5443 0.035630
2014-11-26 11:35:59.555 2612 INFO eventlet.wsgi.server [-] 10.0.1.111 - - [26/Nov/2014 11:35:59] "GET /v3/auth/tokens HTTP/1.1" 200 5443 0.034531
2014-11-26 11:35:59.643 2611 INFO eventlet.wsgi.server [-] 10.0.1.111 - - [26/Nov/2014 11:35:59] "GET /v3/auth/tokens HTTP/1.1" 200 5443 0.037066
2014-11-26 11:35:59.672 2611 INFO eventlet.wsgi.server [-] 10.0.1.111 - - [26/Nov/2014 11:35:59] "GET /v2.0/tokens/2b0b29f391b44dd281f443241c501e80 HTTP/1.1" 200 3165 0.009445
2014-11-26 11:35:59.949 2611 INFO eventlet.wsgi.server [-] 10.0.1.111 - - [26/Nov/2014 11:35:59] "GET /v3/auth/tokens HTTP/1.1" 200 5443 0.036473
2014-11-26 11:36:00.006 2611 INFO eventlet.wsgi.server [-] 10.0.1.111 - - [26/Nov/2014 11:36:00] "GET /v3/auth/tokens HTTP/1.1" 200 5443 0.038066
2014-11-26 11:36:00.315 2612 INFO eventlet.wsgi.server [-] 10.0.1.111 - - [26/Nov/2014 11:36:00] "GET /v3/auth/tokens HTTP/1.1" 200 5443 0.046706
2014-11-26 11:36:00.712 2612 INFO eventlet.wsgi.server [-] 10.0.1.131 - - [26/Nov/2014 11:36:00] "POST /v2.0/tokens HTTP/1.1" 200 3191 0.076062
2014-11-26 11:36:00.774 2611 INFO eventlet.wsgi.server [-] 10.0.1.111 - - [26/Nov/2014 11:36:00] "GET /v3/auth/tokens HTTP/1.1" 200 5447 0.041131
2014-11-26 11:36:01.157 2611 INFO eventlet.wsgi.server [-] 10.0.1.111 - - [26/Nov/2014 11:36:01] "GET /v3/auth/tokens HTTP/1.1" 200 5447 0.048242
2014-11-26 11:36:02.155 5313 WARNING keystone.openstack.common.versionutils [-] Deprecated: keystone.token.backends.sql.Token is deprecated as of Juno in favor of keystone.token.persistence.backends.sql.Token and may be removed in Kilo.
2014-11-26 11:36:02.171 5313 INFO keystone.token.persistence.backends.sql [-] Token expiration batch size: 1000
2014-11-26 11:36:02.174 5313 INFO keystone.token.persistence.backends.sql [-] Total expired tokens removed: 0
2014-11-26 11:36:24.305 2616 INFO eventlet.wsgi.server [-] 10.0.1.111 - - [26/Nov/2014 11:36:24] "POST /v2.0/tokens HTTP/1.1" 200 497 0.049217
2014-11-26 11:36:24.324 2617 INFO eventlet.wsgi.server [-] 10.0.1.111 - - [26/Nov/2014 11:36:24] "GET /v2.0/tenants HTTP/1.1" 200 273 0.015600
2014-11-26 11:36:24.369 2616 INFO eventlet.wsgi.server [-] 10.0.1.111 - - [26/Nov/2014 11:36:24] "POST /v2.0/tokens HTTP/1.1" 200 3191 0.041824
2014-11-26 11:36:24.390 2611 INFO eventlet.wsgi.server [-] 10.0.1.111 - - [26/Nov/2014 11:36:24] "GET /v2.0/tokens/c3f60c2a8b0f4507b25448f47098fa11 HTTP/1.1" 200 3191 0.009111
2014-11-26 11:36:24.476 2611 INFO eventlet.wsgi.server [-] 10.0.1.111 - - [26/Nov/2014 11:36:24] "GET /v3/auth/tokens HTTP/1.1" 200 5469 0.038714
2014-11-26 11:36:24.565 2611 INFO eventlet.wsgi.server [-] 10.0.1.111 - - [26/Nov/2014 11:36:24] "GET /v3/auth/tokens HTTP/1.1" 200 5469 0.037289
2014-11-26 11:36:24.754 2611 INFO eventlet.wsgi.server [-] 10.0.1.111 - - [26/Nov/2014 11:36:24] "GET /v3/auth/tokens HTTP/1.1" 200 5469 0.052721
2014-11-26 11:36:24.838 2612 INFO eventlet.wsgi.server [-] 10.0.1.111 - - [26/Nov/2014 11:36:24] "GET /v3/auth/tokens HTTP/1.1" 200 5469 0.056764
2014-11-26 11:36:24.936 2617 INFO eventlet.wsgi.server [-] 10.0.1.111 - - [26/Nov/2014 11:36:24] "POST /v2.0/tokens HTTP/1.1" 200 523 0.022811
2014-11-26 11:36:24.964 2616 INFO eventlet.wsgi.server [-] 10.0.1.111 - - [26/Nov/2014 11:36:24] "GET /v2.0/tenants HTTP/1.1" 200 273 0.023112
2014-11-26 11:36:25.090 2612 INFO eventlet.wsgi.server [-] 10.0.1.111 - - [26/Nov/2014 11:36:25] "GET /v2.0/tokens/c3f60c2a8b0f4507b25448f47098fa11 HTTP/1.1" 200 3191 0.010389
2014-11-26 11:36:25.641 2617 INFO eventlet.wsgi.server [-] 10.0.1.111 - - [26/Nov/2014 11:36:25] "POST /v2.0/tokens HTTP/1.1" 200 523 0.028295
2014-11-26 11:36:25.661 2616 INFO eventlet.wsgi.server [-] 10.0.1.111 - - [26/Nov/2014 11:36:25] "GET /v2.0/tenants HTTP/1.1" 200 273 0.016365
2014-11-26 11:36:28.363 2612 INFO eventlet.wsgi.server [-] 10.0.1.111 - - [26/Nov/2014 11:36:28] "GET /v3/auth/tokens HTTP/1.1" 200 5469 0.053820
2014-11-26 11:36:28.430 2611 INFO eventlet.wsgi.server [-] 10.0.1.111 - - [26/Nov/2014 11:36:28] "GET /v3/auth/tokens HTTP/1.1" 200 5469 0.060671
2014-11-26 11:36:28.522 2616 INFO eventlet.wsgi.server [-] 10.0.1.111 - - [26/Nov/2014 11:36:28] "POST /v2.0/tokens HTTP/1.1" 200 523 0.025508
2014-11-26 11:36:28.546 2617 INFO eventlet.wsgi.server [-] 10.0.1.111 - - [26/Nov/2014 11:36:28] "GET /v2.0/tenants HTTP/1.1" 200 273 0.019705
2014-11-26 11:37:01.721 5343 WARNING keystone.openstack.common.versionutils [-] Deprecated: keystone.token.backends.sql.Token is deprecated as of Juno in favor of keystone.token.persistence.backends.sql.Token and may be removed in Kilo.
2014-11-26 11:37:01.736 5343 INFO keystone.token.persistence.backends.sql [-] Token expiration batch size: 1000
2014-11-26 11:37:01.739 5343 INFO keystone.token.persistence.backends.sql [-] Total expired tokens removed: 0
2014-11-26 11:37:44.954 2612 INFO eventlet.wsgi.server [-] 10.0.1.111 - - [26/Nov/2014 11:37:44] "POST /v2.0/tokens HTTP/1.1" 200 3185 0.109853
2014-11-26 11:37:44.973 2612 INFO eventlet.wsgi.server [-] 10.0.1.111 - - [26/Nov/2014 11:37:44] "GET /v2.0/tokens/9b1c022cdbaa43bdaef599b7fcb05652 HTTP/1.1" 200 3185 0.008519
2014-11-26 11:37:50.205 2617 INFO eventlet.wsgi.server [-] 10.0.1.111 - - [26/Nov/2014 11:37:50] "POST /v2.0/tokens HTTP/1.1" 200 3163 0.087515
2014-11-26 11:37:50.226 2612 INFO eventlet.wsgi.server [-] 10.0.1.111 - - [26/Nov/2014 11:37:50] "GET /v2.0/tokens/6181298f7ce14350b8ff8a81095f49d3 HTTP/1.1" 200 3163 0.009047
