2014-11-28 23:20:46.709 8556 INFO migrate.versioning.api [-] 33 -> 34... 
2014-11-28 23:20:47.075 8556 INFO migrate.versioning.api [-] done
2014-11-28 23:20:47.075 8556 INFO migrate.versioning.api [-] 34 -> 35... 
2014-11-28 23:20:47.096 8556 INFO migrate.versioning.api [-] done
2014-11-28 23:20:47.096 8556 INFO migrate.versioning.api [-] 35 -> 36... 
2014-11-28 23:20:47.110 8556 INFO migrate.versioning.api [-] done
2014-11-28 23:20:47.110 8556 INFO migrate.versioning.api [-] 36 -> 37... 
2014-11-28 23:20:47.121 8556 INFO migrate.versioning.api [-] done
2014-11-28 23:20:47.121 8556 INFO migrate.versioning.api [-] 37 -> 38... 
2014-11-28 23:20:47.144 8556 INFO migrate.versioning.api [-] done
2014-11-28 23:20:47.144 8556 INFO migrate.versioning.api [-] 38 -> 39... 
2014-11-28 23:20:47.171 8556 INFO migrate.versioning.api [-] done
2014-11-28 23:20:47.172 8556 INFO migrate.versioning.api [-] 39 -> 40... 
2014-11-28 23:20:47.199 8556 INFO migrate.versioning.api [-] done
2014-11-28 23:20:47.199 8556 INFO migrate.versioning.api [-] 40 -> 41... 
2014-11-28 23:20:47.214 8556 INFO migrate.versioning.api [-] done
2014-11-28 23:20:47.214 8556 INFO migrate.versioning.api [-] 41 -> 42... 
2014-11-28 23:20:47.233 8556 INFO migrate.versioning.api [-] done
2014-11-28 23:20:47.233 8556 INFO migrate.versioning.api [-] 42 -> 43... 
2014-11-28 23:20:47.239 8556 INFO migrate.versioning.api [-] done
2014-11-28 23:20:47.239 8556 INFO migrate.versioning.api [-] 43 -> 44... 
2014-11-28 23:20:47.256 8556 INFO migrate.versioning.api [-] done
2014-11-28 23:20:47.256 8556 INFO migrate.versioning.api [-] 44 -> 45... 
2014-11-28 23:20:47.260 8556 INFO migrate.versioning.api [-] done
2014-11-28 23:20:47.260 8556 INFO migrate.versioning.api [-] 45 -> 46... 
2014-11-28 23:20:47.264 8556 INFO migrate.versioning.api [-] done
2014-11-28 23:20:47.264 8556 INFO migrate.versioning.api [-] 46 -> 47... 
2014-11-28 23:20:47.268 8556 INFO migrate.versioning.api [-] done
2014-11-28 23:20:47.268 8556 INFO migrate.versioning.api [-] 47 -> 48... 
2014-11-28 23:20:47.272 8556 INFO migrate.versioning.api [-] done
2014-11-28 23:20:47.272 8556 INFO migrate.versioning.api [-] 48 -> 49... 
2014-11-28 23:20:47.276 8556 INFO migrate.versioning.api [-] done
2014-11-28 23:20:47.276 8556 INFO migrate.versioning.api [-] 49 -> 50... 
2014-11-28 23:20:47.330 8556 INFO migrate.versioning.api [-] done
2014-11-28 23:20:47.330 8556 INFO migrate.versioning.api [-] 50 -> 51... 
2014-11-28 23:20:47.353 8556 INFO migrate.versioning.api [-] done
2014-11-28 23:20:47.353 8556 INFO migrate.versioning.api [-] 51 -> 52... 
2014-11-28 23:20:47.368 8556 INFO migrate.versioning.api [-] done
2014-11-28 23:20:47.368 8556 INFO migrate.versioning.api [-] 52 -> 53... 
2014-11-28 23:20:47.426 8556 INFO migrate.versioning.api [-] done
2014-11-28 23:20:47.426 8556 INFO migrate.versioning.api [-] 53 -> 54... 
2014-11-28 23:20:47.454 8556 INFO migrate.versioning.api [-] done
2014-11-28 23:20:47.454 8556 INFO migrate.versioning.api [-] 54 -> 55... 
2014-11-28 23:20:47.487 8556 INFO migrate.versioning.api [-] done
2014-11-28 23:20:47.507 8556 INFO migrate.versioning.api [-] 0 -> 1... 
2014-11-28 23:20:47.533 8556 INFO migrate.versioning.api [-] done
2014-11-28 23:20:47.533 8556 INFO migrate.versioning.api [-] 1 -> 2... 
2014-11-28 23:20:47.580 8556 INFO migrate.versioning.api [-] done
2014-11-28 23:20:48.015 8577 WARNING keystone.cli [-] keystone-manage pki_setup is not recommended for production use.
2014-11-28 23:20:48.026 8577 INFO keystone.common.openssl [-] Running command - openssl genrsa -out /etc/keystone/ssl/private/cakey.pem 2048
2014-11-28 23:20:48.192 8577 INFO keystone.common.openssl [-] Running command - openssl req -new -x509 -extensions v3_ca -key /etc/keystone/ssl/private/cakey.pem -out /etc/keystone/ssl/certs/ca.pem -days 3650 -config /etc/keystone/ssl/certs/openssl.conf -subj /C=US/ST=Unset/L=Unset/O=Unset/CN=www.example.com
2014-11-28 23:20:48.204 8577 INFO keystone.common.openssl [-] Running command - openssl genrsa -out /etc/keystone/ssl/private/signing_key.pem 2048
2014-11-28 23:20:48.294 8577 INFO keystone.common.openssl [-] Running command - openssl req -key /etc/keystone/ssl/private/signing_key.pem -new -out /etc/keystone/ssl/certs/req.pem -config /etc/keystone/ssl/certs/openssl.conf -subj /C=US/ST=Unset/L=Unset/O=Unset/CN=www.example.com
2014-11-28 23:20:48.302 8577 INFO keystone.common.openssl [-] Running command - openssl ca -batch -out /etc/keystone/ssl/certs/signing_cert.pem -config /etc/keystone/ssl/certs/openssl.conf -days 3650d -cert /etc/keystone/ssl/certs/ca.pem -keyfile /etc/keystone/ssl/private/cakey.pem -infiles /etc/keystone/ssl/certs/req.pem
2014-11-28 23:20:48.924 8601 WARNING keystone.openstack.common.versionutils [-] Deprecated: keystone.middleware.core.XmlBodyMiddleware is deprecated as of Icehouse in favor of support for "application/json" only and may be removed in Kilo.
2014-11-28 23:20:48.980 8601 WARNING keystone.openstack.common.versionutils [-] Deprecated: keystone.contrib.revoke.backends.kvs is deprecated as of Juno in favor of keystone.contrib.revoke.backends.sql and may be removed in Kilo.
2014-11-28 23:20:48.981 8601 INFO keystone.common.kvs.core [-] Using default dogpile sha1_mangle_key as KVS region os-revoke-driver key_mangler
2014-11-28 23:20:48.983 8601 INFO keystone.common.environment.eventlet_server [-] Starting /usr/bin/keystone-all on 0.0.0.0:35357
2014-11-28 23:20:48.984 8601 INFO keystone.openstack.common.service [-] Starting 2 workers
2014-11-28 23:20:48.985 8601 INFO keystone.openstack.common.service [-] Started child 8610
2014-11-28 23:20:48.988 8610 INFO eventlet.wsgi.server [-] (8610) wsgi starting up on http://0.0.0.0:35357/
2014-11-28 23:20:48.988 8601 INFO keystone.openstack.common.service [-] Started child 8611
2014-11-28 23:20:48.989 8601 INFO keystone.common.environment.eventlet_server [-] Starting /usr/bin/keystone-all on 0.0.0.0:5000
2014-11-28 23:20:48.989 8601 INFO keystone.openstack.common.service [-] Starting 2 workers
2014-11-28 23:20:48.991 8611 INFO eventlet.wsgi.server [-] (8611) wsgi starting up on http://0.0.0.0:35357/
2014-11-28 23:20:48.992 8601 INFO keystone.openstack.common.service [-] Started child 8612
2014-11-28 23:20:48.997 8612 INFO eventlet.wsgi.server [-] (8612) wsgi starting up on http://0.0.0.0:5000/
2014-11-28 23:20:48.997 8601 INFO keystone.openstack.common.service [-] Started child 8613
2014-11-28 23:20:49.002 8613 INFO eventlet.wsgi.server [-] (8613) wsgi starting up on http://0.0.0.0:5000/
2014-11-28 23:20:49.384 8610 INFO eventlet.wsgi.server [-] 127.0.0.1 - - [28/Nov/2014 23:20:49] "GET /v2.0/OS-KSADM/services HTTP/1.1" 200 153 0.082224
2014-11-28 23:20:49.677 8610 INFO eventlet.wsgi.server [-] 127.0.0.1 - - [28/Nov/2014 23:20:49] "POST /v2.0/OS-KSADM/services HTTP/1.1" 200 293 0.011144
2014-11-28 23:20:49.968 8611 INFO eventlet.wsgi.server [-] 127.0.0.1 - - [28/Nov/2014 23:20:49] "POST /v2.0/OS-KSADM/services HTTP/1.1" 200 297 0.067754
2014-11-28 23:20:50.201 8611 INFO eventlet.wsgi.server [-] 127.0.0.1 - - [28/Nov/2014 23:20:50] "GET /v2.0/tenants HTTP/1.1" 200 164 0.009112
2014-11-28 23:20:50.466 8611 INFO eventlet.wsgi.server [-] 127.0.0.1 - - [28/Nov/2014 23:20:50] "POST /v2.0/tenants HTTP/1.1" 200 248 0.044495
2014-11-28 23:20:50.747 8610 INFO eventlet.wsgi.server [-] 127.0.0.1 - - [28/Nov/2014 23:20:50] "GET /v2.0/OS-KSADM/roles HTTP/1.1" 200 141 0.005644
2014-11-28 23:20:51.076 8610 INFO eventlet.wsgi.server [-] 127.0.0.1 - - [28/Nov/2014 23:20:51] "POST /v2.0/OS-KSADM/roles HTTP/1.1" 200 205 0.037102
2014-11-28 23:20:51.309 8611 INFO eventlet.wsgi.server [-] 127.0.0.1 - - [28/Nov/2014 23:20:51] "POST /v2.0/OS-KSADM/services HTTP/1.1" 200 275 0.005455
2014-11-28 23:20:51.565 8611 INFO eventlet.wsgi.server [-] 127.0.0.1 - - [28/Nov/2014 23:20:51] "POST /v2.0/OS-KSADM/services HTTP/1.1" 200 286 0.006218
2014-11-28 23:20:51.800 8611 INFO eventlet.wsgi.server [-] 127.0.0.1 - - [28/Nov/2014 23:20:51] "POST /v2.0/OS-KSADM/roles HTTP/1.1" 200 205 0.006765
2014-11-28 23:20:52.026 8611 INFO eventlet.wsgi.server [-] 127.0.0.1 - - [28/Nov/2014 23:20:52] "POST /v2.0/OS-KSADM/services HTTP/1.1" 200 296 0.005311
2014-11-28 23:20:52.299 8611 INFO eventlet.wsgi.server [-] 127.0.0.1 - - [28/Nov/2014 23:20:52] "POST /v2.0/OS-KSADM/services HTTP/1.1" 200 301 0.009577
2014-11-28 23:20:52.601 8611 INFO eventlet.wsgi.server [-] 127.0.0.1 - - [28/Nov/2014 23:20:52] "GET /v2.0/endpoints HTTP/1.1" 200 145 0.003847
2014-11-28 23:20:52.888 8611 INFO eventlet.wsgi.server [-] 127.0.0.1 - - [28/Nov/2014 23:20:52] "GET /v2.0/OS-KSADM/services HTTP/1.1" 200 1006 0.003746
2014-11-28 23:20:53.133 8611 INFO eventlet.wsgi.server [-] 127.0.0.1 - - [28/Nov/2014 23:20:53] "GET /v2.0/OS-KSADM/services/bbf027f71fbc4a5184bbb1a6557225fb HTTP/1.1" 200 301 0.003598
2014-11-28 23:20:53.184 8611 INFO eventlet.wsgi.server [-] 127.0.0.1 - - [28/Nov/2014 23:20:53] "POST /v2.0/endpoints HTTP/1.1" 200 427 0.042047
2014-11-28 23:20:53.438 8611 INFO eventlet.wsgi.server [-] 127.0.0.1 - - [28/Nov/2014 23:20:53] "GET /v2.0/OS-KSADM/services HTTP/1.1" 200 1006 0.003660
2014-11-28 23:20:53.661 8611 INFO eventlet.wsgi.server [-] 127.0.0.1 - - [28/Nov/2014 23:20:53] "GET /v2.0/OS-KSADM/services/142ea0b44abc429a860495434f660d4b HTTP/1.1" 200 297 0.003794
2014-11-28 23:20:53.693 8611 INFO eventlet.wsgi.server [-] 127.0.0.1 - - [28/Nov/2014 23:20:53] "POST /v2.0/endpoints HTTP/1.1" 200 376 0.023817
2014-11-28 23:20:53.942 8611 INFO eventlet.wsgi.server [-] 127.0.0.1 - - [28/Nov/2014 23:20:53] "POST /v2.0/tenants HTTP/1.1" 200 272 0.005282
2014-11-28 23:20:54.249 8611 INFO eventlet.wsgi.server [-] 127.0.0.1 - - [28/Nov/2014 23:20:54] "GET /v2.0/users HTTP/1.1" 200 141 0.004880
2014-11-28 23:20:54.482 8611 INFO eventlet.wsgi.server [-] 127.0.0.1 - - [28/Nov/2014 23:20:54] "GET /v2.0/tenants HTTP/1.1" 200 405 0.004742
2014-11-28 23:20:54.710 8610 INFO passlib.registry [-] registered crypt handler 'sha512_crypt': <class 'passlib.handlers.sha2_crypt.sha512_crypt'>
2014-11-28 23:20:54.745 8610 INFO keystone.assignment.core [-] Creating the default role 9fe2ff9ee4384b1894a90878d3e92bab because it does not exist.
2014-11-28 23:20:54.756 8610 INFO eventlet.wsgi.server [-] 127.0.0.1 - - [28/Nov/2014 23:20:54] "POST /v2.0/users HTTP/1.1" 200 318 0.056917
2014-11-28 23:20:54.997 8611 INFO eventlet.wsgi.server [-] 127.0.0.1 - - [28/Nov/2014 23:20:54] "GET /v2.0/tenants HTTP/1.1" 200 405 0.004141
2014-11-28 23:20:55.255 8610 INFO eventlet.wsgi.server [-] 127.0.0.1 - - [28/Nov/2014 23:20:55] "POST /v2.0/users HTTP/1.1" 200 309 0.041284
2014-11-28 23:20:55.488 8611 INFO eventlet.wsgi.server [-] 127.0.0.1 - - [28/Nov/2014 23:20:55] "GET /v2.0/tenants HTTP/1.1" 200 405 0.011110
2014-11-28 23:20:55.832 8610 INFO eventlet.wsgi.server [-] 127.0.0.1 - - [28/Nov/2014 23:20:55] "POST /v2.0/users HTTP/1.1" 200 309 0.062100
2014-11-28 23:20:56.079 8611 INFO eventlet.wsgi.server [-] 127.0.0.1 - - [28/Nov/2014 23:20:56] "GET /v2.0/tenants HTTP/1.1" 200 405 0.011067
2014-11-28 23:20:56.423 8610 INFO eventlet.wsgi.server [-] 127.0.0.1 - - [28/Nov/2014 23:20:56] "POST /v2.0/users HTTP/1.1" 200 315 0.071333
2014-11-28 23:20:56.686 8610 INFO eventlet.wsgi.server [-] 127.0.0.1 - - [28/Nov/2014 23:20:56] "POST /v2.0/OS-KSADM/roles HTTP/1.1" 200 197 0.006122
2014-11-28 23:20:56.947 8611 INFO eventlet.wsgi.server [-] 127.0.0.1 - - [28/Nov/2014 23:20:56] "GET /v2.0/tenants HTTP/1.1" 200 405 0.011713
2014-11-28 23:20:57.236 8610 INFO eventlet.wsgi.server [-] 127.0.0.1 - - [28/Nov/2014 23:20:57] "GET /v2.0/tenants/89820cf2cb0e408e82af2a651c0d6090 HTTP/1.1" 200 272 0.008398
2014-11-28 23:20:57.261 8611 INFO eventlet.wsgi.server [-] 127.0.0.1 - - [28/Nov/2014 23:20:57] "GET /v2.0/tenants/89820cf2cb0e408e82af2a651c0d6090/users HTTP/1.1" 200 843 0.014394
2014-11-28 23:20:57.510 8610 INFO eventlet.wsgi.server [-] 127.0.0.1 - - [28/Nov/2014 23:20:57] "GET /v2.0/tenants/89820cf2cb0e408e82af2a651c0d6090 HTTP/1.1" 200 272 0.006520
2014-11-28 23:20:57.527 8611 INFO eventlet.wsgi.server [-] 127.0.0.1 - - [28/Nov/2014 23:20:57] "GET /v2.0/users/09cb84a50b86455b88bd88cbc8d5428c HTTP/1.1" 200 309 0.004755
2014-11-28 23:20:57.551 8611 INFO eventlet.wsgi.server [-] 127.0.0.1 - - [28/Nov/2014 23:20:57] "GET /v2.0/tenants/89820cf2cb0e408e82af2a651c0d6090/users/09cb84a50b86455b88bd88cbc8d5428c/roles HTTP/1.1" 200 203 0.020144
2014-11-28 23:20:57.786 8611 INFO eventlet.wsgi.server [-] 127.0.0.1 - - [28/Nov/2014 23:20:57] "GET /v2.0/OS-KSADM/roles HTTP/1.1" 200 403 0.003916
2014-11-28 23:20:58.016 8610 INFO eventlet.wsgi.server [-] 127.0.0.1 - - [28/Nov/2014 23:20:58] "GET /v2.0/users/09cb84a50b86455b88bd88cbc8d5428c HTTP/1.1" 200 309 0.009621
2014-11-28 23:20:58.029 8610 INFO eventlet.wsgi.server [-] 127.0.0.1 - - [28/Nov/2014 23:20:58] "GET /v2.0/OS-KSADM/roles/060d1c18546146aa8a8b1b703ba7bc04 HTTP/1.1" 200 197 0.005230
2014-11-28 23:20:58.037 8610 INFO eventlet.wsgi.server [-] 127.0.0.1 - - [28/Nov/2014 23:20:58] "GET /v2.0/tenants/89820cf2cb0e408e82af2a651c0d6090 HTTP/1.1" 200 272 0.005054
2014-11-28 23:20:58.052 8610 INFO eventlet.wsgi.server [-] 127.0.0.1 - - [28/Nov/2014 23:20:58] "PUT /v2.0/tenants/89820cf2cb0e408e82af2a651c0d6090/users/09cb84a50b86455b88bd88cbc8d5428c/roles/OS-KSADM/060d1c18546146aa8a8b1b703ba7bc04 HTTP/1.1" 200 197 0.012012
2014-11-28 23:20:58.282 8610 INFO eventlet.wsgi.server [-] 127.0.0.1 - - [28/Nov/2014 23:20:58] "GET /v2.0/users/09cb84a50b86455b88bd88cbc8d5428c HTTP/1.1" 200 309 0.004133
2014-11-28 23:20:58.297 8610 INFO eventlet.wsgi.server [-] 127.0.0.1 - - [28/Nov/2014 23:20:58] "GET /v2.0/OS-KSADM/roles/9fe2ff9ee4384b1894a90878d3e92bab HTTP/1.1" 200 200 0.006867
2014-11-28 23:20:58.303 8611 INFO eventlet.wsgi.server [-] 127.0.0.1 - - [28/Nov/2014 23:20:58] "GET /v2.0/tenants/89820cf2cb0e408e82af2a651c0d6090 HTTP/1.1" 200 272 0.003978
2014-11-28 23:20:58.319 8610 WARNING keystone.openstack.common.versionutils [-] Deprecated: keystone.token.backends.sql.Token is deprecated as of Juno in favor of keystone.token.persistence.backends.sql.Token and may be removed in Kilo.
2014-11-28 23:20:58.330 8610 INFO eventlet.wsgi.server [-] 127.0.0.1 - - [28/Nov/2014 23:20:58] "DELETE /v2.0/tenants/89820cf2cb0e408e82af2a651c0d6090/users/09cb84a50b86455b88bd88cbc8d5428c/roles/OS-KSADM/9fe2ff9ee4384b1894a90878d3e92bab HTTP/1.1" 204 103 0.024003
2014-11-28 23:20:58.555 8610 INFO eventlet.wsgi.server [-] 127.0.0.1 - - [28/Nov/2014 23:20:58] "GET /v2.0/tenants/89820cf2cb0e408e82af2a651c0d6090 HTTP/1.1" 200 272 0.004785
2014-11-28 23:20:58.566 8610 INFO eventlet.wsgi.server [-] 127.0.0.1 - - [28/Nov/2014 23:20:58] "GET /v2.0/users/88f9810e78ec48f28bdcc6adad293aad HTTP/1.1" 200 315 0.003528
2014-11-28 23:20:58.585 8611 INFO eventlet.wsgi.server [-] 127.0.0.1 - - [28/Nov/2014 23:20:58] "GET /v2.0/tenants/89820cf2cb0e408e82af2a651c0d6090/users/88f9810e78ec48f28bdcc6adad293aad/roles HTTP/1.1" 200 203 0.016395
2014-11-28 23:20:58.821 8610 INFO eventlet.wsgi.server [-] 127.0.0.1 - - [28/Nov/2014 23:20:58] "GET /v2.0/users/88f9810e78ec48f28bdcc6adad293aad HTTP/1.1" 200 315 0.008834
2014-11-28 23:20:58.838 8610 INFO eventlet.wsgi.server [-] 127.0.0.1 - - [28/Nov/2014 23:20:58] "GET /v2.0/OS-KSADM/roles/060d1c18546146aa8a8b1b703ba7bc04 HTTP/1.1" 200 197 0.007670
2014-11-28 23:20:58.848 8610 INFO eventlet.wsgi.server [-] 127.0.0.1 - - [28/Nov/2014 23:20:58] "GET /v2.0/tenants/89820cf2cb0e408e82af2a651c0d6090 HTTP/1.1" 200 272 0.006901
2014-11-28 23:20:58.862 8610 INFO eventlet.wsgi.server [-] 127.0.0.1 - - [28/Nov/2014 23:20:58] "PUT /v2.0/tenants/89820cf2cb0e408e82af2a651c0d6090/users/88f9810e78ec48f28bdcc6adad293aad/roles/OS-KSADM/060d1c18546146aa8a8b1b703ba7bc04 HTTP/1.1" 200 197 0.011954
2014-11-28 23:20:59.088 8610 INFO eventlet.wsgi.server [-] 127.0.0.1 - - [28/Nov/2014 23:20:59] "GET /v2.0/users/88f9810e78ec48f28bdcc6adad293aad HTTP/1.1" 200 315 0.004908
2014-11-28 23:20:59.099 8610 INFO eventlet.wsgi.server [-] 127.0.0.1 - - [28/Nov/2014 23:20:59] "GET /v2.0/OS-KSADM/roles/9fe2ff9ee4384b1894a90878d3e92bab HTTP/1.1" 200 200 0.004603
2014-11-28 23:20:59.106 8610 INFO eventlet.wsgi.server [-] 127.0.0.1 - - [28/Nov/2014 23:20:59] "GET /v2.0/tenants/89820cf2cb0e408e82af2a651c0d6090 HTTP/1.1" 200 272 0.004371
2014-11-28 23:20:59.125 8610 INFO eventlet.wsgi.server [-] 127.0.0.1 - - [28/Nov/2014 23:20:59] "DELETE /v2.0/tenants/89820cf2cb0e408e82af2a651c0d6090/users/88f9810e78ec48f28bdcc6adad293aad/roles/OS-KSADM/9fe2ff9ee4384b1894a90878d3e92bab HTTP/1.1" 204 103 0.016731
2014-11-28 23:20:59.358 8610 INFO eventlet.wsgi.server [-] 127.0.0.1 - - [28/Nov/2014 23:20:59] "POST /v2.0/OS-KSADM/services HTTP/1.1" 200 295 0.009061
2014-11-28 23:20:59.591 8611 INFO eventlet.wsgi.server [-] 127.0.0.1 - - [28/Nov/2014 23:20:59] "GET /v2.0/OS-KSADM/services HTTP/1.1" 200 1153 0.006003
2014-11-28 23:20:59.831 8610 INFO eventlet.wsgi.server [-] 127.0.0.1 - - [28/Nov/2014 23:20:59] "GET /v2.0/OS-KSADM/services/e0086747cc804c8ebfecddcf6549c498 HTTP/1.1" 200 295 0.004151
2014-11-28 23:20:59.869 8611 INFO eventlet.wsgi.server [-] 127.0.0.1 - - [28/Nov/2014 23:20:59] "POST /v2.0/endpoints HTTP/1.1" 200 392 0.030054
2014-11-28 23:21:00.233 8610 INFO eventlet.wsgi.server [-] 127.0.0.1 - - [28/Nov/2014 23:21:00] "POST /v2.0/OS-KSADM/roles HTTP/1.1" 200 207 0.005293
2014-11-28 23:21:00.544 8610 INFO eventlet.wsgi.server [-] 127.0.0.1 - - [28/Nov/2014 23:21:00] "POST /v2.0/OS-KSADM/roles HTTP/1.1" 200 208 0.005118
2014-11-28 23:21:00.839 8610 INFO eventlet.wsgi.server [-] 127.0.0.1 - - [28/Nov/2014 23:21:00] "GET /v2.0/OS-KSADM/services HTTP/1.1" 200 1153 0.004918
2014-11-28 23:21:01.195 8610 INFO eventlet.wsgi.server [-] 127.0.0.1 - - [28/Nov/2014 23:21:01] "GET /v2.0/OS-KSADM/services/fb5cacafee1b4e5dadd79b6e3aa2b98d HTTP/1.1" 200 296 0.010571
2014-11-28 23:21:01.235 8610 INFO eventlet.wsgi.server [-] 127.0.0.1 - - [28/Nov/2014 23:21:01] "POST /v2.0/endpoints HTTP/1.1" 200 385 0.033031
2014-11-28 23:21:01.596 8610 INFO eventlet.wsgi.server [-] 127.0.0.1 - - [28/Nov/2014 23:21:01] "GET /v2.0/tenants HTTP/1.1" 200 405 0.010244
2014-11-28 23:21:01.966 8610 INFO eventlet.wsgi.server [-] 127.0.0.1 - - [28/Nov/2014 23:21:01] "POST /v2.0/users HTTP/1.1" 200 327 0.043065
2014-11-28 23:21:02.221 9085 WARNING keystone.openstack.common.versionutils [-] Deprecated: keystone.token.backends.sql.Token is deprecated as of Juno in favor of keystone.token.persistence.backends.sql.Token and may be removed in Kilo.
2014-11-28 23:21:02.236 9085 INFO keystone.token.persistence.backends.sql [-] Token expiration batch size: 1000
2014-11-28 23:21:02.243 9085 INFO keystone.token.persistence.backends.sql [-] Total expired tokens removed: 0
2014-11-28 23:21:02.284 8610 INFO eventlet.wsgi.server [-] 127.0.0.1 - - [28/Nov/2014 23:21:02] "GET /v2.0/tenants/89820cf2cb0e408e82af2a651c0d6090 HTTP/1.1" 200 272 0.004765
2014-11-28 23:21:02.304 8611 INFO eventlet.wsgi.server [-] 127.0.0.1 - - [28/Nov/2014 23:21:02] "GET /v2.0/tenants/89820cf2cb0e408e82af2a651c0d6090/users HTTP/1.1" 200 1033 0.011714
2014-11-28 23:21:02.528 8611 INFO eventlet.wsgi.server [-] 127.0.0.1 - - [28/Nov/2014 23:21:02] "GET /v2.0/tenants/89820cf2cb0e408e82af2a651c0d6090 HTTP/1.1" 200 272 0.003922
2014-11-28 23:21:02.539 8610 INFO eventlet.wsgi.server [-] 127.0.0.1 - - [28/Nov/2014 23:21:02] "GET /v2.0/users/6f069d8d16444a9098d8ab83c6f9368b HTTP/1.1" 200 327 0.003774
2014-11-28 23:21:02.557 8610 INFO eventlet.wsgi.server [-] 127.0.0.1 - - [28/Nov/2014 23:21:02] "GET /v2.0/tenants/89820cf2cb0e408e82af2a651c0d6090/users/6f069d8d16444a9098d8ab83c6f9368b/roles HTTP/1.1" 200 203 0.015293
2014-11-28 23:21:02.782 8610 INFO eventlet.wsgi.server [-] 127.0.0.1 - - [28/Nov/2014 23:21:02] "GET /v2.0/users/6f069d8d16444a9098d8ab83c6f9368b HTTP/1.1" 200 327 0.003315
2014-11-28 23:21:02.793 8610 INFO eventlet.wsgi.server [-] 127.0.0.1 - - [28/Nov/2014 23:21:02] "GET /v2.0/OS-KSADM/roles/060d1c18546146aa8a8b1b703ba7bc04 HTTP/1.1" 200 197 0.003315
2014-11-28 23:21:02.799 8611 INFO eventlet.wsgi.server [-] 127.0.0.1 - - [28/Nov/2014 23:21:02] "GET /v2.0/tenants/89820cf2cb0e408e82af2a651c0d6090 HTTP/1.1" 200 272 0.003647
2014-11-28 23:21:02.811 8611 INFO eventlet.wsgi.server [-] 127.0.0.1 - - [28/Nov/2014 23:21:02] "PUT /v2.0/tenants/89820cf2cb0e408e82af2a651c0d6090/users/6f069d8d16444a9098d8ab83c6f9368b/roles/OS-KSADM/060d1c18546146aa8a8b1b703ba7bc04 HTTP/1.1" 200 197 0.009629
2014-11-28 23:21:03.036 8610 INFO eventlet.wsgi.server [-] 127.0.0.1 - - [28/Nov/2014 23:21:03] "GET /v2.0/users/6f069d8d16444a9098d8ab83c6f9368b HTTP/1.1" 200 327 0.004885
2014-11-28 23:21:03.051 8610 INFO eventlet.wsgi.server [-] 127.0.0.1 - - [28/Nov/2014 23:21:03] "GET /v2.0/OS-KSADM/roles/0eb1f271da7a4486bf0ddfc2cf166f27 HTTP/1.1" 200 205 0.005478
2014-11-28 23:21:03.058 8610 INFO eventlet.wsgi.server [-] 127.0.0.1 - - [28/Nov/2014 23:21:03] "GET /v2.0/tenants/89820cf2cb0e408e82af2a651c0d6090 HTTP/1.1" 200 272 0.004876
2014-11-28 23:21:03.073 8611 INFO eventlet.wsgi.server [-] 127.0.0.1 - - [28/Nov/2014 23:21:03] "PUT /v2.0/tenants/89820cf2cb0e408e82af2a651c0d6090/users/6f069d8d16444a9098d8ab83c6f9368b/roles/OS-KSADM/0eb1f271da7a4486bf0ddfc2cf166f27 HTTP/1.1" 200 205 0.011795
2014-11-28 23:21:03.299 8611 INFO eventlet.wsgi.server [-] 127.0.0.1 - - [28/Nov/2014 23:21:03] "GET /v2.0/users/6f069d8d16444a9098d8ab83c6f9368b HTTP/1.1" 200 327 0.003512
2014-11-28 23:21:03.315 8610 INFO eventlet.wsgi.server [-] 127.0.0.1 - - [28/Nov/2014 23:21:03] "GET /v2.0/OS-KSADM/roles/9fe2ff9ee4384b1894a90878d3e92bab HTTP/1.1" 200 200 0.008330
2014-11-28 23:21:03.324 8610 INFO eventlet.wsgi.server [-] 127.0.0.1 - - [28/Nov/2014 23:21:03] "GET /v2.0/tenants/89820cf2cb0e408e82af2a651c0d6090 HTTP/1.1" 200 272 0.006445
2014-11-28 23:21:03.350 8610 INFO eventlet.wsgi.server [-] 127.0.0.1 - - [28/Nov/2014 23:21:03] "DELETE /v2.0/tenants/89820cf2cb0e408e82af2a651c0d6090/users/6f069d8d16444a9098d8ab83c6f9368b/roles/OS-KSADM/9fe2ff9ee4384b1894a90878d3e92bab HTTP/1.1" 204 103 0.023286
2014-11-28 23:21:03.591 8610 INFO eventlet.wsgi.server [-] 127.0.0.1 - - [28/Nov/2014 23:21:03] "POST /v2.0/OS-KSADM/services HTTP/1.1" 200 279 0.005315
2014-11-28 23:21:03.849 8610 INFO eventlet.wsgi.server [-] 127.0.0.1 - - [28/Nov/2014 23:21:03] "GET /v2.0/OS-KSADM/services HTTP/1.1" 200 1283 0.003631
2014-11-28 23:21:04.091 8610 INFO eventlet.wsgi.server [-] 127.0.0.1 - - [28/Nov/2014 23:21:04] "GET /v2.0/OS-KSADM/services/6feff6c329f946169c95bc7b6dbf7b59 HTTP/1.1" 200 279 0.007471
2014-11-28 23:21:04.137 8611 INFO eventlet.wsgi.server [-] 127.0.0.1 - - [28/Nov/2014 23:21:04] "POST /v2.0/endpoints HTTP/1.1" 200 427 0.032015
2014-11-28 23:21:04.388 8610 INFO eventlet.wsgi.server [-] 127.0.0.1 - - [28/Nov/2014 23:21:04] "POST /v2.0/OS-KSADM/services HTTP/1.1" 200 287 0.005162
2014-11-28 23:21:04.614 8610 INFO eventlet.wsgi.server [-] 127.0.0.1 - - [28/Nov/2014 23:21:04] "GET /v2.0/OS-KSADM/services HTTP/1.1" 200 1421 0.003625
2014-11-28 23:21:04.843 8611 INFO eventlet.wsgi.server [-] 127.0.0.1 - - [28/Nov/2014 23:21:04] "GET /v2.0/OS-KSADM/services/abf07b450eda407f9090964c1a64c306 HTTP/1.1" 200 287 0.004713
2014-11-28 23:21:04.888 8611 INFO eventlet.wsgi.server [-] 127.0.0.1 - - [28/Nov/2014 23:21:04] "POST /v2.0/endpoints HTTP/1.1" 200 376 0.032302
2014-11-28 23:21:05.125 8611 INFO eventlet.wsgi.server [-] 127.0.0.1 - - [28/Nov/2014 23:21:05] "GET /v2.0/tenants/89820cf2cb0e408e82af2a651c0d6090 HTTP/1.1" 200 272 0.004945
2014-11-28 23:21:05.141 8611 INFO eventlet.wsgi.server [-] 127.0.0.1 - - [28/Nov/2014 23:21:05] "GET /v2.0/users/1a0a158a1de34d46b5007b227216061a HTTP/1.1" 200 309 0.009079
2014-11-28 23:21:05.167 8611 INFO eventlet.wsgi.server [-] 127.0.0.1 - - [28/Nov/2014 23:21:05] "GET /v2.0/tenants/89820cf2cb0e408e82af2a651c0d6090/users/1a0a158a1de34d46b5007b227216061a/roles HTTP/1.1" 200 203 0.023289
2014-11-28 23:21:05.483 8610 INFO eventlet.wsgi.server [-] 127.0.0.1 - - [28/Nov/2014 23:21:05] "GET /v2.0/users/1a0a158a1de34d46b5007b227216061a HTTP/1.1" 200 309 0.005186
2014-11-28 23:21:05.499 8610 INFO eventlet.wsgi.server [-] 127.0.0.1 - - [28/Nov/2014 23:21:05] "GET /v2.0/OS-KSADM/roles/060d1c18546146aa8a8b1b703ba7bc04 HTTP/1.1" 200 197 0.004204
2014-11-28 23:21:05.506 8611 INFO eventlet.wsgi.server [-] 127.0.0.1 - - [28/Nov/2014 23:21:05] "GET /v2.0/tenants/89820cf2cb0e408e82af2a651c0d6090 HTTP/1.1" 200 272 0.004404
2014-11-28 23:21:05.520 8611 INFO eventlet.wsgi.server [-] 127.0.0.1 - - [28/Nov/2014 23:21:05] "PUT /v2.0/tenants/89820cf2cb0e408e82af2a651c0d6090/users/1a0a158a1de34d46b5007b227216061a/roles/OS-KSADM/060d1c18546146aa8a8b1b703ba7bc04 HTTP/1.1" 200 197 0.011125
2014-11-28 23:21:05.750 8610 INFO eventlet.wsgi.server [-] 127.0.0.1 - - [28/Nov/2014 23:21:05] "GET /v2.0/users/1a0a158a1de34d46b5007b227216061a HTTP/1.1" 200 309 0.003790
2014-11-28 23:21:05.762 8610 INFO eventlet.wsgi.server [-] 127.0.0.1 - - [28/Nov/2014 23:21:05] "GET /v2.0/OS-KSADM/roles/9fe2ff9ee4384b1894a90878d3e92bab HTTP/1.1" 200 200 0.003687
2014-11-28 23:21:05.768 8611 INFO eventlet.wsgi.server [-] 127.0.0.1 - - [28/Nov/2014 23:21:05] "GET /v2.0/tenants/89820cf2cb0e408e82af2a651c0d6090 HTTP/1.1" 200 272 0.003977
2014-11-28 23:21:05.781 8611 WARNING keystone.openstack.common.versionutils [-] Deprecated: keystone.token.backends.sql.Token is deprecated as of Juno in favor of keystone.token.persistence.backends.sql.Token and may be removed in Kilo.
2014-11-28 23:21:05.792 8611 INFO eventlet.wsgi.server [-] 127.0.0.1 - - [28/Nov/2014 23:21:05] "DELETE /v2.0/tenants/89820cf2cb0e408e82af2a651c0d6090/users/1a0a158a1de34d46b5007b227216061a/roles/OS-KSADM/9fe2ff9ee4384b1894a90878d3e92bab HTTP/1.1" 204 103 0.020961
2014-11-28 23:21:06.020 8610 INFO eventlet.wsgi.server [-] 127.0.0.1 - - [28/Nov/2014 23:21:06] "GET /v2.0/tenants HTTP/1.1" 200 405 0.004527
2014-11-28 23:21:06.267 8611 INFO passlib.registry [-] registered crypt handler 'sha512_crypt': <class 'passlib.handlers.sha2_crypt.sha512_crypt'>
2014-11-28 23:21:06.309 8611 INFO eventlet.wsgi.server [-] 127.0.0.1 - - [28/Nov/2014 23:21:06] "POST /v2.0/users HTTP/1.1" 200 311 0.049577
2014-11-28 23:21:06.571 8610 INFO eventlet.wsgi.server [-] 127.0.0.1 - - [28/Nov/2014 23:21:06] "GET /v2.0/tenants HTTP/1.1" 200 405 0.009302
2014-11-28 23:21:06.866 8611 INFO eventlet.wsgi.server [-] 127.0.0.1 - - [28/Nov/2014 23:21:06] "GET /v2.0/tenants/271e4dcd912f49a4a04f911eeea8f287 HTTP/1.1" 200 248 0.004513
2014-11-28 23:21:06.884 8611 INFO eventlet.wsgi.server [-] 127.0.0.1 - - [28/Nov/2014 23:21:06] "GET /v2.0/tenants/271e4dcd912f49a4a04f911eeea8f287/users HTTP/1.1" 200 314 0.009754
2014-11-28 23:21:07.185 8611 INFO eventlet.wsgi.server [-] 127.0.0.1 - - [28/Nov/2014 23:21:07] "GET /v2.0/tenants/271e4dcd912f49a4a04f911eeea8f287 HTTP/1.1" 200 248 0.003947
2014-11-28 23:21:07.196 8610 INFO eventlet.wsgi.server [-] 127.0.0.1 - - [28/Nov/2014 23:21:07] "GET /v2.0/users/3a1eeb9c83bf47879f3f022958a310b0 HTTP/1.1" 200 311 0.003592
2014-11-28 23:21:07.210 8610 INFO eventlet.wsgi.server [-] 127.0.0.1 - - [28/Nov/2014 23:21:07] "GET /v2.0/tenants/271e4dcd912f49a4a04f911eeea8f287/users/3a1eeb9c83bf47879f3f022958a310b0/roles HTTP/1.1" 200 203 0.011653
2014-11-28 23:21:07.431 8611 INFO eventlet.wsgi.server [-] 127.0.0.1 - - [28/Nov/2014 23:21:07] "GET /v2.0/users/3a1eeb9c83bf47879f3f022958a310b0 HTTP/1.1" 200 311 0.003608
2014-11-28 23:21:07.441 8610 INFO eventlet.wsgi.server [-] 127.0.0.1 - - [28/Nov/2014 23:21:07] "GET /v2.0/OS-KSADM/roles/060d1c18546146aa8a8b1b703ba7bc04 HTTP/1.1" 200 197 0.003417
2014-11-28 23:21:07.448 8610 INFO eventlet.wsgi.server [-] 127.0.0.1 - - [28/Nov/2014 23:21:07] "GET /v2.0/tenants/271e4dcd912f49a4a04f911eeea8f287 HTTP/1.1" 200 248 0.003689
2014-11-28 23:21:07.460 8611 INFO eventlet.wsgi.server [-] 127.0.0.1 - - [28/Nov/2014 23:21:07] "PUT /v2.0/tenants/271e4dcd912f49a4a04f911eeea8f287/users/3a1eeb9c83bf47879f3f022958a310b0/roles/OS-KSADM/060d1c18546146aa8a8b1b703ba7bc04 HTTP/1.1" 200 197 0.009453
2014-11-28 23:21:07.698 8611 INFO eventlet.wsgi.server [-] 127.0.0.1 - - [28/Nov/2014 23:21:07] "GET /v2.0/users/3a1eeb9c83bf47879f3f022958a310b0 HTTP/1.1" 200 311 0.003421
2014-11-28 23:21:07.709 8611 INFO eventlet.wsgi.server [-] 127.0.0.1 - - [28/Nov/2014 23:21:07] "GET /v2.0/OS-KSADM/roles/9fe2ff9ee4384b1894a90878d3e92bab HTTP/1.1" 200 200 0.003873
2014-11-28 23:21:07.715 8611 INFO eventlet.wsgi.server [-] 127.0.0.1 - - [28/Nov/2014 23:21:07] "GET /v2.0/tenants/271e4dcd912f49a4a04f911eeea8f287 HTTP/1.1" 200 248 0.003492
2014-11-28 23:21:07.869 8611 INFO eventlet.wsgi.server [-] 127.0.0.1 - - [28/Nov/2014 23:21:07] "DELETE /v2.0/tenants/271e4dcd912f49a4a04f911eeea8f287/users/3a1eeb9c83bf47879f3f022958a310b0/roles/OS-KSADM/9fe2ff9ee4384b1894a90878d3e92bab HTTP/1.1" 204 103 0.152226
2014-11-28 23:21:08.127 8611 INFO eventlet.wsgi.server [-] 127.0.0.1 - - [28/Nov/2014 23:21:08] "GET /v2.0/tenants HTTP/1.1" 200 405 0.004311
2014-11-28 23:21:08.391 8610 INFO eventlet.wsgi.server [-] 127.0.0.1 - - [28/Nov/2014 23:21:08] "POST /v2.0/users HTTP/1.1" 200 315 0.043770
2014-11-28 23:21:08.668 8610 INFO eventlet.wsgi.server [-] 127.0.0.1 - - [28/Nov/2014 23:21:08] "GET /v2.0/OS-KSADM/services HTTP/1.1" 200 1421 0.003183
2014-11-28 23:21:08.896 8611 INFO eventlet.wsgi.server [-] 127.0.0.1 - - [28/Nov/2014 23:21:08] "GET /v2.0/OS-KSADM/services/87ddfeb058c748aab395f9923565917a HTTP/1.1" 200 275 0.003662
2014-11-28 23:21:08.926 8611 INFO eventlet.wsgi.server [-] 127.0.0.1 - - [28/Nov/2014 23:21:08] "POST /v2.0/endpoints HTTP/1.1" 200 421 0.022618
2014-11-28 23:21:09.150 8610 INFO eventlet.wsgi.server [-] 127.0.0.1 - - [28/Nov/2014 23:21:09] "GET /v2.0/OS-KSADM/services HTTP/1.1" 200 1421 0.003366
2014-11-28 23:21:09.377 8611 INFO eventlet.wsgi.server [-] 127.0.0.1 - - [28/Nov/2014 23:21:09] "GET /v2.0/OS-KSADM/services/62f92149ceae4f9abd9b82f124cb54e0 HTTP/1.1" 200 286 0.003477
2014-11-28 23:21:09.406 8610 INFO eventlet.wsgi.server [-] 127.0.0.1 - - [28/Nov/2014 23:21:09] "POST /v2.0/endpoints HTTP/1.1" 200 427 0.022076
2014-11-28 23:21:09.631 8610 INFO eventlet.wsgi.server [-] 127.0.0.1 - - [28/Nov/2014 23:21:09] "POST /v2.0/OS-KSADM/services HTTP/1.1" 200 283 0.005501
2014-11-28 23:21:09.869 8611 INFO eventlet.wsgi.server [-] 127.0.0.1 - - [28/Nov/2014 23:21:09] "GET /v2.0/OS-KSADM/services HTTP/1.1" 200 1555 0.003472
2014-11-28 23:21:10.100 8610 INFO eventlet.wsgi.server [-] 127.0.0.1 - - [28/Nov/2014 23:21:10] "GET /v2.0/OS-KSADM/services/5dc1c647b0b8423da88fa01815cc2dd8 HTTP/1.1" 200 283 0.003673
2014-11-28 23:21:10.140 8611 INFO eventlet.wsgi.server [-] 127.0.0.1 - - [28/Nov/2014 23:21:10] "POST /v2.0/endpoints HTTP/1.1" 200 376 0.032333
2014-11-28 23:21:10.390 8610 INFO eventlet.wsgi.server [-] 127.0.0.1 - - [28/Nov/2014 23:21:10] "POST /v2.0/OS-KSADM/services HTTP/1.1" 200 289 0.005462
2014-11-28 23:21:10.619 8611 INFO eventlet.wsgi.server [-] 127.0.0.1 - - [28/Nov/2014 23:21:10] "GET /v2.0/OS-KSADM/services HTTP/1.1" 200 1695 0.003479
2014-11-28 23:21:10.846 8611 INFO eventlet.wsgi.server [-] 127.0.0.1 - - [28/Nov/2014 23:21:10] "GET /v2.0/OS-KSADM/services/d66a6f1df3fd4fc8a4410316c8227f22 HTTP/1.1" 200 289 0.003407
2014-11-28 23:21:10.874 8611 INFO eventlet.wsgi.server [-] 127.0.0.1 - - [28/Nov/2014 23:21:10] "POST /v2.0/endpoints HTTP/1.1" 200 427 0.021391
2014-11-28 23:21:11.099 8610 INFO eventlet.wsgi.server [-] 127.0.0.1 - - [28/Nov/2014 23:21:11] "GET /v2.0/tenants/89820cf2cb0e408e82af2a651c0d6090 HTTP/1.1" 200 272 0.003588
2014-11-28 23:21:11.110 8611 INFO eventlet.wsgi.server [-] 127.0.0.1 - - [28/Nov/2014 23:21:11] "GET /v2.0/users/6250e7ac306a496bbfa114f02bb2a937 HTTP/1.1" 200 318 0.003652
2014-11-28 23:21:11.125 8611 INFO eventlet.wsgi.server [-] 127.0.0.1 - - [28/Nov/2014 23:21:11] "GET /v2.0/tenants/89820cf2cb0e408e82af2a651c0d6090/users/6250e7ac306a496bbfa114f02bb2a937/roles HTTP/1.1" 200 203 0.012760
2014-11-28 23:21:11.346 8611 INFO eventlet.wsgi.server [-] 127.0.0.1 - - [28/Nov/2014 23:21:11] "GET /v2.0/users/6250e7ac306a496bbfa114f02bb2a937 HTTP/1.1" 200 318 0.003550
2014-11-28 23:21:11.356 8610 INFO eventlet.wsgi.server [-] 127.0.0.1 - - [28/Nov/2014 23:21:11] "GET /v2.0/OS-KSADM/roles/060d1c18546146aa8a8b1b703ba7bc04 HTTP/1.1" 200 197 0.003299
2014-11-28 23:21:11.365 8611 INFO eventlet.wsgi.server [-] 127.0.0.1 - - [28/Nov/2014 23:21:11] "GET /v2.0/tenants/89820cf2cb0e408e82af2a651c0d6090 HTTP/1.1" 200 272 0.005383
2014-11-28 23:21:11.377 8610 INFO eventlet.wsgi.server [-] 127.0.0.1 - - [28/Nov/2014 23:21:11] "PUT /v2.0/tenants/89820cf2cb0e408e82af2a651c0d6090/users/6250e7ac306a496bbfa114f02bb2a937/roles/OS-KSADM/060d1c18546146aa8a8b1b703ba7bc04 HTTP/1.1" 200 197 0.009875
2014-11-28 23:21:11.600 8611 INFO eventlet.wsgi.server [-] 127.0.0.1 - - [28/Nov/2014 23:21:11] "GET /v2.0/users/6250e7ac306a496bbfa114f02bb2a937 HTTP/1.1" 200 318 0.003951
2014-11-28 23:21:11.612 8610 INFO eventlet.wsgi.server [-] 127.0.0.1 - - [28/Nov/2014 23:21:11] "GET /v2.0/OS-KSADM/roles/9fe2ff9ee4384b1894a90878d3e92bab HTTP/1.1" 200 200 0.003667
2014-11-28 23:21:11.618 8611 INFO eventlet.wsgi.server [-] 127.0.0.1 - - [28/Nov/2014 23:21:11] "GET /v2.0/tenants/89820cf2cb0e408e82af2a651c0d6090 HTTP/1.1" 200 272 0.003954
2014-11-28 23:21:11.673 8611 INFO eventlet.wsgi.server [-] 127.0.0.1 - - [28/Nov/2014 23:21:11] "DELETE /v2.0/tenants/89820cf2cb0e408e82af2a651c0d6090/users/6250e7ac306a496bbfa114f02bb2a937/roles/OS-KSADM/9fe2ff9ee4384b1894a90878d3e92bab HTTP/1.1" 204 103 0.052370
2014-11-28 23:21:11.902 8610 INFO eventlet.wsgi.server [-] 127.0.0.1 - - [28/Nov/2014 23:21:11] "POST /v2.0/OS-KSADM/services HTTP/1.1" 200 300 0.005988
2014-11-28 23:21:12.130 8610 INFO eventlet.wsgi.server [-] 127.0.0.1 - - [28/Nov/2014 23:21:12] "GET /v2.0/OS-KSADM/services HTTP/1.1" 200 1846 0.003684
2014-11-28 23:21:12.361 8611 INFO eventlet.wsgi.server [-] 127.0.0.1 - - [28/Nov/2014 23:21:12] "GET /v2.0/OS-KSADM/services/ce9bcedf57b6494d8902eb97fe77333d HTTP/1.1" 200 300 0.003530
2014-11-28 23:21:12.390 8611 INFO eventlet.wsgi.server [-] 127.0.0.1 - - [28/Nov/2014 23:21:12] "POST /v2.0/endpoints HTTP/1.1" 200 421 0.021579
2014-11-28 23:21:12.652 8610 INFO eventlet.wsgi.server [-] 127.0.0.1 - - [28/Nov/2014 23:21:12] "GET /v2.0/OS-KSADM/services HTTP/1.1" 200 1846 0.003252
2014-11-28 23:21:12.879 8610 INFO eventlet.wsgi.server [-] 127.0.0.1 - - [28/Nov/2014 23:21:12] "GET /v2.0/OS-KSADM/services/f7f65b8747154525824100447c7cf1b4 HTTP/1.1" 200 293 0.003465
2014-11-28 23:21:13.067 8610 INFO eventlet.wsgi.server [-] 127.0.0.1 - - [28/Nov/2014 23:21:13] "POST /v2.0/endpoints HTTP/1.1" 200 379 0.181575
2014-11-28 23:21:13.304 8611 INFO eventlet.wsgi.server [-] 127.0.0.1 - - [28/Nov/2014 23:21:13] "GET /v2.0/tenants HTTP/1.1" 200 405 0.004807
2014-11-28 23:21:13.591 8610 INFO eventlet.wsgi.server [-] 127.0.0.1 - - [28/Nov/2014 23:21:13] "POST /v2.0/users HTTP/1.1" 200 312 0.042877
2014-11-28 23:21:13.823 8610 INFO eventlet.wsgi.server [-] 127.0.0.1 - - [28/Nov/2014 23:21:13] "GET /v2.0/tenants/89820cf2cb0e408e82af2a651c0d6090 HTTP/1.1" 200 272 0.003585
2014-11-28 23:21:13.846 8610 INFO eventlet.wsgi.server [-] 127.0.0.1 - - [28/Nov/2014 23:21:13] "GET /v2.0/tenants/89820cf2cb0e408e82af2a651c0d6090/users HTTP/1.1" 200 1387 0.014874
2014-11-28 23:21:14.066 8611 INFO eventlet.wsgi.server [-] 127.0.0.1 - - [28/Nov/2014 23:21:14] "GET /v2.0/tenants/89820cf2cb0e408e82af2a651c0d6090 HTTP/1.1" 200 272 0.003589
2014-11-28 23:21:14.077 8610 INFO eventlet.wsgi.server [-] 127.0.0.1 - - [28/Nov/2014 23:21:14] "GET /v2.0/users/5c3bb55b72744ba898c29eed153d179d HTTP/1.1" 200 312 0.003598
2014-11-28 23:21:14.092 8610 INFO eventlet.wsgi.server [-] 127.0.0.1 - - [28/Nov/2014 23:21:14] "GET /v2.0/tenants/89820cf2cb0e408e82af2a651c0d6090/users/5c3bb55b72744ba898c29eed153d179d/roles HTTP/1.1" 200 203 0.012401
2014-11-28 23:21:14.313 8610 INFO eventlet.wsgi.server [-] 127.0.0.1 - - [28/Nov/2014 23:21:14] "GET /v2.0/users/5c3bb55b72744ba898c29eed153d179d HTTP/1.1" 200 312 0.003289
2014-11-28 23:21:14.323 8610 INFO eventlet.wsgi.server [-] 127.0.0.1 - - [28/Nov/2014 23:21:14] "GET /v2.0/OS-KSADM/roles/060d1c18546146aa8a8b1b703ba7bc04 HTTP/1.1" 200 197 0.003268
2014-11-28 23:21:14.329 8610 INFO eventlet.wsgi.server [-] 127.0.0.1 - - [28/Nov/2014 23:21:14] "GET /v2.0/tenants/89820cf2cb0e408e82af2a651c0d6090 HTTP/1.1" 200 272 0.003512
2014-11-28 23:21:14.402 8610 INFO eventlet.wsgi.server [-] 127.0.0.1 - - [28/Nov/2014 23:21:14] "PUT /v2.0/tenants/89820cf2cb0e408e82af2a651c0d6090/users/5c3bb55b72744ba898c29eed153d179d/roles/OS-KSADM/060d1c18546146aa8a8b1b703ba7bc04 HTTP/1.1" 200 197 0.071327
2014-11-28 23:21:14.691 8611 INFO eventlet.wsgi.server [-] 127.0.0.1 - - [28/Nov/2014 23:21:14] "GET /v2.0/users/5c3bb55b72744ba898c29eed153d179d HTTP/1.1" 200 312 0.004208
2014-11-28 23:21:14.703 8611 INFO eventlet.wsgi.server [-] 127.0.0.1 - - [28/Nov/2014 23:21:14] "GET /v2.0/OS-KSADM/roles/9fe2ff9ee4384b1894a90878d3e92bab HTTP/1.1" 200 200 0.003519
2014-11-28 23:21:14.709 8610 INFO eventlet.wsgi.server [-] 127.0.0.1 - - [28/Nov/2014 23:21:14] "GET /v2.0/tenants/89820cf2cb0e408e82af2a651c0d6090 HTTP/1.1" 200 272 0.004056
2014-11-28 23:21:14.728 8611 INFO eventlet.wsgi.server [-] 127.0.0.1 - - [28/Nov/2014 23:21:14] "DELETE /v2.0/tenants/89820cf2cb0e408e82af2a651c0d6090/users/5c3bb55b72744ba898c29eed153d179d/roles/OS-KSADM/9fe2ff9ee4384b1894a90878d3e92bab HTTP/1.1" 204 103 0.015759
2014-11-28 23:21:14.954 8611 INFO eventlet.wsgi.server [-] 127.0.0.1 - - [28/Nov/2014 23:21:14] "GET /v2.0/tenants/89820cf2cb0e408e82af2a651c0d6090 HTTP/1.1" 200 272 0.003735
2014-11-28 23:21:14.965 8610 INFO eventlet.wsgi.server [-] 127.0.0.1 - - [28/Nov/2014 23:21:14] "GET /v2.0/users/a407a56f1bd0440580215a3c15eb1d27 HTTP/1.1" 200 315 0.003762
2014-11-28 23:21:14.979 8610 INFO eventlet.wsgi.server [-] 127.0.0.1 - - [28/Nov/2014 23:21:14] "GET /v2.0/tenants/89820cf2cb0e408e82af2a651c0d6090/users/a407a56f1bd0440580215a3c15eb1d27/roles HTTP/1.1" 200 203 0.011533
2014-11-28 23:21:15.201 8610 INFO eventlet.wsgi.server [-] 127.0.0.1 - - [28/Nov/2014 23:21:15] "GET /v2.0/users/a407a56f1bd0440580215a3c15eb1d27 HTTP/1.1" 200 315 0.003340
2014-11-28 23:21:15.212 8611 INFO eventlet.wsgi.server [-] 127.0.0.1 - - [28/Nov/2014 23:21:15] "GET /v2.0/OS-KSADM/roles/060d1c18546146aa8a8b1b703ba7bc04 HTTP/1.1" 200 197 0.003567
2014-11-28 23:21:15.218 8610 INFO eventlet.wsgi.server [-] 127.0.0.1 - - [28/Nov/2014 23:21:15] "GET /v2.0/tenants/89820cf2cb0e408e82af2a651c0d6090 HTTP/1.1" 200 272 0.003519
2014-11-28 23:21:15.230 8610 INFO eventlet.wsgi.server [-] 127.0.0.1 - - [28/Nov/2014 23:21:15] "PUT /v2.0/tenants/89820cf2cb0e408e82af2a651c0d6090/users/a407a56f1bd0440580215a3c15eb1d27/roles/OS-KSADM/060d1c18546146aa8a8b1b703ba7bc04 HTTP/1.1" 200 197 0.010118
2014-11-28 23:21:15.451 8611 INFO eventlet.wsgi.server [-] 127.0.0.1 - - [28/Nov/2014 23:21:15] "GET /v2.0/users/a407a56f1bd0440580215a3c15eb1d27 HTTP/1.1" 200 315 0.003803
2014-11-28 23:21:15.462 8611 INFO eventlet.wsgi.server [-] 127.0.0.1 - - [28/Nov/2014 23:21:15] "GET /v2.0/OS-KSADM/roles/9fe2ff9ee4384b1894a90878d3e92bab HTTP/1.1" 200 200 0.003834
2014-11-28 23:21:15.468 8611 INFO eventlet.wsgi.server [-] 127.0.0.1 - - [28/Nov/2014 23:21:15] "GET /v2.0/tenants/89820cf2cb0e408e82af2a651c0d6090 HTTP/1.1" 200 272 0.003391
2014-11-28 23:21:15.485 8610 INFO eventlet.wsgi.server [-] 127.0.0.1 - - [28/Nov/2014 23:21:15] "DELETE /v2.0/tenants/89820cf2cb0e408e82af2a651c0d6090/users/a407a56f1bd0440580215a3c15eb1d27/roles/OS-KSADM/9fe2ff9ee4384b1894a90878d3e92bab HTTP/1.1" 204 103 0.014621
2014-11-28 23:22:01.811 10662 WARNING keystone.openstack.common.versionutils [-] Deprecated: keystone.token.backends.sql.Token is deprecated as of Juno in favor of keystone.token.persistence.backends.sql.Token and may be removed in Kilo.
2014-11-28 23:22:01.828 10662 INFO keystone.token.persistence.backends.sql [-] Token expiration batch size: 1000
2014-11-28 23:22:01.831 10662 INFO keystone.token.persistence.backends.sql [-] Total expired tokens removed: 0
2014-11-28 23:22:24.708 8613 INFO eventlet.wsgi.server [-] 10.0.1.111 - - [28/Nov/2014 23:22:24] "GET /v2.0/ HTTP/1.1" 200 549 0.007507
2014-11-28 23:22:24.777 8613 INFO passlib.registry [-] registered crypt handler 'sha512_crypt': <class 'passlib.handlers.sha2_crypt.sha512_crypt'>
2014-11-28 23:22:24.889 8613 WARNING keystone.openstack.common.versionutils [-] Deprecated: keystone.token.backends.sql.Token is deprecated as of Juno in favor of keystone.token.persistence.backends.sql.Token and may be removed in Kilo.
2014-11-28 23:22:24.896 8613 INFO eventlet.wsgi.server [-] 10.0.1.111 - - [28/Nov/2014 23:22:24] "POST /v2.0/tokens HTTP/1.1" 200 4438 0.183254
2014-11-28 23:22:24.917 8610 INFO eventlet.wsgi.server [-] 10.0.1.111 - - [28/Nov/2014 23:22:24] "GET / HTTP/1.1" 300 900 0.001043
2014-11-28 23:22:25.002 8610 INFO eventlet.wsgi.server [-] 10.0.1.111 - - [28/Nov/2014 23:22:25] "POST /v2.0/tokens HTTP/1.1" 200 4438 0.071627
2014-11-28 23:22:25.072 8610 INFO eventlet.wsgi.server [-] 10.0.1.111 - - [28/Nov/2014 23:22:25] "GET /v3/auth/tokens HTTP/1.1" 200 7823 0.067481
2014-11-28 23:22:25.720 8613 INFO eventlet.wsgi.server [-] 10.0.1.111 - - [28/Nov/2014 23:22:25] "GET /v2.0/ HTTP/1.1" 200 549 0.001410
2014-11-28 23:22:25.795 8613 INFO eventlet.wsgi.server [-] 10.0.1.111 - - [28/Nov/2014 23:22:25] "POST /v2.0/tokens HTTP/1.1" 200 4438 0.072697
2014-11-28 23:22:25.846 8610 INFO eventlet.wsgi.server [-] 10.0.1.111 - - [28/Nov/2014 23:22:25] "GET /v3/auth/tokens HTTP/1.1" 200 7823 0.043998
2014-11-28 23:22:26.487 8612 INFO eventlet.wsgi.server [-] 10.0.1.111 - - [28/Nov/2014 23:22:26] "GET /v2.0/ HTTP/1.1" 200 549 0.007186
2014-11-28 23:22:26.535 8612 INFO passlib.registry [-] registered crypt handler 'sha512_crypt': <class 'passlib.handlers.sha2_crypt.sha512_crypt'>
2014-11-28 23:22:26.628 8612 WARNING keystone.openstack.common.versionutils [-] Deprecated: keystone.token.backends.sql.Token is deprecated as of Juno in favor of keystone.token.persistence.backends.sql.Token and may be removed in Kilo.
2014-11-28 23:22:26.635 8612 INFO eventlet.wsgi.server [-] 10.0.1.111 - - [28/Nov/2014 23:22:26] "POST /v2.0/tokens HTTP/1.1" 200 4438 0.146063
2014-11-28 23:22:26.683 8610 INFO eventlet.wsgi.server [-] 10.0.1.111 - - [28/Nov/2014 23:22:26] "GET /v3/auth/tokens HTTP/1.1" 200 7823 0.042065
2014-11-28 23:23:02.593 11767 WARNING keystone.openstack.common.versionutils [-] Deprecated: keystone.token.backends.sql.Token is deprecated as of Juno in favor of keystone.token.persistence.backends.sql.Token and may be removed in Kilo.
2014-11-28 23:23:02.614 11767 INFO keystone.token.persistence.backends.sql [-] Token expiration batch size: 1000
2014-11-28 23:23:02.619 11767 INFO keystone.token.persistence.backends.sql [-] Total expired tokens removed: 0
2014-11-28 23:24:02.176 12665 WARNING keystone.openstack.common.versionutils [-] Deprecated: keystone.token.backends.sql.Token is deprecated as of Juno in favor of keystone.token.persistence.backends.sql.Token and may be removed in Kilo.
2014-11-28 23:24:02.192 12665 INFO keystone.token.persistence.backends.sql [-] Token expiration batch size: 1000
2014-11-28 23:24:02.195 12665 INFO keystone.token.persistence.backends.sql [-] Total expired tokens removed: 0
2014-11-28 23:25:01.776 12751 WARNING keystone.openstack.common.versionutils [-] Deprecated: keystone.token.backends.sql.Token is deprecated as of Juno in favor of keystone.token.persistence.backends.sql.Token and may be removed in Kilo.
2014-11-28 23:25:01.794 12751 INFO keystone.token.persistence.backends.sql [-] Token expiration batch size: 1000
2014-11-28 23:25:01.798 12751 INFO keystone.token.persistence.backends.sql [-] Total expired tokens removed: 0
2014-11-28 23:25:45.675 8610 INFO eventlet.wsgi.server [-] 10.0.1.131 - - [28/Nov/2014 23:25:45] "POST /v2.0/tokens HTTP/1.1" 200 4509 0.078574
2014-11-28 23:25:45.805 8611 INFO eventlet.wsgi.server [-] 10.0.1.111 - - [28/Nov/2014 23:25:45] "POST /v2.0/tokens HTTP/1.1" 200 4434 0.100988
2014-11-28 23:25:45.823 8611 INFO eventlet.wsgi.server [-] 10.0.1.111 - - [28/Nov/2014 23:25:45] "GET /v2.0/tokens/4296779d295048f696ad8e7bcbdaef87 HTTP/1.1" 200 4509 0.015532
2014-11-28 23:26:02.819 13134 WARNING keystone.openstack.common.versionutils [-] Deprecated: keystone.token.backends.sql.Token is deprecated as of Juno in favor of keystone.token.persistence.backends.sql.Token and may be removed in Kilo.
2014-11-28 23:26:02.845 13134 INFO keystone.token.persistence.backends.sql [-] Token expiration batch size: 1000
2014-11-28 23:26:02.849 13134 INFO keystone.token.persistence.backends.sql [-] Total expired tokens removed: 0
2014-11-28 23:26:22.721 8610 INFO eventlet.wsgi.server [-] 10.0.1.111 - - [28/Nov/2014 23:26:22] "POST /v2.0/tokens HTTP/1.1" 200 4453 0.093368
2014-11-28 23:26:22.741 8611 INFO eventlet.wsgi.server [-] 10.0.1.111 - - [28/Nov/2014 23:26:22] "GET /v2.0/tenants HTTP/1.1" 200 424 0.018620
2014-11-28 23:27:02.412 13493 WARNING keystone.openstack.common.versionutils [-] Deprecated: keystone.token.backends.sql.Token is deprecated as of Juno in favor of keystone.token.persistence.backends.sql.Token and may be removed in Kilo.
2014-11-28 23:27:02.427 13493 INFO keystone.token.persistence.backends.sql [-] Token expiration batch size: 1000
2014-11-28 23:27:02.431 13493 INFO keystone.token.persistence.backends.sql [-] Total expired tokens removed: 0
2014-11-28 23:28:02.269 14354 WARNING keystone.openstack.common.versionutils [-] Deprecated: keystone.token.backends.sql.Token is deprecated as of Juno in favor of keystone.token.persistence.backends.sql.Token and may be removed in Kilo.
2014-11-28 23:28:02.287 14354 INFO keystone.token.persistence.backends.sql [-] Token expiration batch size: 1000
2014-11-28 23:28:02.292 14354 INFO keystone.token.persistence.backends.sql [-] Total expired tokens removed: 0
2014-11-28 23:29:01.982 15114 WARNING keystone.openstack.common.versionutils [-] Deprecated: keystone.token.backends.sql.Token is deprecated as of Juno in favor of keystone.token.persistence.backends.sql.Token and may be removed in Kilo.
2014-11-28 23:29:01.997 15114 INFO keystone.token.persistence.backends.sql [-] Token expiration batch size: 1000
2014-11-28 23:29:02.000 15114 INFO keystone.token.persistence.backends.sql [-] Total expired tokens removed: 0
2014-11-28 23:30:01.647 16790 WARNING keystone.openstack.common.versionutils [-] Deprecated: keystone.token.backends.sql.Token is deprecated as of Juno in favor of keystone.token.persistence.backends.sql.Token and may be removed in Kilo.
2014-11-28 23:30:01.663 16790 INFO keystone.token.persistence.backends.sql [-] Token expiration batch size: 1000
2014-11-28 23:30:01.666 16790 INFO keystone.token.persistence.backends.sql [-] Total expired tokens removed: 0
2014-11-28 23:30:06.411 8611 INFO eventlet.wsgi.server [-] 127.0.0.1 - - [28/Nov/2014 23:30:06] "GET /v2.0/tenants HTTP/1.1" 200 405 0.005566
2014-11-28 23:30:06.737 8610 INFO eventlet.wsgi.server [-] 127.0.0.1 - - [28/Nov/2014 23:30:06] "GET /v2.0/tenants/271e4dcd912f49a4a04f911eeea8f287 HTTP/1.1" 200 248 0.007156
2014-11-28 23:30:06.757 8611 INFO eventlet.wsgi.server [-] 127.0.0.1 - - [28/Nov/2014 23:30:06] "GET /v2.0/tenants/271e4dcd912f49a4a04f911eeea8f287/users HTTP/1.1" 200 314 0.006879
2014-11-28 23:30:07.074 8610 INFO eventlet.wsgi.server [-] 127.0.0.1 - - [28/Nov/2014 23:30:07] "GET /v2.0/tenants/271e4dcd912f49a4a04f911eeea8f287 HTTP/1.1" 200 248 0.003922
2014-11-28 23:30:07.086 8610 INFO eventlet.wsgi.server [-] 127.0.0.1 - - [28/Nov/2014 23:30:07] "GET /v2.0/users/3a1eeb9c83bf47879f3f022958a310b0 HTTP/1.1" 200 311 0.003959
2014-11-28 23:30:07.101 8610 INFO eventlet.wsgi.server [-] 127.0.0.1 - - [28/Nov/2014 23:30:07] "GET /v2.0/tenants/271e4dcd912f49a4a04f911eeea8f287/users/3a1eeb9c83bf47879f3f022958a310b0/roles HTTP/1.1" 200 200 0.012994
2014-11-28 23:30:07.409 8611 INFO eventlet.wsgi.server [-] 127.0.0.1 - - [28/Nov/2014 23:30:07] "GET /v2.0/OS-KSADM/roles HTTP/1.1" 200 546 0.004239
2014-11-28 23:30:07.745 8611 INFO eventlet.wsgi.server [-] 127.0.0.1 - - [28/Nov/2014 23:30:07] "GET /v2.0/users/3a1eeb9c83bf47879f3f022958a310b0 HTTP/1.1" 200 311 0.003808
2014-11-28 23:30:07.758 8610 INFO eventlet.wsgi.server [-] 127.0.0.1 - - [28/Nov/2014 23:30:07] "GET /v2.0/OS-KSADM/roles/9fe2ff9ee4384b1894a90878d3e92bab HTTP/1.1" 200 200 0.004020
2014-11-28 23:30:07.765 8611 INFO eventlet.wsgi.server [-] 127.0.0.1 - - [28/Nov/2014 23:30:07] "GET /v2.0/tenants/271e4dcd912f49a4a04f911eeea8f287 HTTP/1.1" 200 248 0.004157
2014-11-28 23:30:07.777 8611 INFO eventlet.wsgi.server [-] 127.0.0.1 - - [28/Nov/2014 23:30:07] "PUT /v2.0/tenants/271e4dcd912f49a4a04f911eeea8f287/users/3a1eeb9c83bf47879f3f022958a310b0/roles/OS-KSADM/9fe2ff9ee4384b1894a90878d3e92bab HTTP/1.1" 200 200 0.009528
2014-11-28 23:30:08.079 8610 INFO eventlet.wsgi.server [-] 127.0.0.1 - - [28/Nov/2014 23:30:08] "GET /v2.0/users/3a1eeb9c83bf47879f3f022958a310b0 HTTP/1.1" 200 311 0.004484
2014-11-28 23:30:08.091 8610 INFO eventlet.wsgi.server [-] 127.0.0.1 - - [28/Nov/2014 23:30:08] "GET /v2.0/OS-KSADM/roles/e2c6d2ee4a394a67ab63fdb0c95128b4 HTTP/1.1" 200 208 0.003530
2014-11-28 23:30:08.098 8611 INFO eventlet.wsgi.server [-] 127.0.0.1 - - [28/Nov/2014 23:30:08] "GET /v2.0/tenants/271e4dcd912f49a4a04f911eeea8f287 HTTP/1.1" 200 248 0.004405
2014-11-28 23:30:08.112 8611 INFO eventlet.wsgi.server [-] 127.0.0.1 - - [28/Nov/2014 23:30:08] "PUT /v2.0/tenants/271e4dcd912f49a4a04f911eeea8f287/users/3a1eeb9c83bf47879f3f022958a310b0/roles/OS-KSADM/e2c6d2ee4a394a67ab63fdb0c95128b4 HTTP/1.1" 200 208 0.010853
2014-11-28 23:30:22.136 8611 INFO eventlet.wsgi.server [-] 10.0.1.111 - - [28/Nov/2014 23:30:22] "POST /v3/auth/tokens HTTP/1.1" 201 7952 0.108332
2014-11-28 23:30:22.151 8610 INFO eventlet.wsgi.server [-] 10.0.1.111 - - [28/Nov/2014 23:30:22] "POST /v3/domains HTTP/1.1" 201 373 0.011478
2014-11-28 23:30:22.170 8611 INFO eventlet.wsgi.server [-] 10.0.1.111 - - [28/Nov/2014 23:30:22] "GET /v3/domains/9cbd5e3efb2d42d79131f5635b5271a5 HTTP/1.1" 200 368 0.009845
