2014-11-26 11:20:01.748 3285 INFO neutron.wsgi [req-e4093557-e690-4b99-946d-b6f473ae806d None] 10.0.1.111 - - [26/Nov/2014 11:20:01] "GET //v2.0/routers.json?tenant_id=cdd5e77fe2c440cf86afbf1d7b9653a4 HTTP/1.1" 200 588 0.023986
2014-11-26 11:20:11.797 3285 INFO neutron.wsgi [-] (3285) accepted ('10.0.1.111', 35239)
2014-11-26 11:20:11.819 3285 INFO neutron.wsgi [req-15f59c1e-2862-4bfe-bc67-d8690b9badcb None] 10.0.1.111 - - [26/Nov/2014 11:20:11] "GET //v2.0/networks.json?shared=False&tenant_id=cdd5e77fe2c440cf86afbf1d7b9653a4 HTTP/1.1" 200 460 0.020999
2014-11-26 11:20:11.821 3284 INFO neutron.wsgi [-] (3284) accepted ('10.0.1.111', 35240)
2014-11-26 11:20:11.838 3284 INFO neutron.wsgi [req-1ea5cd24-47e8-4641-88c2-684b27cf9674 None] 10.0.1.111 - - [26/Nov/2014 11:20:11] "GET //v2.0/subnets.json HTTP/1.1" 200 624 0.016408
2014-11-26 11:20:11.841 3285 INFO neutron.wsgi [-] (3285) accepted ('10.0.1.111', 35241)
2014-11-26 11:20:11.854 3285 INFO neutron.wsgi [req-989ea4f7-56ab-45e9-befe-f2cc75007a25 None] 10.0.1.111 - - [26/Nov/2014 11:20:11] "GET //v2.0/networks.json?shared=True HTTP/1.1" 200 205 0.011817
2014-11-26 11:20:11.856 3284 INFO neutron.wsgi [-] (3284) accepted ('10.0.1.111', 35242)
2014-11-26 11:20:11.870 3284 INFO neutron.wsgi [req-6dbdf57d-48f2-498e-ae0d-20939e411c57 None] 10.0.1.111 - - [26/Nov/2014 11:20:11] "GET //v2.0/subnets.json HTTP/1.1" 200 624 0.012743
2014-11-26 11:20:11.873 3285 INFO neutron.wsgi [-] (3285) accepted ('10.0.1.111', 35243)
2014-11-26 11:20:11.888 3285 INFO neutron.wsgi [req-02b1ad4c-7ad2-4b5f-8d3c-a0782c2941da None] 10.0.1.111 - - [26/Nov/2014 11:20:11] "GET //v2.0/networks.json?router%3Aexternal=True HTTP/1.1" 200 458 0.015160
2014-11-26 11:20:11.891 3284 INFO neutron.wsgi [-] (3284) accepted ('10.0.1.111', 35244)
2014-11-26 11:20:11.904 3284 INFO neutron.wsgi [req-64ebe6bb-e57a-49b8-8788-7693fa044fcb None] 10.0.1.111 - - [26/Nov/2014 11:20:11] "GET //v2.0/subnets.json HTTP/1.1" 200 624 0.012393
2014-11-26 11:20:11.906 3285 INFO neutron.wsgi [-] (3285) accepted ('10.0.1.111', 35245)
2014-11-26 11:20:11.923 3285 INFO neutron.wsgi [req-81a7a527-08d4-4b2a-bfb2-f08bc733b65e None] 10.0.1.111 - - [26/Nov/2014 11:20:11] "GET //v2.0/ports.json HTTP/1.1" 200 743 0.016058
2014-11-26 11:20:11.926 3284 INFO neutron.wsgi [-] (3284) accepted ('10.0.1.111', 35246)
2014-11-26 11:20:11.951 3284 INFO neutron.wsgi [req-2594d08a-bfb4-4be4-8f5e-32a76989fc1d None] 10.0.1.111 - - [26/Nov/2014 11:20:11] "GET //v2.0/routers.json?tenant_id=cdd5e77fe2c440cf86afbf1d7b9653a4 HTTP/1.1" 200 588 0.024183
2014-11-26 11:20:22.002 3284 INFO neutron.wsgi [-] (3284) accepted ('10.0.1.111', 35248)
2014-11-26 11:20:22.022 3284 INFO neutron.wsgi [req-dee67f4c-15ad-4ad2-932f-c275f5876c69 None] 10.0.1.111 - - [26/Nov/2014 11:20:22] "GET //v2.0/networks.json?shared=False&tenant_id=cdd5e77fe2c440cf86afbf1d7b9653a4 HTTP/1.1" 200 460 0.018672
2014-11-26 11:20:22.027 3285 INFO neutron.wsgi [-] (3285) accepted ('10.0.1.111', 35249)
2014-11-26 11:20:22.046 3285 INFO neutron.wsgi [req-a8735dd0-6a8f-41cf-b4a2-13c0c829ced3 None] 10.0.1.111 - - [26/Nov/2014 11:20:22] "GET //v2.0/subnets.json HTTP/1.1" 200 624 0.018407
2014-11-26 11:20:22.050 3285 INFO neutron.wsgi [-] (3285) accepted ('10.0.1.111', 35250)
2014-11-26 11:20:22.076 3285 INFO neutron.wsgi [req-9c9edfd1-c4b2-4b4a-8ee6-42e68cbb7935 None] 10.0.1.111 - - [26/Nov/2014 11:20:22] "GET //v2.0/networks.json?shared=True HTTP/1.1" 200 205 0.024446
2014-11-26 11:20:22.081 3284 INFO neutron.wsgi [-] (3284) accepted ('10.0.1.111', 35251)
2014-11-26 11:20:22.104 3284 INFO neutron.wsgi [req-fd90e4ac-376d-4cb2-ba0c-469082b66416 None] 10.0.1.111 - - [26/Nov/2014 11:20:22] "GET //v2.0/subnets.json HTTP/1.1" 200 624 0.022053
2014-11-26 11:20:22.107 3285 INFO neutron.wsgi [-] (3285) accepted ('10.0.1.111', 35252)
2014-11-26 11:20:22.123 3285 INFO neutron.wsgi [req-6774ca79-bc0d-47ab-a64e-e14ce2c50944 None] 10.0.1.111 - - [26/Nov/2014 11:20:22] "GET //v2.0/networks.json?router%3Aexternal=True HTTP/1.1" 200 458 0.014671
2014-11-26 11:20:22.125 3284 INFO neutron.wsgi [-] (3284) accepted ('10.0.1.111', 35253)
2014-11-26 11:20:22.136 3284 INFO neutron.wsgi [req-8ed80178-d467-4898-a7bd-6941c8245f9b None] 10.0.1.111 - - [26/Nov/2014 11:20:22] "GET //v2.0/subnets.json HTTP/1.1" 200 624 0.010740
2014-11-26 11:20:22.139 3284 INFO neutron.wsgi [-] (3284) accepted ('10.0.1.111', 35254)
2014-11-26 11:20:22.158 3284 INFO neutron.wsgi [req-3ccd6ba9-a4f1-439f-86de-e07b89f4e6e7 None] 10.0.1.111 - - [26/Nov/2014 11:20:22] "GET //v2.0/ports.json HTTP/1.1" 200 743 0.019023
2014-11-26 11:20:22.161 3285 INFO neutron.wsgi [-] (3285) accepted ('10.0.1.111', 35255)
2014-11-26 11:20:22.236 3285 INFO neutron.wsgi [req-2a1b4ad0-2794-43bc-b9b9-d05a0e6f88cc None] 10.0.1.111 - - [26/Nov/2014 11:20:22] "GET //v2.0/routers.json?tenant_id=cdd5e77fe2c440cf86afbf1d7b9653a4 HTTP/1.1" 200 588 0.074162
2014-11-26 11:20:32.290 3284 INFO neutron.wsgi [-] (3284) accepted ('10.0.1.111', 35257)
2014-11-26 11:20:32.311 3284 INFO neutron.wsgi [req-f7eb6f9d-bc66-47ae-b936-2d39fe520183 None] 10.0.1.111 - - [26/Nov/2014 11:20:32] "GET //v2.0/networks.json?shared=False&tenant_id=cdd5e77fe2c440cf86afbf1d7b9653a4 HTTP/1.1" 200 460 0.019342
2014-11-26 11:20:32.314 3284 INFO neutron.wsgi [-] (3284) accepted ('10.0.1.111', 35258)
2014-11-26 11:20:32.327 3284 INFO neutron.wsgi [req-b966645d-4c48-483f-b13c-91054edf8dd9 None] 10.0.1.111 - - [26/Nov/2014 11:20:32] "GET //v2.0/subnets.json HTTP/1.1" 200 624 0.012687
2014-11-26 11:20:32.330 3285 INFO neutron.wsgi [-] (3285) accepted ('10.0.1.111', 35259)
2014-11-26 11:20:32.345 3285 INFO neutron.wsgi [req-544314d7-9886-43cd-a94a-9d196938dfc3 None] 10.0.1.111 - - [26/Nov/2014 11:20:32] "GET //v2.0/networks.json?shared=True HTTP/1.1" 200 205 0.014231
2014-11-26 11:20:32.348 3285 INFO neutron.wsgi [-] (3285) accepted ('10.0.1.111', 35260)
2014-11-26 11:20:32.361 3285 INFO neutron.wsgi [req-95760638-caa7-4017-bc02-ced2cbf3baa9 None] 10.0.1.111 - - [26/Nov/2014 11:20:32] "GET //v2.0/subnets.json HTTP/1.1" 200 624 0.012109
2014-11-26 11:20:32.364 3284 INFO neutron.wsgi [-] (3284) accepted ('10.0.1.111', 35261)
2014-11-26 11:20:32.381 3284 INFO neutron.wsgi [req-fbcdb08c-3129-4c4b-9a93-cbc8986a2494 None] 10.0.1.111 - - [26/Nov/2014 11:20:32] "GET //v2.0/networks.json?router%3Aexternal=True HTTP/1.1" 200 458 0.016095
2014-11-26 11:20:32.384 3285 INFO neutron.wsgi [-] (3285) accepted ('10.0.1.111', 35262)
2014-11-26 11:20:32.397 3285 INFO neutron.wsgi [req-b5436e87-7843-4379-bdf3-db7ee3431886 None] 10.0.1.111 - - [26/Nov/2014 11:20:32] "GET //v2.0/subnets.json HTTP/1.1" 200 624 0.013078
2014-11-26 11:20:32.400 3284 INFO neutron.wsgi [-] (3284) accepted ('10.0.1.111', 35263)
2014-11-26 11:20:32.418 3284 INFO neutron.wsgi [req-e15858b9-79bc-4fc2-a179-dd553bbc26f6 None] 10.0.1.111 - - [26/Nov/2014 11:20:32] "GET //v2.0/ports.json HTTP/1.1" 200 743 0.016919
2014-11-26 11:20:32.420 3285 INFO neutron.wsgi [-] (3285) accepted ('10.0.1.111', 35264)
2014-11-26 11:20:32.442 3285 INFO neutron.wsgi [req-6e8e74a3-b663-4066-bb1d-a3e214361000 None] 10.0.1.111 - - [26/Nov/2014 11:20:32] "GET //v2.0/routers.json?tenant_id=cdd5e77fe2c440cf86afbf1d7b9653a4 HTTP/1.1" 200 588 0.021149
2014-11-26 11:20:42.503 3285 INFO neutron.wsgi [-] (3285) accepted ('10.0.1.111', 35266)
2014-11-26 11:20:42.522 3285 INFO neutron.wsgi [req-d2a1a504-ba1f-4bf4-9916-0e44ed40159f None] 10.0.1.111 - - [26/Nov/2014 11:20:42] "GET //v2.0/networks.json?shared=False&tenant_id=cdd5e77fe2c440cf86afbf1d7b9653a4 HTTP/1.1" 200 460 0.017546
2014-11-26 11:20:42.524 3284 INFO neutron.wsgi [-] (3284) accepted ('10.0.1.111', 35267)
2014-11-26 11:20:42.539 3284 INFO neutron.wsgi [req-11297e4d-c8c5-496b-8b4a-564b07658973 None] 10.0.1.111 - - [26/Nov/2014 11:20:42] "GET //v2.0/subnets.json HTTP/1.1" 200 624 0.013771
2014-11-26 11:20:42.542 3284 INFO neutron.wsgi [-] (3284) accepted ('10.0.1.111', 35268)
2014-11-26 11:20:42.553 3284 INFO neutron.wsgi [req-574fa22d-6692-40c6-9832-58ad4897d08c None] 10.0.1.111 - - [26/Nov/2014 11:20:42] "GET //v2.0/networks.json?shared=True HTTP/1.1" 200 205 0.011157
2014-11-26 11:20:42.556 3284 INFO neutron.wsgi [-] (3284) accepted ('10.0.1.111', 35269)
2014-11-26 11:20:42.569 3284 INFO neutron.wsgi [req-dbaba8de-bd40-4750-9992-65fd902dbac4 None] 10.0.1.111 - - [26/Nov/2014 11:20:42] "GET //v2.0/subnets.json HTTP/1.1" 200 624 0.012678
2014-11-26 11:20:42.572 3284 INFO neutron.wsgi [-] (3284) accepted ('10.0.1.111', 35270)
2014-11-26 11:20:42.593 3284 INFO neutron.wsgi [req-aa444402-cbcd-4ab5-9580-1f72883ff4ad None] 10.0.1.111 - - [26/Nov/2014 11:20:42] "GET //v2.0/networks.json?router%3Aexternal=True HTTP/1.1" 200 458 0.019796
2014-11-26 11:20:42.595 3285 INFO neutron.wsgi [-] (3285) accepted ('10.0.1.111', 35271)
2014-11-26 11:20:42.607 3285 INFO neutron.wsgi [req-b91488ec-2ca2-4de9-9d29-90a01db0e35d None] 10.0.1.111 - - [26/Nov/2014 11:20:42] "GET //v2.0/subnets.json HTTP/1.1" 200 624 0.010960
2014-11-26 11:20:42.609 3284 INFO neutron.wsgi [-] (3284) accepted ('10.0.1.111', 35272)
2014-11-26 11:20:42.675 3284 INFO neutron.wsgi [req-99d14fc5-e3c6-4616-aa57-0bc1751853b0 None] 10.0.1.111 - - [26/Nov/2014 11:20:42] "GET //v2.0/ports.json HTTP/1.1" 200 743 0.065267
2014-11-26 11:20:42.678 3284 INFO neutron.wsgi [-] (3284) accepted ('10.0.1.111', 35273)
2014-11-26 11:20:42.699 3284 INFO neutron.wsgi [req-55c34ec4-b48e-41f6-a538-2f33f51a4215 None] 10.0.1.111 - - [26/Nov/2014 11:20:42] "GET //v2.0/routers.json?tenant_id=cdd5e77fe2c440cf86afbf1d7b9653a4 HTTP/1.1" 200 588 0.020766
2014-11-26 11:20:52.830 3284 INFO neutron.wsgi [-] (3284) accepted ('10.0.1.111', 35275)
2014-11-26 11:20:52.844 3284 INFO neutron.wsgi [req-f582b222-e12d-4e2b-ade8-4055f77ff676 None] 10.0.1.111 - - [26/Nov/2014 11:20:52] "GET //v2.0/networks.json?shared=False&tenant_id=cdd5e77fe2c440cf86afbf1d7b9653a4 HTTP/1.1" 200 460 0.012466
2014-11-26 11:20:52.846 3284 INFO neutron.wsgi [-] (3284) accepted ('10.0.1.111', 35276)
2014-11-26 11:20:52.856 3284 INFO neutron.wsgi [req-5e7233b7-2da0-4fcf-862c-dcc8ff9ae5c1 None] 10.0.1.111 - - [26/Nov/2014 11:20:52] "GET //v2.0/subnets.json HTTP/1.1" 200 624 0.009821
2014-11-26 11:20:52.859 3285 INFO neutron.wsgi [-] (3285) accepted ('10.0.1.111', 35277)
2014-11-26 11:20:52.880 3285 INFO neutron.wsgi [req-921ac18c-f86b-4ddc-9c01-d44adcc36040 None] 10.0.1.111 - - [26/Nov/2014 11:20:52] "GET //v2.0/networks.json?shared=True HTTP/1.1" 200 205 0.020129
2014-11-26 11:20:52.883 3285 INFO neutron.wsgi [-] (3285) accepted ('10.0.1.111', 35278)
2014-11-26 11:20:52.898 3285 INFO neutron.wsgi [req-018f1143-f869-4fe9-87e3-4f1ad8505e7f None] 10.0.1.111 - - [26/Nov/2014 11:20:52] "GET //v2.0/subnets.json HTTP/1.1" 200 624 0.013911
2014-11-26 11:20:52.901 3284 INFO neutron.wsgi [-] (3284) accepted ('10.0.1.111', 35279)
2014-11-26 11:20:52.920 3284 INFO neutron.wsgi [req-5d63b53c-7f79-4cb0-a91b-096541d88435 None] 10.0.1.111 - - [26/Nov/2014 11:20:52] "GET //v2.0/networks.json?router%3Aexternal=True HTTP/1.1" 200 458 0.018656
2014-11-26 11:20:52.923 3284 INFO neutron.wsgi [-] (3284) accepted ('10.0.1.111', 35280)
2014-11-26 11:20:52.935 3284 INFO neutron.wsgi [req-de28b376-3515-4c74-8324-cf2a438c11c3 None] 10.0.1.111 - - [26/Nov/2014 11:20:52] "GET //v2.0/subnets.json HTTP/1.1" 200 624 0.011273
2014-11-26 11:20:52.937 3285 INFO neutron.wsgi [-] (3285) accepted ('10.0.1.111', 35281)
2014-11-26 11:20:52.954 3285 INFO neutron.wsgi [req-821459de-343e-4c88-93f9-22a527631974 None] 10.0.1.111 - - [26/Nov/2014 11:20:52] "GET //v2.0/ports.json HTTP/1.1" 200 743 0.015904
2014-11-26 11:20:52.956 3284 INFO neutron.wsgi [-] (3284) accepted ('10.0.1.111', 35282)
2014-11-26 11:20:52.978 3284 INFO neutron.wsgi [req-fa79bf69-381e-467d-80c7-75d798d62b98 None] 10.0.1.111 - - [26/Nov/2014 11:20:52] "GET //v2.0/routers.json?tenant_id=cdd5e77fe2c440cf86afbf1d7b9653a4 HTTP/1.1" 200 588 0.021161
2014-11-26 11:21:03.029 3284 INFO neutron.wsgi [-] (3284) accepted ('10.0.1.111', 35285)
2014-11-26 11:21:03.047 3284 INFO neutron.wsgi [req-91b972ca-e686-430b-bc77-8dd11170ce21 None] 10.0.1.111 - - [26/Nov/2014 11:21:03] "GET //v2.0/networks.json?shared=False&tenant_id=cdd5e77fe2c440cf86afbf1d7b9653a4 HTTP/1.1" 200 460 0.016313
2014-11-26 11:21:03.050 3285 INFO neutron.wsgi [-] (3285) accepted ('10.0.1.111', 35286)
2014-11-26 11:21:03.064 3285 INFO neutron.wsgi [req-91575249-c73f-40ee-9992-2db8e0c08a1a None] 10.0.1.111 - - [26/Nov/2014 11:21:03] "GET //v2.0/subnets.json HTTP/1.1" 200 624 0.013110
2014-11-26 11:21:03.067 3284 INFO neutron.wsgi [-] (3284) accepted ('10.0.1.111', 35287)
2014-11-26 11:21:03.091 3284 INFO neutron.wsgi [req-f10e9e4d-2ae7-4b51-8638-f8228ad49f47 None] 10.0.1.111 - - [26/Nov/2014 11:21:03] "GET //v2.0/networks.json?shared=True HTTP/1.1" 200 205 0.022570
2014-11-26 11:21:03.095 3285 INFO neutron.wsgi [-] (3285) accepted ('10.0.1.111', 35288)
2014-11-26 11:21:03.111 3285 INFO neutron.wsgi [req-1a5f587a-f271-4dbb-b3a1-0b6f2f4c7ad8 None] 10.0.1.111 - - [26/Nov/2014 11:21:03] "GET //v2.0/subnets.json HTTP/1.1" 200 624 0.015318
2014-11-26 11:21:03.114 3284 INFO neutron.wsgi [-] (3284) accepted ('10.0.1.111', 35289)
2014-11-26 11:21:03.134 3284 INFO neutron.wsgi [req-6d9a6b6e-e6ff-407c-baa5-1664c0b85269 None] 10.0.1.111 - - [26/Nov/2014 11:21:03] "GET //v2.0/networks.json?router%3Aexternal=True HTTP/1.1" 200 458 0.018922
2014-11-26 11:21:03.136 3285 INFO neutron.wsgi [-] (3285) accepted ('10.0.1.111', 35290)
2014-11-26 11:21:03.151 3285 INFO neutron.wsgi [req-7b78c287-73ac-47ad-b0ec-0e6699d8e99f None] 10.0.1.111 - - [26/Nov/2014 11:21:03] "GET //v2.0/subnets.json HTTP/1.1" 200 624 0.013804
2014-11-26 11:21:03.153 3285 INFO neutron.wsgi [-] (3285) accepted ('10.0.1.111', 35291)
2014-11-26 11:21:03.170 3285 INFO neutron.wsgi [req-e94181b4-f55a-40e5-be8b-d6d67d6ea5b7 None] 10.0.1.111 - - [26/Nov/2014 11:21:03] "GET //v2.0/ports.json HTTP/1.1" 200 743 0.015950
2014-11-26 11:21:03.173 3285 INFO neutron.wsgi [-] (3285) accepted ('10.0.1.111', 35292)
2014-11-26 11:21:03.196 3285 INFO neutron.wsgi [req-98224ef2-e33c-406b-927c-749e1c95a889 None] 10.0.1.111 - - [26/Nov/2014 11:21:03] "GET //v2.0/routers.json?tenant_id=cdd5e77fe2c440cf86afbf1d7b9653a4 HTTP/1.1" 200 588 0.023142
2014-11-26 11:21:13.245 3284 INFO neutron.wsgi [-] (3284) accepted ('10.0.1.111', 35294)
2014-11-26 11:21:13.266 3284 INFO neutron.wsgi [req-ebbee153-880a-487e-a4f9-73f8376ecf9e None] 10.0.1.111 - - [26/Nov/2014 11:21:13] "GET //v2.0/networks.json?shared=False&tenant_id=cdd5e77fe2c440cf86afbf1d7b9653a4 HTTP/1.1" 200 460 0.020313
2014-11-26 11:21:13.269 3284 INFO neutron.wsgi [-] (3284) accepted ('10.0.1.111', 35295)
2014-11-26 11:21:13.281 3284 INFO neutron.wsgi [req-3cb12b51-3946-4449-ad4b-79f05d49cdcb None] 10.0.1.111 - - [26/Nov/2014 11:21:13] "GET //v2.0/subnets.json HTTP/1.1" 200 624 0.012044
2014-11-26 11:21:13.285 3285 INFO neutron.wsgi [-] (3285) accepted ('10.0.1.111', 35296)
2014-11-26 11:21:13.297 3285 INFO neutron.wsgi [req-d78fb910-c507-488c-9b13-a5b6a098bdd4 None] 10.0.1.111 - - [26/Nov/2014 11:21:13] "GET //v2.0/networks.json?shared=True HTTP/1.1" 200 205 0.011124
2014-11-26 11:21:13.299 3284 INFO neutron.wsgi [-] (3284) accepted ('10.0.1.111', 35297)
2014-11-26 11:21:13.312 3284 INFO neutron.wsgi [req-4d33464e-7653-43bc-9d44-69d11469c504 None] 10.0.1.111 - - [26/Nov/2014 11:21:13] "GET //v2.0/subnets.json HTTP/1.1" 200 624 0.011963
2014-11-26 11:21:13.314 3285 INFO neutron.wsgi [-] (3285) accepted ('10.0.1.111', 35298)
2014-11-26 11:21:13.330 3285 INFO neutron.wsgi [req-b270364e-3d30-4339-b49f-582b9ccd7b4a None] 10.0.1.111 - - [26/Nov/2014 11:21:13] "GET //v2.0/networks.json?router%3Aexternal=True HTTP/1.1" 200 458 0.014667
2014-11-26 11:21:13.332 3284 INFO neutron.wsgi [-] (3284) accepted ('10.0.1.111', 35299)
2014-11-26 11:21:13.344 3284 INFO neutron.wsgi [req-461ca361-0539-47ff-b5d7-1baa129d8ccf None] 10.0.1.111 - - [26/Nov/2014 11:21:13] "GET //v2.0/subnets.json HTTP/1.1" 200 624 0.011292
2014-11-26 11:21:13.347 3285 INFO neutron.wsgi [-] (3285) accepted ('10.0.1.111', 35300)
2014-11-26 11:21:13.362 3285 INFO neutron.wsgi [req-161fb623-5277-4e07-a8b2-2edd0fb8b6cb None] 10.0.1.111 - - [26/Nov/2014 11:21:13] "GET //v2.0/ports.json HTTP/1.1" 200 743 0.015008
2014-11-26 11:21:13.365 3284 INFO neutron.wsgi [-] (3284) accepted ('10.0.1.111', 35301)
2014-11-26 11:21:13.386 3284 INFO neutron.wsgi [req-6b498033-f766-4105-a7d6-8627cf49d34c None] 10.0.1.111 - - [26/Nov/2014 11:21:13] "GET //v2.0/routers.json?tenant_id=cdd5e77fe2c440cf86afbf1d7b9653a4 HTTP/1.1" 200 588 0.019913
2014-11-26 11:21:23.437 3284 INFO neutron.wsgi [-] (3284) accepted ('10.0.1.111', 35303)
2014-11-26 11:21:23.454 3284 INFO neutron.wsgi [req-2153bb76-6d72-4dc2-aed0-12a91150d83f None] 10.0.1.111 - - [26/Nov/2014 11:21:23] "GET //v2.0/networks.json?shared=False&tenant_id=cdd5e77fe2c440cf86afbf1d7b9653a4 HTTP/1.1" 200 460 0.015913
2014-11-26 11:21:23.456 3285 INFO neutron.wsgi [-] (3285) accepted ('10.0.1.111', 35304)
2014-11-26 11:21:23.477 3285 INFO neutron.wsgi [req-6a2538eb-de55-44cf-9d63-42628036307b None] 10.0.1.111 - - [26/Nov/2014 11:21:23] "GET //v2.0/subnets.json HTTP/1.1" 200 624 0.019188
2014-11-26 11:21:23.480 3284 INFO neutron.wsgi [-] (3284) accepted ('10.0.1.111', 35305)
2014-11-26 11:21:23.492 3284 INFO neutron.wsgi [req-72b06af9-8ba2-4ee2-b618-87bafc6fc15d None] 10.0.1.111 - - [26/Nov/2014 11:21:23] "GET //v2.0/networks.json?shared=True HTTP/1.1" 200 205 0.011299
2014-11-26 11:21:23.495 3285 INFO neutron.wsgi [-] (3285) accepted ('10.0.1.111', 35306)
2014-11-26 11:21:23.507 3285 INFO neutron.wsgi [req-2f4f3629-a2d0-40e2-b516-465dc9ddccbd None] 10.0.1.111 - - [26/Nov/2014 11:21:23] "GET //v2.0/subnets.json HTTP/1.1" 200 624 0.011666
2014-11-26 11:21:23.510 3284 INFO neutron.wsgi [-] (3284) accepted ('10.0.1.111', 35307)
2014-11-26 11:21:23.529 3284 INFO neutron.wsgi [req-1ca26774-055b-40bb-ab1e-f9fea9ab2445 None] 10.0.1.111 - - [26/Nov/2014 11:21:23] "GET //v2.0/networks.json?router%3Aexternal=True HTTP/1.1" 200 458 0.018624
2014-11-26 11:21:23.532 3284 INFO neutron.wsgi [-] (3284) accepted ('10.0.1.111', 35308)
2014-11-26 11:21:23.545 3284 INFO neutron.wsgi [req-6eb2b5c5-9a4b-4900-86fd-944123f67591 None] 10.0.1.111 - - [26/Nov/2014 11:21:23] "GET //v2.0/subnets.json HTTP/1.1" 200 624 0.012531
2014-11-26 11:21:23.548 3285 INFO neutron.wsgi [-] (3285) accepted ('10.0.1.111', 35309)
2014-11-26 11:21:23.569 3285 INFO neutron.wsgi [req-a634159e-5886-4ca0-9222-652824a2a2b2 None] 10.0.1.111 - - [26/Nov/2014 11:21:23] "GET //v2.0/ports.json HTTP/1.1" 200 743 0.019903
2014-11-26 11:21:23.572 3284 INFO neutron.wsgi [-] (3284) accepted ('10.0.1.111', 35310)
2014-11-26 11:21:23.593 3284 INFO neutron.wsgi [req-9806a1fe-d9de-4e7b-b59f-031e5251814a None] 10.0.1.111 - - [26/Nov/2014 11:21:23] "GET //v2.0/routers.json?tenant_id=cdd5e77fe2c440cf86afbf1d7b9653a4 HTTP/1.1" 200 588 0.020489
2014-11-26 11:21:33.643 3284 INFO neutron.wsgi [-] (3284) accepted ('10.0.1.111', 35312)
2014-11-26 11:21:33.661 3284 INFO neutron.wsgi [req-1c4c3751-80e8-4928-ae70-9915b391fa72 None] 10.0.1.111 - - [26/Nov/2014 11:21:33] "GET //v2.0/networks.json?shared=False&tenant_id=cdd5e77fe2c440cf86afbf1d7b9653a4 HTTP/1.1" 200 460 0.017469
2014-11-26 11:21:33.664 3285 INFO neutron.wsgi [-] (3285) accepted ('10.0.1.111', 35313)
2014-11-26 11:21:33.678 3285 INFO neutron.wsgi [req-122bf092-1040-47d3-bcc4-f963551c46d5 None] 10.0.1.111 - - [26/Nov/2014 11:21:33] "GET //v2.0/subnets.json HTTP/1.1" 200 624 0.012854
2014-11-26 11:21:33.680 3284 INFO neutron.wsgi [-] (3284) accepted ('10.0.1.111', 35314)
2014-11-26 11:21:33.693 3284 INFO neutron.wsgi [req-f488279c-6763-40e7-a762-794cfcbbbd50 None] 10.0.1.111 - - [26/Nov/2014 11:21:33] "GET //v2.0/networks.json?shared=True HTTP/1.1" 200 205 0.011895
2014-11-26 11:21:33.695 3285 INFO neutron.wsgi [-] (3285) accepted ('10.0.1.111', 35315)
2014-11-26 11:21:33.707 3285 INFO neutron.wsgi [req-703d0ad0-4219-4623-a306-39b7c3783ae1 None] 10.0.1.111 - - [26/Nov/2014 11:21:33] "GET //v2.0/subnets.json HTTP/1.1" 200 624 0.011339
2014-11-26 11:21:33.710 3285 INFO neutron.wsgi [-] (3285) accepted ('10.0.1.111', 35316)
2014-11-26 11:21:33.725 3285 INFO neutron.wsgi [req-42697499-2823-453f-8cff-fcfb64f447b6 None] 10.0.1.111 - - [26/Nov/2014 11:21:33] "GET //v2.0/networks.json?router%3Aexternal=True HTTP/1.1" 200 458 0.014873
2014-11-26 11:21:33.727 3284 INFO neutron.wsgi [-] (3284) accepted ('10.0.1.111', 35317)
2014-11-26 11:21:33.739 3284 INFO neutron.wsgi [req-c830e6fc-6d38-4033-abb3-0f0bcc052431 None] 10.0.1.111 - - [26/Nov/2014 11:21:33] "GET //v2.0/subnets.json HTTP/1.1" 200 624 0.011087
2014-11-26 11:21:33.741 3284 INFO neutron.wsgi [-] (3284) accepted ('10.0.1.111', 35318)
2014-11-26 11:21:33.762 3284 INFO neutron.wsgi [req-a5c58259-51cd-484a-b0ac-aec7a7e82671 None] 10.0.1.111 - - [26/Nov/2014 11:21:33] "GET //v2.0/ports.json HTTP/1.1" 200 743 0.020019
2014-11-26 11:21:33.765 3285 INFO neutron.wsgi [-] (3285) accepted ('10.0.1.111', 35319)
2014-11-26 11:21:33.786 3285 INFO neutron.wsgi [req-636034cc-686f-4b59-8f88-956d7db094dc None] 10.0.1.111 - - [26/Nov/2014 11:21:33] "GET //v2.0/routers.json?tenant_id=cdd5e77fe2c440cf86afbf1d7b9653a4 HTTP/1.1" 200 588 0.020135
2014-11-26 11:21:43.844 3284 INFO neutron.wsgi [-] (3284) accepted ('10.0.1.111', 35321)
2014-11-26 11:21:43.909 3284 INFO neutron.wsgi [req-634a839f-5fed-4ce2-9141-36181ee3ea53 None] 10.0.1.111 - - [26/Nov/2014 11:21:43] "GET //v2.0/networks.json?shared=False&tenant_id=cdd5e77fe2c440cf86afbf1d7b9653a4 HTTP/1.1" 200 460 0.063627
2014-11-26 11:21:43.911 3284 INFO neutron.wsgi [-] (3284) accepted ('10.0.1.111', 35323)
2014-11-26 11:21:43.923 3284 INFO neutron.wsgi [req-45beb796-2961-4078-b9fe-703bca94ea1a None] 10.0.1.111 - - [26/Nov/2014 11:21:43] "GET //v2.0/subnets.json HTTP/1.1" 200 624 0.011020
2014-11-26 11:21:43.925 3285 INFO neutron.wsgi [-] (3285) accepted ('10.0.1.111', 35324)
2014-11-26 11:21:43.976 3285 INFO neutron.wsgi [req-e0fcc5d0-64a7-40bf-b6e8-315087058101 None] 10.0.1.111 - - [26/Nov/2014 11:21:43] "GET //v2.0/networks.json?shared=True HTTP/1.1" 200 205 0.049419
2014-11-26 11:21:43.978 3285 INFO neutron.wsgi [-] (3285) accepted ('10.0.1.111', 35325)
2014-11-26 11:21:43.990 3285 INFO neutron.wsgi [req-92031e20-7cbd-4385-892e-288a29479169 None] 10.0.1.111 - - [26/Nov/2014 11:21:43] "GET //v2.0/subnets.json HTTP/1.1" 200 624 0.011242
2014-11-26 11:21:43.992 3284 INFO neutron.wsgi [-] (3284) accepted ('10.0.1.111', 35326)
2014-11-26 11:21:44.013 3284 INFO neutron.wsgi [req-ba09d49d-4204-45c5-b316-5ec0bc6c2ee1 None] 10.0.1.111 - - [26/Nov/2014 11:21:44] "GET //v2.0/networks.json?router%3Aexternal=True HTTP/1.1" 200 458 0.019633
2014-11-26 11:21:44.015 3285 INFO neutron.wsgi [-] (3285) accepted ('10.0.1.111', 35327)
2014-11-26 11:21:44.026 3285 INFO neutron.wsgi [req-0397269a-4439-4934-a3ef-0ed03e6e42d2 None] 10.0.1.111 - - [26/Nov/2014 11:21:44] "GET //v2.0/subnets.json HTTP/1.1" 200 624 0.010453
2014-11-26 11:21:44.029 3284 INFO neutron.wsgi [-] (3284) accepted ('10.0.1.111', 35328)
2014-11-26 11:21:44.047 3284 INFO neutron.wsgi [req-0a47ebb5-c66f-48bc-b6cd-d4264bba715f None] 10.0.1.111 - - [26/Nov/2014 11:21:44] "GET //v2.0/ports.json HTTP/1.1" 200 743 0.017294
2014-11-26 11:21:44.049 3285 INFO neutron.wsgi [-] (3285) accepted ('10.0.1.111', 35329)
2014-11-26 11:21:44.076 3285 INFO neutron.wsgi [req-1a0855cb-d3a8-4eba-ba98-d31ab2e56718 None] 10.0.1.111 - - [26/Nov/2014 11:21:44] "GET //v2.0/routers.json?tenant_id=cdd5e77fe2c440cf86afbf1d7b9653a4 HTTP/1.1" 200 588 0.025987
2014-11-26 11:31:53.777 3285 INFO neutron.wsgi [-] (3285) accepted ('10.0.1.111', 35359)
2014-11-26 11:31:53.830 3285 INFO neutron.wsgi [req-434f4bc1-0bfa-440e-b980-15152d6794bc None] 10.0.1.111 - - [26/Nov/2014 11:31:53] "GET /v2.0/networks.json HTTP/1.1" 200 714 0.051365
2014-11-26 11:31:53.843 3285 INFO neutron.wsgi [req-8b9994d1-6c3c-4104-8f6b-7652d8421d29 None] 10.0.1.111 - - [26/Nov/2014 11:31:53] "GET /v2.0/subnets.json?fields=id&fields=cidr&id=c06b50f3-51f9-4072-8eaa-81e6b799729a&id=0f66118c-3d71-454e-9cd5-84f636f77329 HTTP/1.1" 200 273 0.009837
2014-11-26 11:31:55.250 3285 INFO neutron.wsgi [-] (3285) accepted ('10.0.1.111', 35382)
2014-11-26 11:31:55.302 3285 INFO neutron.wsgi [req-d659ee41-22bf-4c46-a688-45fad333f9c2 None] 10.0.1.111 - - [26/Nov/2014 11:31:55] "GET /v2.0/networks.json?id=c239cd04-f906-4a1d-aab0-bc4bf2188606 HTTP/1.1" 200 460 0.050819
2014-11-26 11:31:55.304 3285 INFO neutron.wsgi [-] (3285) accepted ('10.0.1.111', 35383)
2014-11-26 11:31:55.319 3285 INFO neutron.wsgi [req-23393147-6a92-4900-b495-752d80173dff None] 10.0.1.111 - - [26/Nov/2014 11:31:55] "GET /v2.0/ports.json?tenant_id=cdd5e77fe2c440cf86afbf1d7b9653a4 HTTP/1.1" 200 743 0.015299
2014-11-26 11:31:55.321 3285 INFO neutron.wsgi [-] (3285) accepted ('10.0.1.111', 35384)
2014-11-26 11:31:55.326 3285 INFO neutron.wsgi [req-9c0881b4-56a4-4007-8681-31d7268c345f None] 10.0.1.111 - - [26/Nov/2014 11:31:55] "GET /v2.0/quotas/cdd5e77fe2c440cf86afbf1d7b9653a4.json HTTP/1.1" 200 324 0.004273
2014-11-26 11:35:58.904 3285 INFO neutron.wsgi [-] (3285) accepted ('10.0.1.111', 35416)
2014-11-26 11:35:58.968 3285 INFO neutron.wsgi [req-a06291b8-23ba-42da-941a-d8cf126203be None] 10.0.1.111 - - [26/Nov/2014 11:35:58] "GET /v2.0/networks.json HTTP/1.1" 200 714 0.063267
2014-11-26 11:35:58.984 3285 INFO neutron.wsgi [req-68c40032-dc75-472f-ae38-3e967dc23da8 None] 10.0.1.111 - - [26/Nov/2014 11:35:58] "GET /v2.0/subnets.json?fields=id&fields=cidr&id=c06b50f3-51f9-4072-8eaa-81e6b799729a&id=0f66118c-3d71-454e-9cd5-84f636f77329 HTTP/1.1" 200 273 0.012701
2014-11-26 11:35:59.910 3285 INFO neutron.wsgi [-] (3285) accepted ('10.0.1.111', 35431)
2014-11-26 11:35:59.963 3285 INFO neutron.wsgi [req-e9bf17ec-1633-4763-82aa-a75bb5d765ab None] 10.0.1.111 - - [26/Nov/2014 11:35:59] "GET /v2.0/networks.json?id=c239cd04-f906-4a1d-aab0-bc4bf2188606 HTTP/1.1" 200 460 0.052121
2014-11-26 11:35:59.966 3284 INFO neutron.wsgi [-] (3284) accepted ('10.0.1.111', 35432)
2014-11-26 11:36:00.023 3284 INFO neutron.wsgi [req-a31c2f83-2ee6-4cfd-984c-2f3c194b912f None] 10.0.1.111 - - [26/Nov/2014 11:36:00] "GET /v2.0/ports.json?tenant_id=cdd5e77fe2c440cf86afbf1d7b9653a4 HTTP/1.1" 200 743 0.056260
2014-11-26 11:36:00.025 3285 INFO neutron.wsgi [-] (3285) accepted ('10.0.1.111', 35433)
2014-11-26 11:36:00.029 3285 INFO neutron.wsgi [req-f8e8fc0c-e6f7-416f-a313-f3dab3530c02 None] 10.0.1.111 - - [26/Nov/2014 11:36:00] "GET /v2.0/quotas/cdd5e77fe2c440cf86afbf1d7b9653a4.json HTTP/1.1" 200 324 0.003716
2014-11-26 11:36:00.199 3284 INFO neutron.wsgi [-] (3284) accepted ('10.0.1.111', 35438)
2014-11-26 11:36:00.216 3284 INFO neutron.wsgi [req-831d6a34-1133-40b8-ac9b-3d84a4a2d91d None] 10.0.1.111 - - [26/Nov/2014 11:36:00] "GET /v2.0/ports.json?device_id=c7f0a697-eebb-4337-a6f6-eb057750cc1b HTTP/1.1" 200 202 0.015670
2014-11-26 11:36:00.582 3284 INFO neutron.wsgi [-] (3284) accepted ('10.0.1.131', 55905)
2014-11-26 11:36:00.602 3284 INFO neutron.wsgi [req-10f717eb-f035-4c03-8a64-bd343c6065d6 None] 10.0.1.131 - - [26/Nov/2014 11:36:00] "GET /v2.0/networks.json?id=c239cd04-f906-4a1d-aab0-bc4bf2188606 HTTP/1.1" 200 460 0.019234
2014-11-26 11:36:00.609 3285 INFO neutron.wsgi [-] (3285) accepted ('10.0.1.131', 55906)
2014-11-26 11:36:00.621 3285 INFO neutron.wsgi [req-a6bdbeee-4dfc-4392-b45f-a2eb41227c46 None] 10.0.1.131 - - [26/Nov/2014 11:36:00] "GET /v2.0/security-groups.json?tenant_id=cdd5e77fe2c440cf86afbf1d7b9653a4 HTTP/1.1" 200 1726 0.011347
2014-11-26 11:36:00.626 3285 INFO neutron.wsgi [-] (3285) accepted ('10.0.1.131', 55907)
2014-11-26 11:36:00.629 3285 INFO neutron.wsgi [req-074a62c3-1354-4eb0-b5a0-2640733dfa93 None] 10.0.1.131 - - [26/Nov/2014 11:36:00] "GET /v2.0/extensions.json HTTP/1.1" 200 4302 0.002421
2014-11-26 11:36:00.726 3284 INFO neutron.wsgi [-] (3284) accepted ('10.0.1.131', 55909)
2014-11-26 11:36:00.778 3284 INFO oslo.messaging._drivers.impl_rabbit [req-a207f257-786d-4e25-9334-dc194cd8c6c1 ] Connecting to AMQP server on 10.0.1.111:5672
2014-11-26 11:36:00.797 3284 INFO oslo.messaging._drivers.impl_rabbit [req-a207f257-786d-4e25-9334-dc194cd8c6c1 ] Connected to AMQP server on 10.0.1.111:5672
2014-11-26 11:36:00.839 3284 INFO neutron.quota [req-a207f257-786d-4e25-9334-dc194cd8c6c1 None] Loaded quota_driver: <neutron.db.quota_db.DbQuotaDriver object at 0x5955f10>.
2014-11-26 11:36:01.097 3284 INFO neutron.wsgi [req-a207f257-786d-4e25-9334-dc194cd8c6c1 None] 10.0.1.131 - - [26/Nov/2014 11:36:01] "POST /v2.0/ports.json HTTP/1.1" 201 937 0.366943
2014-11-26 11:36:01.106 3285 INFO neutron.wsgi [-] (3285) accepted ('10.0.1.131', 55911)
2014-11-26 11:36:01.157 3286 INFO oslo.messaging._drivers.impl_rabbit [-] Connecting to AMQP server on 10.0.1.111:5672
2014-11-26 11:36:01.167 3286 INFO oslo.messaging._drivers.impl_rabbit [-] Connected to AMQP server on 10.0.1.111:5672
2014-11-26 11:36:01.182 3285 INFO neutron.wsgi [req-7d6438a3-e90b-400f-a929-b7394992b860 None] 10.0.1.131 - - [26/Nov/2014 11:36:01] "GET /v2.0/ports.json?tenant_id=cdd5e77fe2c440cf86afbf1d7b9653a4&device_id=c7f0a697-eebb-4337-a6f6-eb057750cc1b HTTP/1.1" 200 935 0.074459
2014-11-26 11:36:01.223 3284 INFO neutron.wsgi [-] (3284) accepted ('10.0.1.131', 55912)
2014-11-26 11:36:01.231 3284 INFO neutron.wsgi [req-9d64fa64-1523-46d8-adf7-1f08ea4fdfda None] 10.0.1.131 - - [26/Nov/2014 11:36:01] "GET /v2.0/floatingips.json?fixed_ip_address=10.0.0.2&port_id=0d0ba222-9d8c-4d63-aa57-2701a722a818 HTTP/1.1" 200 208 0.006214
2014-11-26 11:36:01.268 3285 INFO neutron.wsgi [-] (3285) accepted ('10.0.1.131', 55913)
2014-11-26 11:36:01.288 3285 INFO neutron.wsgi [req-6f4a7142-50ca-4b80-99b0-54afd888b3f9 None] 10.0.1.131 - - [26/Nov/2014 11:36:01] "GET /v2.0/subnets.json?id=0f66118c-3d71-454e-9cd5-84f636f77329 HTTP/1.1" 200 624 0.019222
2014-11-26 11:36:01.292 3285 INFO neutron.wsgi [-] (3285) accepted ('10.0.1.131', 55914)
2014-11-26 11:36:01.307 3285 INFO neutron.wsgi [req-a0b142a2-0a69-4701-8be2-d99d2ea15aec None] 10.0.1.131 - - [26/Nov/2014 11:36:01] "GET /v2.0/ports.json?network_id=c239cd04-f906-4a1d-aab0-bc4bf2188606&device_owner=network%3Adhcp HTTP/1.1" 200 202 0.013925
2014-11-26 11:36:24.434 3284 INFO neutron.wsgi [-] (3284) accepted ('10.0.1.111', 35452)
2014-11-26 11:36:24.493 3284 INFO neutron.wsgi [req-5505cd45-6917-4e91-8d59-eed7bb3cf58a None] 10.0.1.111 - - [26/Nov/2014 11:36:24] "GET /v2.0/ports.json?device_id=c7f0a697-eebb-4337-a6f6-eb057750cc1b HTTP/1.1" 200 767 0.058565
2014-11-26 11:36:24.496 3284 INFO neutron.wsgi [-] (3284) accepted ('10.0.1.111', 35453)
2014-11-26 11:36:24.508 3284 INFO neutron.wsgi [req-9c37e0ba-5b45-4507-a75a-38eb339a7f91 None] 10.0.1.111 - - [26/Nov/2014 11:36:24] "GET /v2.0/security-groups.json?id=b88b4ac0-7ccc-495b-9fb8-00ce2364e775 HTTP/1.1" 200 1726 0.012254
2014-11-26 11:36:24.525 3285 INFO neutron.wsgi [-] (3285) accepted ('10.0.1.111', 35454)
2014-11-26 11:36:24.586 3285 INFO neutron.wsgi [req-0b8ce3f7-fe62-46cf-9b34-148496b7d937 None] 10.0.1.111 - - [26/Nov/2014 11:36:24] "GET //v2.0/ports.json?device_id=c7f0a697-eebb-4337-a6f6-eb057750cc1b HTTP/1.1" 200 767 0.059693
2014-11-26 11:36:24.588 3285 INFO neutron.wsgi [-] (3285) accepted ('10.0.1.111', 35455)
2014-11-26 11:36:24.594 3285 INFO neutron.wsgi [req-4ec6b641-db75-478a-b081-b532b4f513bb None] 10.0.1.111 - - [26/Nov/2014 11:36:24] "GET //v2.0/floatingips.json?tenant_id=cdd5e77fe2c440cf86afbf1d7b9653a4&port_id=0d0ba222-9d8c-4d63-aa57-2701a722a818 HTTP/1.1" 200 208 0.005266
2014-11-26 11:36:24.596 3284 INFO neutron.wsgi [-] (3284) accepted ('10.0.1.111', 35456)
2014-11-26 11:36:24.614 3284 INFO neutron.wsgi [req-76a38467-5981-4431-bcdf-9bac2ac334be None] 10.0.1.111 - - [26/Nov/2014 11:36:24] "GET //v2.0/ports.json?tenant_id=cdd5e77fe2c440cf86afbf1d7b9653a4 HTTP/1.1" 200 1310 0.016715
2014-11-26 11:36:24.616 3284 INFO neutron.wsgi [-] (3284) accepted ('10.0.1.111', 35457)
2014-11-26 11:36:24.633 3284 INFO neutron.wsgi [req-2acb10ba-6c86-4a96-ac19-e6033a7efada None] 10.0.1.111 - - [26/Nov/2014 11:36:24] "GET //v2.0/networks.json?id=c239cd04-f906-4a1d-aab0-bc4bf2188606 HTTP/1.1" 200 460 0.016585
2014-11-26 11:36:24.636 3285 INFO neutron.wsgi [-] (3285) accepted ('10.0.1.111', 35458)
2014-11-26 11:36:24.656 3285 INFO neutron.wsgi [req-851308a3-b86e-43f1-94d5-a1a4f90c24c5 None] 10.0.1.111 - - [26/Nov/2014 11:36:24] "GET //v2.0/subnets.json HTTP/1.1" 200 624 0.018697
2014-11-26 11:36:25.066 3285 INFO neutron.wsgi [-] (3285) accepted ('10.0.1.111', 35465)
2014-11-26 11:36:25.069 3285 INFO neutron.wsgi [req-75c5ce7a-3941-4007-a8cf-724ca38e67f8 None] 10.0.1.111 - - [26/Nov/2014 11:36:25] "GET //v2.0/extensions.json HTTP/1.1" 200 4302 0.002269
2014-11-26 11:36:25.436 3284 INFO neutron.wsgi [-] (3284) accepted ('10.0.1.111', 35469)
2014-11-26 11:36:25.465 3284 INFO neutron.wsgi [req-efd5606f-c40a-467c-86c7-fa48613cc53e None] 10.0.1.111 - - [26/Nov/2014 11:36:25] "GET /v2.0/ports.json?device_id=c7f0a697-eebb-4337-a6f6-eb057750cc1b HTTP/1.1" 200 767 0.028217
2014-11-26 11:36:25.467 3284 INFO neutron.wsgi [-] (3284) accepted ('10.0.1.111', 35470)
2014-11-26 11:36:25.487 3284 INFO neutron.wsgi [req-fb9cb48f-5d0d-4c6a-8bf0-6f680839f5db None] 10.0.1.111 - - [26/Nov/2014 11:36:25] "GET /v2.0/security-groups.json?id=b88b4ac0-7ccc-495b-9fb8-00ce2364e775 HTTP/1.1" 200 1726 0.019337
2014-11-26 11:36:25.590 3284 INFO neutron.wsgi [-] (3284) accepted ('10.0.1.111', 35474)
2014-11-26 11:36:25.594 3284 INFO neutron.wsgi [req-7611e767-218f-448e-97ef-b3f8cacc07af None] 10.0.1.111 - - [26/Nov/2014 11:36:25] "GET //v2.0/extensions.json HTTP/1.1" 200 4302 0.002884
2014-11-26 11:36:28.236 3285 INFO neutron.wsgi [-] (3285) accepted ('10.0.1.111', 35480)
2014-11-26 11:36:28.256 3285 INFO neutron.wsgi [req-5c85a15c-9bec-4853-8bf9-525792d32dcc None] 10.0.1.111 - - [26/Nov/2014 11:36:28] "GET /v2.0/ports.json?device_id=c7f0a697-eebb-4337-a6f6-eb057750cc1b HTTP/1.1" 200 767 0.019441
2014-11-26 11:36:28.258 3285 INFO neutron.wsgi [-] (3285) accepted ('10.0.1.111', 35481)
2014-11-26 11:36:28.269 3285 INFO neutron.wsgi [req-3f20c308-51a9-44ce-9e17-ac87f4a6cef0 None] 10.0.1.111 - - [26/Nov/2014 11:36:28] "GET /v2.0/security-groups.json?id=b88b4ac0-7ccc-495b-9fb8-00ce2364e775 HTTP/1.1" 200 1726 0.010823
2014-11-26 11:36:28.466 3284 INFO neutron.wsgi [-] (3284) accepted ('10.0.1.111', 35485)
2014-11-26 11:36:28.470 3284 INFO neutron.wsgi [req-1c2b40c7-823e-4e16-86c1-3dfa4358622e None] 10.0.1.111 - - [26/Nov/2014 11:36:28] "GET //v2.0/extensions.json HTTP/1.1" 200 4302 0.002431
2014-11-26 11:36:33.664 3284 INFO neutron.wsgi [-] (3284) accepted ('10.0.1.111', 35490)
2014-11-26 11:36:33.688 3284 INFO neutron.wsgi [req-4a04b109-6927-4b68-8590-c5396b93ec44 None] 10.0.1.111 - - [26/Nov/2014 11:36:33] "GET /v2.0/ports.json?device_id=c7f0a697-eebb-4337-a6f6-eb057750cc1b HTTP/1.1" 200 767 0.022832
2014-11-26 11:36:33.692 3285 INFO neutron.wsgi [-] (3285) accepted ('10.0.1.111', 35491)
2014-11-26 11:36:33.713 3285 INFO neutron.wsgi [req-101d15e2-ee16-40e8-af4b-102f8c5f2111 None] 10.0.1.111 - - [26/Nov/2014 11:36:33] "GET /v2.0/security-groups.json?id=b88b4ac0-7ccc-495b-9fb8-00ce2364e775 HTTP/1.1" 200 1726 0.020051
2014-11-26 11:36:33.793 3284 INFO neutron.wsgi [-] (3284) accepted ('10.0.1.111', 35495)
2014-11-26 11:36:33.797 3284 INFO neutron.wsgi [req-cb0a36ab-8dd6-4ce9-8595-f7073e696587 None] 10.0.1.111 - - [26/Nov/2014 11:36:33] "GET //v2.0/extensions.json HTTP/1.1" 200 4302 0.003144
2014-11-26 11:36:41.410 3285 INFO neutron.wsgi [-] (3285) accepted ('10.0.1.111', 35498)
2014-11-26 11:36:41.429 3285 INFO neutron.wsgi [req-96cc5be0-c2df-454b-81a5-5ad6e9e54ab2 None] 10.0.1.111 - - [26/Nov/2014 11:36:41] "GET /v2.0/ports.json?device_id=c7f0a697-eebb-4337-a6f6-eb057750cc1b HTTP/1.1" 200 767 0.017523
2014-11-26 11:36:41.432 3285 INFO neutron.wsgi [-] (3285) accepted ('10.0.1.111', 35499)
2014-11-26 11:36:41.445 3285 INFO neutron.wsgi [req-0254b394-8455-46ce-8949-3b7992548269 None] 10.0.1.111 - - [26/Nov/2014 11:36:41] "GET /v2.0/security-groups.json?id=b88b4ac0-7ccc-495b-9fb8-00ce2364e775 HTTP/1.1" 200 1726 0.012618
2014-11-26 11:36:41.498 3284 INFO neutron.wsgi [-] (3284) accepted ('10.0.1.111', 35503)
2014-11-26 11:36:41.501 3284 INFO neutron.wsgi [req-0a267708-99da-4c8e-939a-f1c8321b8e54 None] 10.0.1.111 - - [26/Nov/2014 11:36:41] "GET //v2.0/extensions.json HTTP/1.1" 200 4302 0.002128
2014-11-26 11:36:51.599 3284 INFO neutron.wsgi [-] (3284) accepted ('10.0.1.111', 35506)
2014-11-26 11:36:51.616 3284 INFO neutron.wsgi [req-964df669-3d69-4502-8416-3b15d5a81323 None] 10.0.1.111 - - [26/Nov/2014 11:36:51] "GET /v2.0/ports.json?device_id=c7f0a697-eebb-4337-a6f6-eb057750cc1b HTTP/1.1" 200 767 0.016860
2014-11-26 11:36:51.618 3284 INFO neutron.wsgi [-] (3284) accepted ('10.0.1.111', 35507)
2014-11-26 11:36:51.630 3284 INFO neutron.wsgi [req-9e3dd0ba-e73e-4c1d-8681-f7e464131712 None] 10.0.1.111 - - [26/Nov/2014 11:36:51] "GET /v2.0/security-groups.json?id=b88b4ac0-7ccc-495b-9fb8-00ce2364e775 HTTP/1.1" 200 1726 0.010953
2014-11-26 11:36:51.681 3285 INFO neutron.wsgi [-] (3285) accepted ('10.0.1.111', 35511)
2014-11-26 11:36:51.684 3285 INFO neutron.wsgi [req-775c6818-f30b-4ac1-85d9-153799331648 None] 10.0.1.111 - - [26/Nov/2014 11:36:51] "GET //v2.0/extensions.json HTTP/1.1" 200 4302 0.002277
2014-11-26 11:37:04.336 3285 INFO neutron.wsgi [-] (3285) accepted ('10.0.1.111', 35515)
2014-11-26 11:37:04.356 3285 INFO neutron.wsgi [req-67048980-fa77-4bc8-87c9-13c36549a439 None] 10.0.1.111 - - [26/Nov/2014 11:37:04] "GET /v2.0/ports.json?device_id=c7f0a697-eebb-4337-a6f6-eb057750cc1b HTTP/1.1" 200 767 0.019426
2014-11-26 11:37:04.359 3285 INFO neutron.wsgi [-] (3285) accepted ('10.0.1.111', 35516)
2014-11-26 11:37:04.375 3285 INFO neutron.wsgi [req-c9e1db0f-13e2-420d-af76-73b7d0112be2 None] 10.0.1.111 - - [26/Nov/2014 11:37:04] "GET /v2.0/security-groups.json?id=b88b4ac0-7ccc-495b-9fb8-00ce2364e775 HTTP/1.1" 200 1726 0.015555
2014-11-26 11:37:04.431 3285 INFO neutron.wsgi [-] (3285) accepted ('10.0.1.111', 35520)
2014-11-26 11:37:04.434 3285 INFO neutron.wsgi [req-834bb049-7dc2-42de-8269-b7113c884bd3 None] 10.0.1.111 - - [26/Nov/2014 11:37:04] "GET //v2.0/extensions.json HTTP/1.1" 200 4302 0.002239
2014-11-26 11:37:04.554 3287 INFO oslo.messaging._drivers.impl_rabbit [req-1a6e0a3e-04ac-43b0-a26f-21d5bee36efd ] Connecting to AMQP server on 10.0.1.111:5672
2014-11-26 11:37:04.563 3287 INFO oslo.messaging._drivers.impl_rabbit [req-1a6e0a3e-04ac-43b0-a26f-21d5bee36efd ] Connected to AMQP server on 10.0.1.111:5672
2014-11-26 11:37:19.533 3285 INFO neutron.wsgi [-] (3285) accepted ('10.0.1.111', 35524)
2014-11-26 11:37:19.559 3285 INFO neutron.wsgi [req-99d48b21-8c6b-4e29-82fd-ecb1f80fe261 None] 10.0.1.111 - - [26/Nov/2014 11:37:19] "GET /v2.0/ports.json?device_id=c7f0a697-eebb-4337-a6f6-eb057750cc1b HTTP/1.1" 200 767 0.025086
2014-11-26 11:37:19.564 3285 INFO neutron.wsgi [-] (3285) accepted ('10.0.1.111', 35525)
2014-11-26 11:37:19.579 3285 INFO neutron.wsgi [req-368b00d9-1d43-43dc-ab8c-4153875b9571 None] 10.0.1.111 - - [26/Nov/2014 11:37:19] "GET /v2.0/security-groups.json?id=b88b4ac0-7ccc-495b-9fb8-00ce2364e775 HTTP/1.1" 200 1726 0.013802
2014-11-26 11:37:19.636 3285 INFO neutron.wsgi [-] (3285) accepted ('10.0.1.111', 35529)
2014-11-26 11:37:19.639 3285 INFO neutron.wsgi [req-022c5172-ad86-4352-8447-56340be98bfc None] 10.0.1.111 - - [26/Nov/2014 11:37:19] "GET //v2.0/extensions.json HTTP/1.1" 200 4302 0.002439
2014-11-26 11:37:37.235 3284 INFO neutron.wsgi [-] (3284) accepted ('10.0.1.111', 35532)
2014-11-26 11:37:37.258 3284 INFO neutron.wsgi [req-ae4cd003-3426-4f26-b212-44644f7a3427 None] 10.0.1.111 - - [26/Nov/2014 11:37:37] "GET /v2.0/ports.json?device_id=c7f0a697-eebb-4337-a6f6-eb057750cc1b HTTP/1.1" 200 767 0.022739
2014-11-26 11:37:37.260 3284 INFO neutron.wsgi [-] (3284) accepted ('10.0.1.111', 35533)
2014-11-26 11:37:37.272 3284 INFO neutron.wsgi [req-fa955b00-7056-4283-bbd4-c69e1d72d6b3 None] 10.0.1.111 - - [26/Nov/2014 11:37:37] "GET /v2.0/security-groups.json?id=b88b4ac0-7ccc-495b-9fb8-00ce2364e775 HTTP/1.1" 200 1726 0.011489
2014-11-26 11:37:37.322 3285 INFO neutron.wsgi [-] (3285) accepted ('10.0.1.111', 35537)
2014-11-26 11:37:37.325 3285 INFO neutron.wsgi [req-fbd32a39-8196-40c4-a2e5-f82ab8d23e2d None] 10.0.1.111 - - [26/Nov/2014 11:37:37] "GET //v2.0/extensions.json HTTP/1.1" 200 4302 0.001987
2014-11-26 11:37:44.834 3286 INFO urllib3.connectionpool [-] Starting new HTTP connection (1): 10.0.1.111
2014-11-26 11:37:44.842 3286 INFO urllib3.connectionpool [-] Starting new HTTP connection (1): 10.0.1.111
2014-11-26 11:37:44.962 3286 INFO urllib3.connectionpool [-] Starting new HTTP connection (1): 10.0.1.111
2014-11-26 11:37:45.028 3286 INFO neutron.notifiers.nova [-] Nova event response: {u'status': u'completed', u'tag': u'0d0ba222-9d8c-4d63-aa57-2701a722a818', u'name': u'network-vif-plugged', u'server_uuid': u'c7f0a697-eebb-4337-a6f6-eb057750cc1b', u'code': 200}
2014-11-26 11:37:54.488 3285 INFO neutron.wsgi [-] (3285) accepted ('10.0.1.111', 35547)
2014-11-26 11:37:54.541 3285 INFO neutron.wsgi [req-be1595ce-f2ff-4581-969e-a3c3aad48860 None] 10.0.1.111 - - [26/Nov/2014 11:37:54] "GET /v2.0/ports.json?device_id=c7f0a697-eebb-4337-a6f6-eb057750cc1b HTTP/1.1" 200 769 0.052447
2014-11-26 11:37:54.545 3284 INFO neutron.wsgi [-] (3284) accepted ('10.0.1.111', 35548)
2014-11-26 11:37:54.605 3284 INFO neutron.wsgi [req-95b3bad9-bf7a-46f2-a018-517fbeee5db0 None] 10.0.1.111 - - [26/Nov/2014 11:37:54] "GET /v2.0/security-groups.json?id=b88b4ac0-7ccc-495b-9fb8-00ce2364e775 HTTP/1.1" 200 1726 0.059771
2014-11-26 11:37:57.412 3284 INFO neutron.wsgi [-] (3284) accepted ('10.0.1.111', 35550)
2014-11-26 11:37:57.432 3284 INFO neutron.wsgi [req-8ae854a1-ebd5-4cfb-aecb-01d30b687801 None] 10.0.1.111 - - [26/Nov/2014 11:37:57] "GET /v2.0/ports.json?device_id=c7f0a697-eebb-4337-a6f6-eb057750cc1b HTTP/1.1" 200 769 0.019152
2014-11-26 11:37:57.434 3284 INFO neutron.wsgi [-] (3284) accepted ('10.0.1.111', 35551)
2014-11-26 11:37:57.448 3284 INFO neutron.wsgi [req-4a1b2529-9766-4cc4-8b4a-4ff5c58211d0 None] 10.0.1.111 - - [26/Nov/2014 11:37:57] "GET /v2.0/security-groups.json?id=b88b4ac0-7ccc-495b-9fb8-00ce2364e775 HTTP/1.1" 200 1726 0.013486
2014-11-26 11:37:57.503 3284 INFO neutron.wsgi [-] (3284) accepted ('10.0.1.111', 35555)
2014-11-26 11:37:57.506 3284 INFO neutron.wsgi [req-bcf077c0-29db-4474-b5b4-3709e30c6b34 None] 10.0.1.111 - - [26/Nov/2014 11:37:57] "GET //v2.0/extensions.json HTTP/1.1" 200 4302 0.002423
2014-11-26 11:38:03.010 3284 INFO neutron.wsgi [-] (3284) accepted ('10.0.1.111', 35559)
2014-11-26 11:38:03.027 3284 INFO neutron.wsgi [req-ac4b1ad8-7b29-4ebd-a96f-6f60c6b2ae1d None] 10.0.1.111 - - [26/Nov/2014 11:38:03] "GET /v2.0/ports.json?device_id=c7f0a697-eebb-4337-a6f6-eb057750cc1b HTTP/1.1" 200 769 0.015868
2014-11-26 11:38:03.029 3284 INFO neutron.wsgi [-] (3284) accepted ('10.0.1.111', 35560)
2014-11-26 11:38:03.040 3284 INFO neutron.wsgi [req-e0090dc1-a22c-4c50-b3a0-ea94afa50a69 None] 10.0.1.111 - - [26/Nov/2014 11:38:03] "GET /v2.0/security-groups.json?id=b88b4ac0-7ccc-495b-9fb8-00ce2364e775 HTTP/1.1" 200 1726 0.010733
2014-11-26 11:38:03.122 3284 INFO neutron.wsgi [-] (3284) accepted ('10.0.1.111', 35563)
2014-11-26 11:38:03.125 3284 INFO neutron.wsgi [req-3ba2b0e5-2675-43bf-b8ae-1ee7d930cecc None] 10.0.1.111 - - [26/Nov/2014 11:38:03] "GET //v2.0/extensions.json HTTP/1.1" 200 4302 0.002026
2014-11-26 11:38:03.127 3285 INFO neutron.wsgi [-] (3285) accepted ('10.0.1.111', 35564)
2014-11-26 11:38:03.142 3285 INFO neutron.wsgi [req-b9cd19c8-0743-42bf-a0c6-59dd5a8fe3b2 None] 10.0.1.111 - - [26/Nov/2014 11:38:03] "GET //v2.0/ports.json?device_id=c7f0a697-eebb-4337-a6f6-eb057750cc1b HTTP/1.1" 200 769 0.014129
2014-11-26 11:38:03.144 3284 INFO neutron.wsgi [-] (3284) accepted ('10.0.1.111', 35565)
2014-11-26 11:38:03.156 3284 INFO neutron.wsgi [req-a0f30e64-7dfa-4c23-9720-3a236c7c8fec None] 10.0.1.111 - - [26/Nov/2014 11:38:03] "GET //v2.0/security-groups.json?id=b88b4ac0-7ccc-495b-9fb8-00ce2364e775 HTTP/1.1" 200 1726 0.010665
2014-11-26 11:38:03.158 3285 INFO neutron.wsgi [-] (3285) accepted ('10.0.1.111', 35566)
2014-11-26 11:38:03.174 3285 INFO neutron.wsgi [req-6cabfca8-cad3-40c4-b27c-79d48f9bd76d None] 10.0.1.111 - - [26/Nov/2014 11:38:03] "GET //v2.0/ports.json?device_id=c7f0a697-eebb-4337-a6f6-eb057750cc1b HTTP/1.1" 200 769 0.015311
2014-11-26 11:38:03.176 3284 INFO neutron.wsgi [-] (3284) accepted ('10.0.1.111', 35567)
2014-11-26 11:38:03.182 3284 INFO neutron.wsgi [req-392d6b3a-a3c0-4e2b-8339-bb47d96b4457 None] 10.0.1.111 - - [26/Nov/2014 11:38:03] "GET //v2.0/floatingips.json?tenant_id=cdd5e77fe2c440cf86afbf1d7b9653a4&port_id=0d0ba222-9d8c-4d63-aa57-2701a722a818 HTTP/1.1" 200 208 0.004556
2014-11-26 11:38:03.183 3284 INFO neutron.wsgi [-] (3284) accepted ('10.0.1.111', 35568)
2014-11-26 11:38:03.202 3284 INFO neutron.wsgi [req-ec705f9d-909f-4b2c-8481-eef1a8ba1cf7 None] 10.0.1.111 - - [26/Nov/2014 11:38:03] "GET //v2.0/ports.json?tenant_id=cdd5e77fe2c440cf86afbf1d7b9653a4 HTTP/1.1" 200 1881 0.018062
2014-11-26 11:38:03.204 3284 INFO neutron.wsgi [-] (3284) accepted ('10.0.1.111', 35569)
2014-11-26 11:38:03.223 3284 INFO neutron.wsgi [req-9b09eaeb-859b-45cf-aa5d-edc97043c354 None] 10.0.1.111 - - [26/Nov/2014 11:38:03] "GET //v2.0/networks.json?id=c239cd04-f906-4a1d-aab0-bc4bf2188606 HTTP/1.1" 200 460 0.018268
2014-11-26 11:38:03.227 3284 INFO neutron.wsgi [-] (3284) accepted ('10.0.1.111', 35570)
2014-11-26 11:38:03.240 3284 INFO neutron.wsgi [req-0b632784-0b52-4ef0-bce3-3c5bd4d7d9d6 None] 10.0.1.111 - - [26/Nov/2014 11:38:03] "GET //v2.0/subnets.json HTTP/1.1" 200 624 0.013085
2014-11-26 11:38:06.209 3285 INFO neutron.wsgi [-] (3285) accepted ('10.0.1.111', 35575)
2014-11-26 11:38:06.234 3285 INFO neutron.wsgi [req-4248c1d6-89e4-4386-b8c1-bdb712050cd0 None] 10.0.1.111 - - [26/Nov/2014 11:38:06] "GET /v2.0/ports.json?device_id=c7f0a697-eebb-4337-a6f6-eb057750cc1b HTTP/1.1" 200 769 0.023827
2014-11-26 11:38:06.236 3285 INFO neutron.wsgi [-] (3285) accepted ('10.0.1.111', 35576)
2014-11-26 11:38:06.250 3285 INFO neutron.wsgi [req-aa51c9f9-5ccc-45c0-8572-161dcf19cada None] 10.0.1.111 - - [26/Nov/2014 11:38:06] "GET /v2.0/security-groups.json?id=b88b4ac0-7ccc-495b-9fb8-00ce2364e775 HTTP/1.1" 200 1726 0.013107
2014-11-26 11:38:06.327 3284 INFO neutron.wsgi [-] (3284) accepted ('10.0.1.111', 35579)
2014-11-26 11:38:06.330 3284 INFO neutron.wsgi [req-0b9b6d28-5937-4630-a335-a9e121cb40a4 None] 10.0.1.111 - - [26/Nov/2014 11:38:06] "GET //v2.0/extensions.json HTTP/1.1" 200 4302 0.002399
2014-11-26 11:38:06.333 3285 INFO neutron.wsgi [-] (3285) accepted ('10.0.1.111', 35580)
2014-11-26 11:38:06.350 3285 INFO neutron.wsgi [req-7e5faff6-0cda-4b23-95b9-ec61af2074f5 None] 10.0.1.111 - - [26/Nov/2014 11:38:06] "GET //v2.0/ports.json?device_id=c7f0a697-eebb-4337-a6f6-eb057750cc1b HTTP/1.1" 200 769 0.016152
2014-11-26 11:38:06.352 3284 INFO neutron.wsgi [-] (3284) accepted ('10.0.1.111', 35581)
2014-11-26 11:38:06.365 3284 INFO neutron.wsgi [req-03761126-d4ef-483c-a20f-ddc5f2525a9f None] 10.0.1.111 - - [26/Nov/2014 11:38:06] "GET //v2.0/security-groups.json?id=b88b4ac0-7ccc-495b-9fb8-00ce2364e775 HTTP/1.1" 200 1726 0.012853
2014-11-26 11:38:06.368 3285 INFO neutron.wsgi [-] (3285) accepted ('10.0.1.111', 35582)
2014-11-26 11:38:06.386 3285 INFO neutron.wsgi [req-a64837d7-8682-419b-a870-03f83f4fea28 None] 10.0.1.111 - - [26/Nov/2014 11:38:06] "GET //v2.0/ports.json?device_id=c7f0a697-eebb-4337-a6f6-eb057750cc1b HTTP/1.1" 200 769 0.016549
2014-11-26 11:38:06.388 3284 INFO neutron.wsgi [-] (3284) accepted ('10.0.1.111', 35583)
2014-11-26 11:38:06.394 3284 INFO neutron.wsgi [req-abfec2ba-3e02-47b5-b8e8-c9493ad1eb5d None] 10.0.1.111 - - [26/Nov/2014 11:38:06] "GET //v2.0/floatingips.json?tenant_id=cdd5e77fe2c440cf86afbf1d7b9653a4&port_id=0d0ba222-9d8c-4d63-aa57-2701a722a818 HTTP/1.1" 200 208 0.005232
2014-11-26 11:38:06.396 3285 INFO neutron.wsgi [-] (3285) accepted ('10.0.1.111', 35584)
2014-11-26 11:38:06.414 3285 INFO neutron.wsgi [req-3a9b4d54-ece6-41d8-a782-6e6f5ab3169a None] 10.0.1.111 - - [26/Nov/2014 11:38:06] "GET //v2.0/ports.json?tenant_id=cdd5e77fe2c440cf86afbf1d7b9653a4 HTTP/1.1" 200 1881 0.017517
2014-11-26 11:38:06.417 3285 INFO neutron.wsgi [-] (3285) accepted ('10.0.1.111', 35585)
2014-11-26 11:38:06.442 3285 INFO neutron.wsgi [req-2b0bf2ff-8472-494d-800e-56668ebccb7c None] 10.0.1.111 - - [26/Nov/2014 11:38:06] "GET //v2.0/networks.json?id=c239cd04-f906-4a1d-aab0-bc4bf2188606 HTTP/1.1" 200 460 0.024653
2014-11-26 11:38:06.444 3285 INFO neutron.wsgi [-] (3285) accepted ('10.0.1.111', 35586)
2014-11-26 11:38:06.458 3285 INFO neutron.wsgi [req-1fa40dab-39cb-464f-8a6f-88e525a80612 None] 10.0.1.111 - - [26/Nov/2014 11:38:06] "GET //v2.0/subnets.json HTTP/1.1" 200 624 0.012691
2014-11-26 11:38:50.577 3284 INFO neutron.wsgi [-] (3284) accepted ('10.0.1.111', 35596)
2014-11-26 11:38:50.628 3284 INFO neutron.wsgi [req-78ab6392-2170-4836-b7d6-c481d8b4fbad None] 10.0.1.111 - - [26/Nov/2014 11:38:50] "GET /v2.0/ports.json?device_id=c7f0a697-eebb-4337-a6f6-eb057750cc1b HTTP/1.1" 200 769 0.050226
2014-11-26 11:38:50.630 3284 INFO neutron.wsgi [-] (3284) accepted ('10.0.1.111', 35597)
2014-11-26 11:38:50.641 3284 INFO neutron.wsgi [req-55110aef-5cba-4290-a772-1a3a439b48af None] 10.0.1.111 - - [26/Nov/2014 11:38:50] "GET /v2.0/security-groups.json?id=b88b4ac0-7ccc-495b-9fb8-00ce2364e775 HTTP/1.1" 200 1726 0.010254
2014-11-26 11:38:53.027 3285 INFO neutron.wsgi [-] (3285) accepted ('10.0.1.122', 48987)
2014-11-26 11:38:53.079 3285 INFO neutron.wsgi [req-590aa0e9-8b09-416f-aa26-aee7a6948c61 None] 10.0.1.122 - - [26/Nov/2014 11:38:53] "GET //v2.0/ports.json?device_owner=network%3Arouter_interface&device_owner=network%3Arouter_interface_distributed&device_id=90e8d103-196a-47dc-843c-ba702d97bc43 HTTP/1.1" 200 911 0.051140
2014-11-26 11:38:53.083 3284 INFO neutron.wsgi [-] (3284) accepted ('10.0.1.122', 48988)
