2014-11-26 10:58:18.461 3284 INFO neutron.wsgi [req-9393a9f4-ed71-4d5d-9af8-ef62d5a68be3 None] 10.0.1.111 - - [26/Nov/2014 10:58:18] "GET /v2.0/qos-queues.json HTTP/1.1" 404 242 0.041179
2014-11-26 10:58:25.039 3284 INFO neutron.wsgi [-] (3284) accepted ('10.0.1.111', 34043)
2014-11-26 10:58:25.064 3284 INFO neutron.wsgi [req-0f27aa54-90fa-4d37-b2c3-6b62df45d851 None] 10.0.1.111 - - [26/Nov/2014 10:58:25] "GET //v2.0/networks.json?shared=False&tenant_id=cdd5e77fe2c440cf86afbf1d7b9653a4 HTTP/1.1" 200 460 0.023836
2014-11-26 10:58:25.070 3285 INFO neutron.wsgi [-] (3285) accepted ('10.0.1.111', 34044)
2014-11-26 10:58:25.081 3285 INFO neutron.wsgi [req-1707990c-6dc2-42e2-930d-a59c2c1bd9bd None] 10.0.1.111 - - [26/Nov/2014 10:58:25] "GET //v2.0/subnets.json HTTP/1.1" 200 624 0.011114
2014-11-26 10:58:25.084 3284 INFO neutron.wsgi [-] (3284) accepted ('10.0.1.111', 34045)
2014-11-26 10:58:25.095 3284 INFO neutron.wsgi [req-79f7d457-c8fb-4d57-aaa3-3498923299ed None] 10.0.1.111 - - [26/Nov/2014 10:58:25] "GET //v2.0/networks.json?shared=True HTTP/1.1" 200 205 0.010417
2014-11-26 10:58:25.097 3284 INFO neutron.wsgi [-] (3284) accepted ('10.0.1.111', 34046)
2014-11-26 10:58:25.108 3284 INFO neutron.wsgi [req-b1aba4a5-dba0-48d3-a585-34f6371f3ba7 None] 10.0.1.111 - - [26/Nov/2014 10:58:25] "GET //v2.0/subnets.json HTTP/1.1" 200 624 0.010364
2014-11-26 10:58:25.111 3284 INFO neutron.wsgi [-] (3284) accepted ('10.0.1.111', 34047)
2014-11-26 10:58:25.125 3284 INFO neutron.wsgi [req-119d0b4e-c04c-4a40-a756-036f2e955232 None] 10.0.1.111 - - [26/Nov/2014 10:58:25] "GET //v2.0/networks.json?router%3Aexternal=True HTTP/1.1" 200 458 0.013336
2014-11-26 10:58:25.127 3285 INFO neutron.wsgi [-] (3285) accepted ('10.0.1.111', 34048)
2014-11-26 10:58:25.143 3285 INFO neutron.wsgi [req-902dd1ce-51d6-459b-9c30-5b8237cc64c1 None] 10.0.1.111 - - [26/Nov/2014 10:58:25] "GET //v2.0/subnets.json HTTP/1.1" 200 624 0.015407
2014-11-26 10:58:25.145 3284 INFO neutron.wsgi [-] (3284) accepted ('10.0.1.111', 34049)
2014-11-26 10:58:25.165 3284 INFO neutron.wsgi [req-b9b16748-6e46-4269-b8e7-38cb23f710e0 None] 10.0.1.111 - - [26/Nov/2014 10:58:25] "GET //v2.0/ports.json HTTP/1.1" 200 743 0.018444
2014-11-26 10:58:25.167 3284 INFO neutron.wsgi [-] (3284) accepted ('10.0.1.111', 34050)
2014-11-26 10:58:25.235 3284 INFO neutron.wsgi [req-88f65421-e027-4ecd-899c-8004cc830dd3 None] 10.0.1.111 - - [26/Nov/2014 10:58:25] "GET //v2.0/routers.json?tenant_id=cdd5e77fe2c440cf86afbf1d7b9653a4 HTTP/1.1" 200 588 0.067948
2014-11-26 10:58:27.229 3284 INFO neutron.wsgi [-] (3284) accepted ('10.0.1.111', 34052)
2014-11-26 10:58:27.286 3284 INFO neutron.wsgi [req-85f651cb-4f6b-40a2-9884-775b2c37e805 None] 10.0.1.111 - - [26/Nov/2014 10:58:27] "GET /v2.0/routers.json HTTP/1.1" 200 623 0.056024
2014-11-26 10:58:35.283 3285 INFO neutron.wsgi [-] (3285) accepted ('10.0.1.111', 34054)
2014-11-26 10:58:35.300 3285 INFO neutron.wsgi [req-3e737baf-5ea7-4cd2-ad33-976f4075c88c None] 10.0.1.111 - - [26/Nov/2014 10:58:35] "GET //v2.0/networks.json?shared=False&tenant_id=cdd5e77fe2c440cf86afbf1d7b9653a4 HTTP/1.1" 200 460 0.016245
2014-11-26 10:58:35.303 3284 INFO neutron.wsgi [-] (3284) accepted ('10.0.1.111', 34055)
2014-11-26 10:58:35.318 3284 INFO neutron.wsgi [req-05a15695-7a86-467a-856d-de1c8eb52fb1 None] 10.0.1.111 - - [26/Nov/2014 10:58:35] "GET //v2.0/subnets.json HTTP/1.1" 200 624 0.013957
2014-11-26 10:58:35.320 3285 INFO neutron.wsgi [-] (3285) accepted ('10.0.1.111', 34056)
2014-11-26 10:58:35.331 3285 INFO neutron.wsgi [req-27de41df-ca07-47fd-8a11-af1a84f1041f None] 10.0.1.111 - - [26/Nov/2014 10:58:35] "GET //v2.0/networks.json?shared=True HTTP/1.1" 200 205 0.009656
2014-11-26 10:58:35.333 3284 INFO neutron.wsgi [-] (3284) accepted ('10.0.1.111', 34057)
2014-11-26 10:58:35.345 3284 INFO neutron.wsgi [req-f5baa1f2-dc33-45c2-ad36-659d4a58fa8a None] 10.0.1.111 - - [26/Nov/2014 10:58:35] "GET //v2.0/subnets.json HTTP/1.1" 200 624 0.011002
2014-11-26 10:58:35.348 3284 INFO neutron.wsgi [-] (3284) accepted ('10.0.1.111', 34058)
2014-11-26 10:58:35.367 3284 INFO neutron.wsgi [req-224cca59-8871-4569-95a9-fccbd4951f50 None] 10.0.1.111 - - [26/Nov/2014 10:58:35] "GET //v2.0/networks.json?router%3Aexternal=True HTTP/1.1" 200 458 0.018077
2014-11-26 10:58:35.371 3284 INFO neutron.wsgi [-] (3284) accepted ('10.0.1.111', 34059)
2014-11-26 10:58:35.383 3284 INFO neutron.wsgi [req-7c447a15-18b1-4ebf-bfcd-ec7d9028977a None] 10.0.1.111 - - [26/Nov/2014 10:58:35] "GET //v2.0/subnets.json HTTP/1.1" 200 624 0.011268
2014-11-26 10:58:35.385 3284 INFO neutron.wsgi [-] (3284) accepted ('10.0.1.111', 34060)
2014-11-26 10:58:35.401 3284 INFO neutron.wsgi [req-de533aae-c251-4be3-805f-bd04837653c5 None] 10.0.1.111 - - [26/Nov/2014 10:58:35] "GET //v2.0/ports.json HTTP/1.1" 200 743 0.015179
2014-11-26 10:58:35.403 3284 INFO neutron.wsgi [-] (3284) accepted ('10.0.1.111', 34061)
2014-11-26 10:58:35.424 3284 INFO neutron.wsgi [req-d50e04ce-956d-4e1c-8e93-65f290d4d9e2 None] 10.0.1.111 - - [26/Nov/2014 10:58:35] "GET //v2.0/routers.json?tenant_id=cdd5e77fe2c440cf86afbf1d7b9653a4 HTTP/1.1" 200 588 0.019974
2014-11-26 10:58:45.559 3285 INFO neutron.wsgi [-] (3285) accepted ('10.0.1.111', 34064)
2014-11-26 10:58:45.574 3285 INFO neutron.wsgi [req-729c94a7-77bc-4a30-8a50-135376a244bc None] 10.0.1.111 - - [26/Nov/2014 10:58:45] "GET //v2.0/networks.json?shared=False&tenant_id=cdd5e77fe2c440cf86afbf1d7b9653a4 HTTP/1.1" 200 460 0.013531
2014-11-26 10:58:45.576 3285 INFO neutron.wsgi [-] (3285) accepted ('10.0.1.111', 34065)
2014-11-26 10:58:45.588 3285 INFO neutron.wsgi [req-2ec4d70d-1409-4b40-81dd-9a086ce97e70 None] 10.0.1.111 - - [26/Nov/2014 10:58:45] "GET //v2.0/subnets.json HTTP/1.1" 200 624 0.011858
2014-11-26 10:58:45.591 3284 INFO neutron.wsgi [-] (3284) accepted ('10.0.1.111', 34066)
2014-11-26 10:58:45.602 3284 INFO neutron.wsgi [req-26d0a0c4-1b2e-47bf-8bfd-f511625bd3c0 None] 10.0.1.111 - - [26/Nov/2014 10:58:45] "GET //v2.0/networks.json?shared=True HTTP/1.1" 200 205 0.011007
2014-11-26 10:58:45.605 3284 INFO neutron.wsgi [-] (3284) accepted ('10.0.1.111', 34067)
2014-11-26 10:58:45.615 3284 INFO neutron.wsgi [req-690ab6e9-8b97-4e71-bcd0-36e435a33d5d None] 10.0.1.111 - - [26/Nov/2014 10:58:45] "GET //v2.0/subnets.json HTTP/1.1" 200 624 0.009980
2014-11-26 10:58:45.618 3284 INFO neutron.wsgi [-] (3284) accepted ('10.0.1.111', 34068)
2014-11-26 10:58:45.637 3284 INFO neutron.wsgi [req-74c99fdb-b454-4383-bc6f-034281dd2930 None] 10.0.1.111 - - [26/Nov/2014 10:58:45] "GET //v2.0/networks.json?router%3Aexternal=True HTTP/1.1" 200 458 0.018119
2014-11-26 10:58:45.640 3285 INFO neutron.wsgi [-] (3285) accepted ('10.0.1.111', 34069)
2014-11-26 10:58:45.652 3285 INFO neutron.wsgi [req-4d29e684-6ef7-4c1c-8a4c-b6197f793a09 None] 10.0.1.111 - - [26/Nov/2014 10:58:45] "GET //v2.0/subnets.json HTTP/1.1" 200 624 0.011784
2014-11-26 10:58:45.654 3284 INFO neutron.wsgi [-] (3284) accepted ('10.0.1.111', 34070)
2014-11-26 10:58:45.669 3284 INFO neutron.wsgi [req-c2b42592-df24-4d01-920b-e98c01036354 None] 10.0.1.111 - - [26/Nov/2014 10:58:45] "GET //v2.0/ports.json HTTP/1.1" 200 743 0.014407
2014-11-26 10:58:45.672 3284 INFO neutron.wsgi [-] (3284) accepted ('10.0.1.111', 34071)
2014-11-26 10:58:45.694 3284 INFO neutron.wsgi [req-99a700c7-4e50-441a-b42b-866eedc8cc69 None] 10.0.1.111 - - [26/Nov/2014 10:58:45] "GET //v2.0/routers.json?tenant_id=cdd5e77fe2c440cf86afbf1d7b9653a4 HTTP/1.1" 200 588 0.021640
2014-11-26 10:58:48.952 3284 INFO neutron.wsgi [-] (3284) accepted ('10.0.1.111', 34073)
2014-11-26 10:58:49.048 3284 INFO neutron.wsgi [req-ffc59315-94b4-4544-88af-837c014f6762 None] 10.0.1.111 - - [26/Nov/2014 10:58:49] "GET /v2.0/agents/26c71af4-6956-403b-a400-b76f663463bc/l3-routers.json HTTP/1.1" 200 692 0.095264
2014-11-26 10:58:55.752 3285 INFO neutron.wsgi [-] (3285) accepted ('10.0.1.111', 34075)
2014-11-26 10:58:55.770 3285 INFO neutron.wsgi [req-a94b92c0-7c66-4634-901b-8e11e6798789 None] 10.0.1.111 - - [26/Nov/2014 10:58:55] "GET //v2.0/networks.json?shared=False&tenant_id=cdd5e77fe2c440cf86afbf1d7b9653a4 HTTP/1.1" 200 460 0.016994
2014-11-26 10:58:55.773 3284 INFO neutron.wsgi [-] (3284) accepted ('10.0.1.111', 34076)
2014-11-26 10:58:55.789 3284 INFO neutron.wsgi [req-c0ce5456-984c-4a19-88ca-00e2be79f25f None] 10.0.1.111 - - [26/Nov/2014 10:58:55] "GET //v2.0/subnets.json HTTP/1.1" 200 624 0.015199
2014-11-26 10:58:55.792 3284 INFO neutron.wsgi [-] (3284) accepted ('10.0.1.111', 34077)
2014-11-26 10:58:55.811 3284 INFO neutron.wsgi [req-8cf613fb-e44f-43dc-bb55-b651724eefe4 None] 10.0.1.111 - - [26/Nov/2014 10:58:55] "GET //v2.0/networks.json?shared=True HTTP/1.1" 200 205 0.017739
2014-11-26 10:58:55.814 3285 INFO neutron.wsgi [-] (3285) accepted ('10.0.1.111', 34078)
2014-11-26 10:58:55.827 3285 INFO neutron.wsgi [req-e7cbe9c0-2c6e-4c69-a302-de39b46248bf None] 10.0.1.111 - - [26/Nov/2014 10:58:55] "GET //v2.0/subnets.json HTTP/1.1" 200 624 0.012203
2014-11-26 10:58:55.830 3284 INFO neutron.wsgi [-] (3284) accepted ('10.0.1.111', 34079)
2014-11-26 10:58:55.847 3284 INFO neutron.wsgi [req-7b902a8c-7e1c-4eb9-9a93-7a129534a150 None] 10.0.1.111 - - [26/Nov/2014 10:58:55] "GET //v2.0/networks.json?router%3Aexternal=True HTTP/1.1" 200 458 0.016634
2014-11-26 10:58:55.849 3284 INFO neutron.wsgi [-] (3284) accepted ('10.0.1.111', 34080)
2014-11-26 10:58:55.863 3284 INFO neutron.wsgi [req-ad7d934e-153d-4a4a-b8d8-ac3902f7639f None] 10.0.1.111 - - [26/Nov/2014 10:58:55] "GET //v2.0/subnets.json HTTP/1.1" 200 624 0.013186
2014-11-26 10:58:55.865 3285 INFO neutron.wsgi [-] (3285) accepted ('10.0.1.111', 34081)
2014-11-26 10:58:55.885 3285 INFO neutron.wsgi [req-99d2af9a-6046-4c05-98ba-3f8b7c5f2237 None] 10.0.1.111 - - [26/Nov/2014 10:58:55] "GET //v2.0/ports.json HTTP/1.1" 200 743 0.019242
2014-11-26 10:58:55.888 3285 INFO neutron.wsgi [-] (3285) accepted ('10.0.1.111', 34082)
2014-11-26 10:58:55.907 3285 INFO neutron.wsgi [req-b974cb4a-98de-4104-896a-226cce8b1e12 None] 10.0.1.111 - - [26/Nov/2014 10:58:55] "GET //v2.0/routers.json?tenant_id=cdd5e77fe2c440cf86afbf1d7b9653a4 HTTP/1.1" 200 588 0.018607
2014-11-26 10:59:05.959 3284 INFO neutron.wsgi [-] (3284) accepted ('10.0.1.111', 34085)
2014-11-26 10:59:05.977 3284 INFO neutron.wsgi [req-2f061160-660c-4c1c-a632-5523d247f260 None] 10.0.1.111 - - [26/Nov/2014 10:59:05] "GET //v2.0/networks.json?shared=False&tenant_id=cdd5e77fe2c440cf86afbf1d7b9653a4 HTTP/1.1" 200 460 0.016643
2014-11-26 10:59:05.980 3285 INFO neutron.wsgi [-] (3285) accepted ('10.0.1.111', 34086)
2014-11-26 10:59:05.993 3285 INFO neutron.wsgi [req-051a4e0c-11b9-47bc-8234-0e8c554c9af1 None] 10.0.1.111 - - [26/Nov/2014 10:59:05] "GET //v2.0/subnets.json HTTP/1.1" 200 624 0.012414
2014-11-26 10:59:05.996 3284 INFO neutron.wsgi [-] (3284) accepted ('10.0.1.111', 34087)
2014-11-26 10:59:06.007 3284 INFO neutron.wsgi [req-fff1d4cf-da22-457b-b073-ef7c30b42cb8 None] 10.0.1.111 - - [26/Nov/2014 10:59:06] "GET //v2.0/networks.json?shared=True HTTP/1.1" 200 205 0.010744
2014-11-26 10:59:06.010 3285 INFO neutron.wsgi [-] (3285) accepted ('10.0.1.111', 34088)
2014-11-26 10:59:06.022 3285 INFO neutron.wsgi [req-cfd179c0-b6b9-4e05-b626-c66e6fc07831 None] 10.0.1.111 - - [26/Nov/2014 10:59:06] "GET //v2.0/subnets.json HTTP/1.1" 200 624 0.011726
2014-11-26 10:59:06.025 3284 INFO neutron.wsgi [-] (3284) accepted ('10.0.1.111', 34089)
2014-11-26 10:59:06.040 3284 INFO neutron.wsgi [req-f5233562-af6c-43ac-89ae-a635fbd96cb9 None] 10.0.1.111 - - [26/Nov/2014 10:59:06] "GET //v2.0/networks.json?router%3Aexternal=True HTTP/1.1" 200 458 0.014964
2014-11-26 10:59:06.043 3284 INFO neutron.wsgi [-] (3284) accepted ('10.0.1.111', 34090)
2014-11-26 10:59:06.056 3284 INFO neutron.wsgi [req-b7f4d45a-41a8-4ea5-91f5-22ec484ac1f7 None] 10.0.1.111 - - [26/Nov/2014 10:59:06] "GET //v2.0/subnets.json HTTP/1.1" 200 624 0.012425
2014-11-26 10:59:06.059 3285 INFO neutron.wsgi [-] (3285) accepted ('10.0.1.111', 34091)
2014-11-26 10:59:06.077 3285 INFO neutron.wsgi [req-02f41d12-9e21-44c6-bb4f-3c02a66f3c3c None] 10.0.1.111 - - [26/Nov/2014 10:59:06] "GET //v2.0/ports.json HTTP/1.1" 200 743 0.017350
2014-11-26 10:59:06.080 3284 INFO neutron.wsgi [-] (3284) accepted ('10.0.1.111', 34092)
2014-11-26 10:59:06.103 3284 INFO neutron.wsgi [req-7a5c82a4-6d4b-417f-93f6-96c2690e071b None] 10.0.1.111 - - [26/Nov/2014 10:59:06] "GET //v2.0/routers.json?tenant_id=cdd5e77fe2c440cf86afbf1d7b9653a4 HTTP/1.1" 200 588 0.022466
2014-11-26 10:59:16.222 3285 INFO neutron.wsgi [-] (3285) accepted ('10.0.1.111', 34094)
2014-11-26 10:59:16.245 3285 INFO neutron.wsgi [req-98e98614-03f5-4dcd-adf1-7a2dd9ef8fbc None] 10.0.1.111 - - [26/Nov/2014 10:59:16] "GET //v2.0/networks.json?shared=False&tenant_id=cdd5e77fe2c440cf86afbf1d7b9653a4 HTTP/1.1" 200 460 0.020974
2014-11-26 10:59:16.248 3284 INFO neutron.wsgi [-] (3284) accepted ('10.0.1.111', 34095)
2014-11-26 10:59:16.262 3284 INFO neutron.wsgi [req-29e30d08-7214-45ab-b85a-4c7af08cdc05 None] 10.0.1.111 - - [26/Nov/2014 10:59:16] "GET //v2.0/subnets.json HTTP/1.1" 200 624 0.013464
2014-11-26 10:59:16.264 3285 INFO neutron.wsgi [-] (3285) accepted ('10.0.1.111', 34096)
2014-11-26 10:59:16.276 3285 INFO neutron.wsgi [req-bdd91d06-c974-4acd-a73e-05cda25d1f78 None] 10.0.1.111 - - [26/Nov/2014 10:59:16] "GET //v2.0/networks.json?shared=True HTTP/1.1" 200 205 0.011416
2014-11-26 10:59:16.278 3284 INFO neutron.wsgi [-] (3284) accepted ('10.0.1.111', 34097)
2014-11-26 10:59:16.290 3284 INFO neutron.wsgi [req-bd3bd4b9-23cf-4cf9-b9d8-86d1f2baa0b3 None] 10.0.1.111 - - [26/Nov/2014 10:59:16] "GET //v2.0/subnets.json HTTP/1.1" 200 624 0.011114
2014-11-26 10:59:16.293 3284 INFO neutron.wsgi [-] (3284) accepted ('10.0.1.111', 34098)
2014-11-26 10:59:16.309 3284 INFO neutron.wsgi [req-f138755b-b9c5-48f6-96e5-d812a26ac6cf None] 10.0.1.111 - - [26/Nov/2014 10:59:16] "GET //v2.0/networks.json?router%3Aexternal=True HTTP/1.1" 200 458 0.015590
2014-11-26 10:59:16.311 3284 INFO neutron.wsgi [-] (3284) accepted ('10.0.1.111', 34099)
2014-11-26 10:59:16.323 3284 INFO neutron.wsgi [req-a3a0070e-f594-4c40-be39-5cec47b5a8ca None] 10.0.1.111 - - [26/Nov/2014 10:59:16] "GET //v2.0/subnets.json HTTP/1.1" 200 624 0.011500
2014-11-26 10:59:16.325 3285 INFO neutron.wsgi [-] (3285) accepted ('10.0.1.111', 34100)
2014-11-26 10:59:16.345 3285 INFO neutron.wsgi [req-b9be972c-2e63-4bd4-a3d1-b4d00382c50f None] 10.0.1.111 - - [26/Nov/2014 10:59:16] "GET //v2.0/ports.json HTTP/1.1" 200 743 0.019077
2014-11-26 10:59:16.347 3284 INFO neutron.wsgi [-] (3284) accepted ('10.0.1.111', 34101)
2014-11-26 10:59:16.368 3284 INFO neutron.wsgi [req-9c5512be-69b7-4d02-b89b-eacb38c1f2e1 None] 10.0.1.111 - - [26/Nov/2014 10:59:16] "GET //v2.0/routers.json?tenant_id=cdd5e77fe2c440cf86afbf1d7b9653a4 HTTP/1.1" 200 588 0.019797
2014-11-26 10:59:26.414 3285 INFO neutron.wsgi [-] (3285) accepted ('10.0.1.111', 34103)
2014-11-26 10:59:26.432 3285 INFO neutron.wsgi [req-457c009a-0a81-49fb-ae23-36f93776b116 None] 10.0.1.111 - - [26/Nov/2014 10:59:26] "GET //v2.0/networks.json?shared=False&tenant_id=cdd5e77fe2c440cf86afbf1d7b9653a4 HTTP/1.1" 200 460 0.017424
2014-11-26 10:59:26.435 3284 INFO neutron.wsgi [-] (3284) accepted ('10.0.1.111', 34104)
2014-11-26 10:59:26.450 3284 INFO neutron.wsgi [req-88d938a8-0dfd-4524-8a8d-3d48c3ceb3ae None] 10.0.1.111 - - [26/Nov/2014 10:59:26] "GET //v2.0/subnets.json HTTP/1.1" 200 624 0.014145
2014-11-26 10:59:26.452 3285 INFO neutron.wsgi [-] (3285) accepted ('10.0.1.111', 34105)
2014-11-26 10:59:26.464 3285 INFO neutron.wsgi [req-d8e1a916-fc0f-41e1-a021-9e360bccd188 None] 10.0.1.111 - - [26/Nov/2014 10:59:26] "GET //v2.0/networks.json?shared=True HTTP/1.1" 200 205 0.010292
2014-11-26 10:59:26.466 3284 INFO neutron.wsgi [-] (3284) accepted ('10.0.1.111', 34106)
2014-11-26 10:59:26.480 3284 INFO neutron.wsgi [req-61ea9a98-9a88-4b8c-a89c-b8ba3ffce83e None] 10.0.1.111 - - [26/Nov/2014 10:59:26] "GET //v2.0/subnets.json HTTP/1.1" 200 624 0.013838
2014-11-26 10:59:26.483 3284 INFO neutron.wsgi [-] (3284) accepted ('10.0.1.111', 34107)
2014-11-26 10:59:26.497 3284 INFO neutron.wsgi [req-d9383467-47c4-43ce-ba50-1528b957a799 None] 10.0.1.111 - - [26/Nov/2014 10:59:26] "GET //v2.0/networks.json?router%3Aexternal=True HTTP/1.1" 200 458 0.013434
2014-11-26 10:59:26.499 3285 INFO neutron.wsgi [-] (3285) accepted ('10.0.1.111', 34108)
2014-11-26 10:59:26.510 3285 INFO neutron.wsgi [req-214cdb7c-760d-4146-9257-d8a57e7e2675 None] 10.0.1.111 - - [26/Nov/2014 10:59:26] "GET //v2.0/subnets.json HTTP/1.1" 200 624 0.010116
2014-11-26 10:59:26.512 3284 INFO neutron.wsgi [-] (3284) accepted ('10.0.1.111', 34109)
2014-11-26 10:59:26.526 3284 INFO neutron.wsgi [req-38437df6-153e-4732-b13a-1945a7bb9983 None] 10.0.1.111 - - [26/Nov/2014 10:59:26] "GET //v2.0/ports.json HTTP/1.1" 200 743 0.013595
2014-11-26 10:59:26.529 3284 INFO neutron.wsgi [-] (3284) accepted ('10.0.1.111', 34110)
2014-11-26 10:59:26.549 3284 INFO neutron.wsgi [req-d3c74b01-c4de-466e-93d8-f9ab2d86b3e7 None] 10.0.1.111 - - [26/Nov/2014 10:59:26] "GET //v2.0/routers.json?tenant_id=cdd5e77fe2c440cf86afbf1d7b9653a4 HTTP/1.1" 200 588 0.019537
2014-11-26 10:59:34.059 3285 INFO neutron.wsgi [-] (3285) accepted ('10.0.1.111', 34112)
2014-11-26 10:59:34.113 3285 INFO neutron.wsgi [req-20d2781f-02b0-4150-8e91-e9046875d79c None] 10.0.1.111 - - [26/Nov/2014 10:59:34] "GET /v2.0/agents/5e1428ae-06b4-4590-a774-c9f5e7cd7c16/l3-routers.json HTTP/1.1" 200 204 0.053109
2014-11-26 10:59:36.601 3284 INFO neutron.wsgi [-] (3284) accepted ('10.0.1.111', 34115)
2014-11-26 10:59:36.618 3284 INFO neutron.wsgi [req-64517a6c-0624-4017-9707-1a0928f2ecfc None] 10.0.1.111 - - [26/Nov/2014 10:59:36] "GET //v2.0/networks.json?shared=False&tenant_id=cdd5e77fe2c440cf86afbf1d7b9653a4 HTTP/1.1" 200 460 0.016467
2014-11-26 10:59:36.621 3285 INFO neutron.wsgi [-] (3285) accepted ('10.0.1.111', 34116)
2014-11-26 10:59:36.636 3285 INFO neutron.wsgi [req-7abd4e18-bce0-452e-92dd-710ca5558399 None] 10.0.1.111 - - [26/Nov/2014 10:59:36] "GET //v2.0/subnets.json HTTP/1.1" 200 624 0.014008
2014-11-26 10:59:36.639 3284 INFO neutron.wsgi [-] (3284) accepted ('10.0.1.111', 34117)
2014-11-26 10:59:36.653 3284 INFO neutron.wsgi [req-b49bbb8a-5c89-4978-81c1-5d6f06727d3f None] 10.0.1.111 - - [26/Nov/2014 10:59:36] "GET //v2.0/networks.json?shared=True HTTP/1.1" 200 205 0.012639
2014-11-26 10:59:36.656 3285 INFO neutron.wsgi [-] (3285) accepted ('10.0.1.111', 34118)
2014-11-26 10:59:36.669 3285 INFO neutron.wsgi [req-c946095d-c225-4d3c-98e6-c377eeb75c92 None] 10.0.1.111 - - [26/Nov/2014 10:59:36] "GET //v2.0/subnets.json HTTP/1.1" 200 624 0.012502
2014-11-26 10:59:36.671 3285 INFO neutron.wsgi [-] (3285) accepted ('10.0.1.111', 34119)
2014-11-26 10:59:36.687 3285 INFO neutron.wsgi [req-b3e009ef-f99c-4856-9cb7-263f9b87b611 None] 10.0.1.111 - - [26/Nov/2014 10:59:36] "GET //v2.0/networks.json?router%3Aexternal=True HTTP/1.1" 200 458 0.014978
2014-11-26 10:59:36.689 3285 INFO neutron.wsgi [-] (3285) accepted ('10.0.1.111', 34120)
2014-11-26 10:59:36.703 3285 INFO neutron.wsgi [req-f180e126-93f4-4207-b730-778ad44fad0d None] 10.0.1.111 - - [26/Nov/2014 10:59:36] "GET //v2.0/subnets.json HTTP/1.1" 200 624 0.013168
2014-11-26 10:59:36.705 3284 INFO neutron.wsgi [-] (3284) accepted ('10.0.1.111', 34121)
2014-11-26 10:59:36.726 3284 INFO neutron.wsgi [req-774b7a46-3075-427a-9439-f2e44516ca9e None] 10.0.1.111 - - [26/Nov/2014 10:59:36] "GET //v2.0/ports.json HTTP/1.1" 200 743 0.020445
2014-11-26 10:59:36.729 3285 INFO neutron.wsgi [-] (3285) accepted ('10.0.1.111', 34122)
2014-11-26 10:59:36.753 3285 INFO neutron.wsgi [req-53582e1c-9977-4d14-9ada-af9a6f678b4b None] 10.0.1.111 - - [26/Nov/2014 10:59:36] "GET //v2.0/routers.json?tenant_id=cdd5e77fe2c440cf86afbf1d7b9653a4 HTTP/1.1" 200 588 0.022991
2014-11-26 10:59:43.431 3285 INFO neutron.wsgi [-] (3285) accepted ('10.0.1.111', 34125)
2014-11-26 10:59:43.503 3285 INFO neutron.wsgi [req-1340f400-f6c6-4c79-9011-d1f77e066f48 None] 10.0.1.111 - - [26/Nov/2014 10:59:43] "GET /v2.0/routers.json HTTP/1.1" 200 623 0.071253
2014-11-26 10:59:46.464 3284 INFO neutron.wsgi [-] (3284) accepted ('10.0.1.111', 34127)
2014-11-26 10:59:46.522 3284 INFO neutron.wsgi [req-ab8710d5-613f-4169-84bc-84983c6875c4 None] 10.0.1.111 - - [26/Nov/2014 10:59:46] "GET /v2.0/routers.json?fields=id&name=router1 HTTP/1.1" 200 250 0.057306
2014-11-26 10:59:46.544 3284 INFO neutron.wsgi [req-7114ab5d-600b-4f36-825d-78f386cf2514 None] 10.0.1.111 - - [26/Nov/2014 10:59:46] "GET /v2.0/routers/90e8d103-196a-47dc-843c-ba702d97bc43.json HTTP/1.1" 200 620 0.019208
2014-11-26 10:59:46.809 3285 INFO neutron.wsgi [-] (3285) accepted ('10.0.1.111', 34129)
2014-11-26 10:59:46.828 3285 INFO neutron.wsgi [req-24e9c6fb-69a8-4c3e-865d-d13d019da8b2 None] 10.0.1.111 - - [26/Nov/2014 10:59:46] "GET //v2.0/networks.json?shared=False&tenant_id=cdd5e77fe2c440cf86afbf1d7b9653a4 HTTP/1.1" 200 460 0.017901
2014-11-26 10:59:46.831 3285 INFO neutron.wsgi [-] (3285) accepted ('10.0.1.111', 34130)
2014-11-26 10:59:46.847 3285 INFO neutron.wsgi [req-8b06cfd7-8d78-4102-a9ac-dca2f086635a None] 10.0.1.111 - - [26/Nov/2014 10:59:46] "GET //v2.0/subnets.json HTTP/1.1" 200 624 0.014802
2014-11-26 10:59:46.850 3284 INFO neutron.wsgi [-] (3284) accepted ('10.0.1.111', 34131)
2014-11-26 10:59:46.866 3284 INFO neutron.wsgi [req-57f7715d-4f5a-4b60-862f-c0b939f0d502 None] 10.0.1.111 - - [26/Nov/2014 10:59:46] "GET //v2.0/networks.json?shared=True HTTP/1.1" 200 205 0.015873
2014-11-26 10:59:46.870 3284 INFO neutron.wsgi [-] (3284) accepted ('10.0.1.111', 34132)
2014-11-26 10:59:46.886 3284 INFO neutron.wsgi [req-0a7393b4-0d7a-4a50-9f61-1228699a36c1 None] 10.0.1.111 - - [26/Nov/2014 10:59:46] "GET //v2.0/subnets.json HTTP/1.1" 200 624 0.015188
2014-11-26 10:59:46.889 3284 INFO neutron.wsgi [-] (3284) accepted ('10.0.1.111', 34133)
2014-11-26 10:59:46.909 3284 INFO neutron.wsgi [req-bd3d8043-20e3-4169-a4a2-1370e118cb3d None] 10.0.1.111 - - [26/Nov/2014 10:59:46] "GET //v2.0/networks.json?router%3Aexternal=True HTTP/1.1" 200 458 0.019514
2014-11-26 10:59:46.912 3285 INFO neutron.wsgi [-] (3285) accepted ('10.0.1.111', 34134)
2014-11-26 10:59:46.925 3285 INFO neutron.wsgi [req-c44ad801-5e1a-462e-9354-cebf6e167a69 None] 10.0.1.111 - - [26/Nov/2014 10:59:46] "GET //v2.0/subnets.json HTTP/1.1" 200 624 0.012182
2014-11-26 10:59:46.928 3285 INFO neutron.wsgi [-] (3285) accepted ('10.0.1.111', 34135)
2014-11-26 10:59:46.947 3285 INFO neutron.wsgi [req-9a3f9976-73a6-4e35-ba84-355c11a1224b None] 10.0.1.111 - - [26/Nov/2014 10:59:46] "GET //v2.0/ports.json HTTP/1.1" 200 743 0.018880
2014-11-26 10:59:46.950 3284 INFO neutron.wsgi [-] (3284) accepted ('10.0.1.111', 34136)
2014-11-26 10:59:46.970 3284 INFO neutron.wsgi [req-e358e115-c425-43a1-b763-9ad063cf11bb None] 10.0.1.111 - - [26/Nov/2014 10:59:46] "GET //v2.0/routers.json?tenant_id=cdd5e77fe2c440cf86afbf1d7b9653a4 HTTP/1.1" 200 588 0.019365
2014-11-26 10:59:57.031 3284 INFO neutron.wsgi [-] (3284) accepted ('10.0.1.111', 34138)
2014-11-26 10:59:57.057 3284 INFO neutron.wsgi [req-bf6d22b4-903e-42d3-89dc-509c22f53298 None] 10.0.1.111 - - [26/Nov/2014 10:59:57] "GET //v2.0/networks.json?shared=False&tenant_id=cdd5e77fe2c440cf86afbf1d7b9653a4 HTTP/1.1" 200 460 0.024162
2014-11-26 10:59:57.060 3285 INFO neutron.wsgi [-] (3285) accepted ('10.0.1.111', 34139)
2014-11-26 10:59:57.075 3285 INFO neutron.wsgi [req-d9ae2451-d633-4df9-a851-790ad41a961c None] 10.0.1.111 - - [26/Nov/2014 10:59:57] "GET //v2.0/subnets.json HTTP/1.1" 200 624 0.014661
2014-11-26 10:59:57.078 3284 INFO neutron.wsgi [-] (3284) accepted ('10.0.1.111', 34140)
2014-11-26 10:59:57.093 3284 INFO neutron.wsgi [req-808375ce-4347-400b-b4c2-ed03ef5a5d0d None] 10.0.1.111 - - [26/Nov/2014 10:59:57] "GET //v2.0/networks.json?shared=True HTTP/1.1" 200 205 0.013484
2014-11-26 10:59:57.095 3285 INFO neutron.wsgi [-] (3285) accepted ('10.0.1.111', 34141)
2014-11-26 10:59:57.111 3285 INFO neutron.wsgi [req-5b690125-86d6-4f0e-8f07-8bcb1f0b9afb None] 10.0.1.111 - - [26/Nov/2014 10:59:57] "GET //v2.0/subnets.json HTTP/1.1" 200 624 0.015184
2014-11-26 10:59:57.115 3285 INFO neutron.wsgi [-] (3285) accepted ('10.0.1.111', 34142)
2014-11-26 10:59:57.133 3285 INFO neutron.wsgi [req-a35205a3-8d83-4447-be7b-2fad6e3ffa35 None] 10.0.1.111 - - [26/Nov/2014 10:59:57] "GET //v2.0/networks.json?router%3Aexternal=True HTTP/1.1" 200 458 0.017182
2014-11-26 10:59:57.135 3285 INFO neutron.wsgi [-] (3285) accepted ('10.0.1.111', 34143)
2014-11-26 10:59:57.146 3285 INFO neutron.wsgi [req-13b8c53e-198c-4f3b-b41a-103bbabc9de7 None] 10.0.1.111 - - [26/Nov/2014 10:59:57] "GET //v2.0/subnets.json HTTP/1.1" 200 624 0.010242
2014-11-26 10:59:57.148 3285 INFO neutron.wsgi [-] (3285) accepted ('10.0.1.111', 34144)
2014-11-26 10:59:57.163 3285 INFO neutron.wsgi [req-c582c184-9217-4318-895a-e4a4f48118e1 None] 10.0.1.111 - - [26/Nov/2014 10:59:57] "GET //v2.0/ports.json HTTP/1.1" 200 743 0.014486
2014-11-26 10:59:57.166 3285 INFO neutron.wsgi [-] (3285) accepted ('10.0.1.111', 34145)
2014-11-26 10:59:57.188 3285 INFO neutron.wsgi [req-5945b164-4276-4896-90d9-ab933fc6f426 None] 10.0.1.111 - - [26/Nov/2014 10:59:57] "GET //v2.0/routers.json?tenant_id=cdd5e77fe2c440cf86afbf1d7b9653a4 HTTP/1.1" 200 588 0.022215
2014-11-26 11:00:07.234 3285 INFO neutron.wsgi [-] (3285) accepted ('10.0.1.111', 34148)
2014-11-26 11:00:07.250 3285 INFO neutron.wsgi [req-007a04f6-9e3b-4549-adeb-9d440608f12d None] 10.0.1.111 - - [26/Nov/2014 11:00:07] "GET //v2.0/networks.json?shared=False&tenant_id=cdd5e77fe2c440cf86afbf1d7b9653a4 HTTP/1.1" 200 460 0.015606
2014-11-26 11:00:07.253 3285 INFO neutron.wsgi [-] (3285) accepted ('10.0.1.111', 34149)
2014-11-26 11:00:07.266 3285 INFO neutron.wsgi [req-2d79f429-6d8f-4c57-92f0-b978aa3169d9 None] 10.0.1.111 - - [26/Nov/2014 11:00:07] "GET //v2.0/subnets.json HTTP/1.1" 200 624 0.012573
2014-11-26 11:00:07.268 3284 INFO neutron.wsgi [-] (3284) accepted ('10.0.1.111', 34150)
2014-11-26 11:00:07.280 3284 INFO neutron.wsgi [req-696d3124-cc0a-4b90-aff3-1d64520017af None] 10.0.1.111 - - [26/Nov/2014 11:00:07] "GET //v2.0/networks.json?shared=True HTTP/1.1" 200 205 0.010371
2014-11-26 11:00:07.282 3284 INFO neutron.wsgi [-] (3284) accepted ('10.0.1.111', 34151)
2014-11-26 11:00:07.293 3284 INFO neutron.wsgi [req-058e8a72-3a0b-4062-90ef-13077ab1b899 None] 10.0.1.111 - - [26/Nov/2014 11:00:07] "GET //v2.0/subnets.json HTTP/1.1" 200 624 0.010843
2014-11-26 11:00:07.296 3285 INFO neutron.wsgi [-] (3285) accepted ('10.0.1.111', 34152)
2014-11-26 11:00:07.313 3285 INFO neutron.wsgi [req-5024e941-85a5-4a60-b797-5b22e38e0cab None] 10.0.1.111 - - [26/Nov/2014 11:00:07] "GET //v2.0/networks.json?router%3Aexternal=True HTTP/1.1" 200 458 0.016390
2014-11-26 11:00:07.316 3284 INFO neutron.wsgi [-] (3284) accepted ('10.0.1.111', 34153)
2014-11-26 11:00:07.328 3284 INFO neutron.wsgi [req-dc270844-50a3-43bd-ad44-eacd5d0e4df0 None] 10.0.1.111 - - [26/Nov/2014 11:00:07] "GET //v2.0/subnets.json HTTP/1.1" 200 624 0.011019
2014-11-26 11:00:07.330 3285 INFO neutron.wsgi [-] (3285) accepted ('10.0.1.111', 34154)
2014-11-26 11:00:07.346 3285 INFO neutron.wsgi [req-8712faf6-41cd-40dd-a5f6-cd4eb4b7739d None] 10.0.1.111 - - [26/Nov/2014 11:00:07] "GET //v2.0/ports.json HTTP/1.1" 200 743 0.015545
2014-11-26 11:00:07.349 3284 INFO neutron.wsgi [-] (3284) accepted ('10.0.1.111', 34155)
2014-11-26 11:00:07.372 3284 INFO neutron.wsgi [req-46746a96-2263-4c8d-ab1c-f8e54ab26ad4 None] 10.0.1.111 - - [26/Nov/2014 11:00:07] "GET //v2.0/routers.json?tenant_id=cdd5e77fe2c440cf86afbf1d7b9653a4 HTTP/1.1" 200 588 0.022854
2014-11-26 11:00:17.422 3284 INFO neutron.wsgi [-] (3284) accepted ('10.0.1.111', 34157)
2014-11-26 11:00:17.439 3284 INFO neutron.wsgi [req-e6a5b4c2-f3e5-4944-9f52-12722f070009 None] 10.0.1.111 - - [26/Nov/2014 11:00:17] "GET //v2.0/networks.json?shared=False&tenant_id=cdd5e77fe2c440cf86afbf1d7b9653a4 HTTP/1.1" 200 460 0.015838
2014-11-26 11:00:17.441 3284 INFO neutron.wsgi [-] (3284) accepted ('10.0.1.111', 34158)
2014-11-26 11:00:17.455 3284 INFO neutron.wsgi [req-32133efa-2af2-4c92-a460-f8040da8fb26 None] 10.0.1.111 - - [26/Nov/2014 11:00:17] "GET //v2.0/subnets.json HTTP/1.1" 200 624 0.013357
2014-11-26 11:00:17.458 3285 INFO neutron.wsgi [-] (3285) accepted ('10.0.1.111', 34159)
2014-11-26 11:00:17.470 3285 INFO neutron.wsgi [req-9266a62c-e78f-454f-aa1a-f68a048f8d6e None] 10.0.1.111 - - [26/Nov/2014 11:00:17] "GET //v2.0/networks.json?shared=True HTTP/1.1" 200 205 0.011271
2014-11-26 11:00:17.472 3284 INFO neutron.wsgi [-] (3284) accepted ('10.0.1.111', 34160)
2014-11-26 11:00:17.485 3284 INFO neutron.wsgi [req-370b7022-3767-4aba-886c-d224daf43f89 None] 10.0.1.111 - - [26/Nov/2014 11:00:17] "GET //v2.0/subnets.json HTTP/1.1" 200 624 0.012381
2014-11-26 11:00:17.488 3284 INFO neutron.wsgi [-] (3284) accepted ('10.0.1.111', 34161)
2014-11-26 11:00:17.504 3284 INFO neutron.wsgi [req-a2f1a0a9-9936-42ec-85d1-739f69cbd480 None] 10.0.1.111 - - [26/Nov/2014 11:00:17] "GET //v2.0/networks.json?router%3Aexternal=True HTTP/1.1" 200 458 0.015113
2014-11-26 11:00:17.506 3284 INFO neutron.wsgi [-] (3284) accepted ('10.0.1.111', 34162)
2014-11-26 11:00:17.516 3284 INFO neutron.wsgi [req-f7ebe3b0-248c-411f-a9e2-ab4d2ac38b57 None] 10.0.1.111 - - [26/Nov/2014 11:00:17] "GET //v2.0/subnets.json HTTP/1.1" 200 624 0.010008
2014-11-26 11:00:17.518 3284 INFO neutron.wsgi [-] (3284) accepted ('10.0.1.111', 34163)
2014-11-26 11:00:17.537 3284 INFO neutron.wsgi [req-88c391ed-149a-4946-ae3a-f55a825794ff None] 10.0.1.111 - - [26/Nov/2014 11:00:17] "GET //v2.0/ports.json HTTP/1.1" 200 743 0.018679
2014-11-26 11:00:17.540 3285 INFO neutron.wsgi [-] (3285) accepted ('10.0.1.111', 34164)
2014-11-26 11:00:17.566 3285 INFO neutron.wsgi [req-4151108c-3d9d-4b4c-91b2-7e1da2067a39 None] 10.0.1.111 - - [26/Nov/2014 11:00:17] "GET //v2.0/routers.json?tenant_id=cdd5e77fe2c440cf86afbf1d7b9653a4 HTTP/1.1" 200 588 0.025256
2014-11-26 11:00:27.617 3284 INFO neutron.wsgi [-] (3284) accepted ('10.0.1.111', 34166)
2014-11-26 11:00:27.635 3284 INFO neutron.wsgi [req-76cebae9-be00-499b-a444-aefc3c43aeeb None] 10.0.1.111 - - [26/Nov/2014 11:00:27] "GET //v2.0/networks.json?shared=False&tenant_id=cdd5e77fe2c440cf86afbf1d7b9653a4 HTTP/1.1" 200 460 0.017266
2014-11-26 11:00:27.638 3285 INFO neutron.wsgi [-] (3285) accepted ('10.0.1.111', 34167)
2014-11-26 11:00:27.651 3285 INFO neutron.wsgi [req-aa21fc7c-f74a-495f-8f35-6f338d2ca487 None] 10.0.1.111 - - [26/Nov/2014 11:00:27] "GET //v2.0/subnets.json HTTP/1.1" 200 624 0.012750
2014-11-26 11:00:27.654 3285 INFO neutron.wsgi [-] (3285) accepted ('10.0.1.111', 34168)
2014-11-26 11:00:27.666 3285 INFO neutron.wsgi [req-2c7b8cf9-dc1e-421b-adda-4d29e65e9449 None] 10.0.1.111 - - [26/Nov/2014 11:00:27] "GET //v2.0/networks.json?shared=True HTTP/1.1" 200 205 0.011465
2014-11-26 11:00:27.669 3284 INFO neutron.wsgi [-] (3284) accepted ('10.0.1.111', 34169)
2014-11-26 11:00:27.682 3284 INFO neutron.wsgi [req-2e465ed4-5b34-4718-8011-03837af6290c None] 10.0.1.111 - - [26/Nov/2014 11:00:27] "GET //v2.0/subnets.json HTTP/1.1" 200 624 0.012736
2014-11-26 11:00:27.685 3284 INFO neutron.wsgi [-] (3284) accepted ('10.0.1.111', 34170)
2014-11-26 11:00:27.700 3284 INFO neutron.wsgi [req-fd144347-60b5-4158-95ef-edce2734711a None] 10.0.1.111 - - [26/Nov/2014 11:00:27] "GET //v2.0/networks.json?router%3Aexternal=True HTTP/1.1" 200 458 0.014637
2014-11-26 11:00:27.703 3285 INFO neutron.wsgi [-] (3285) accepted ('10.0.1.111', 34171)
2014-11-26 11:00:27.716 3285 INFO neutron.wsgi [req-9a31acc4-1140-4a76-9164-fdd92f3b76a1 None] 10.0.1.111 - - [26/Nov/2014 11:00:27] "GET //v2.0/subnets.json HTTP/1.1" 200 624 0.012611
2014-11-26 11:00:27.719 3284 INFO neutron.wsgi [-] (3284) accepted ('10.0.1.111', 34172)
2014-11-26 11:00:27.735 3284 INFO neutron.wsgi [req-3ca1a84f-d0b5-4ceb-8609-59b0648765a3 None] 10.0.1.111 - - [26/Nov/2014 11:00:27] "GET //v2.0/ports.json HTTP/1.1" 200 743 0.015517
2014-11-26 11:00:27.738 3284 INFO neutron.wsgi [-] (3284) accepted ('10.0.1.111', 34173)
2014-11-26 11:00:27.764 3284 INFO neutron.wsgi [req-cc437acc-986a-481b-8eb2-a65245a5fd14 None] 10.0.1.111 - - [26/Nov/2014 11:00:27] "GET //v2.0/routers.json?tenant_id=cdd5e77fe2c440cf86afbf1d7b9653a4 HTTP/1.1" 200 588 0.025980
2014-11-26 11:00:37.813 3284 INFO neutron.wsgi [-] (3284) accepted ('10.0.1.111', 34175)
2014-11-26 11:00:37.832 3284 INFO neutron.wsgi [req-adc31b80-06a4-49f9-8c31-76fd3a656175 None] 10.0.1.111 - - [26/Nov/2014 11:00:37] "GET //v2.0/networks.json?shared=False&tenant_id=cdd5e77fe2c440cf86afbf1d7b9653a4 HTTP/1.1" 200 460 0.017599
2014-11-26 11:00:37.834 3285 INFO neutron.wsgi [-] (3285) accepted ('10.0.1.111', 34176)
2014-11-26 11:00:37.848 3285 INFO neutron.wsgi [req-87927d29-6b72-4c8a-ad02-395bef124e9b None] 10.0.1.111 - - [26/Nov/2014 11:00:37] "GET //v2.0/subnets.json HTTP/1.1" 200 624 0.013058
2014-11-26 11:00:37.851 3284 INFO neutron.wsgi [-] (3284) accepted ('10.0.1.111', 34177)
2014-11-26 11:00:37.864 3284 INFO neutron.wsgi [req-493adc55-63d8-4415-a291-8f3a93050af4 None] 10.0.1.111 - - [26/Nov/2014 11:00:37] "GET //v2.0/networks.json?shared=True HTTP/1.1" 200 205 0.012316
2014-11-26 11:00:37.866 3284 INFO neutron.wsgi [-] (3284) accepted ('10.0.1.111', 34178)
2014-11-26 11:00:37.879 3284 INFO neutron.wsgi [req-ec2b9ff5-b3c5-47dd-8637-1f8d329ecda7 None] 10.0.1.111 - - [26/Nov/2014 11:00:37] "GET //v2.0/subnets.json HTTP/1.1" 200 624 0.012053
2014-11-26 11:00:37.881 3285 INFO neutron.wsgi [-] (3285) accepted ('10.0.1.111', 34179)
2014-11-26 11:00:37.897 3285 INFO neutron.wsgi [req-208e554b-27fd-4afb-9006-f5561ee3f0cc None] 10.0.1.111 - - [26/Nov/2014 11:00:37] "GET //v2.0/networks.json?router%3Aexternal=True HTTP/1.1" 200 458 0.014879
2014-11-26 11:00:37.899 3285 INFO neutron.wsgi [-] (3285) accepted ('10.0.1.111', 34180)
2014-11-26 11:00:37.910 3285 INFO neutron.wsgi [req-3ba008c2-46a2-40a2-ae23-fd65a941ecdf None] 10.0.1.111 - - [26/Nov/2014 11:00:37] "GET //v2.0/subnets.json HTTP/1.1" 200 624 0.010806
2014-11-26 11:00:37.912 3285 INFO neutron.wsgi [-] (3285) accepted ('10.0.1.111', 34181)
2014-11-26 11:00:37.928 3285 INFO neutron.wsgi [req-0b8d5f97-d43c-4c4e-9562-3b06f274e314 None] 10.0.1.111 - - [26/Nov/2014 11:00:37] "GET //v2.0/ports.json HTTP/1.1" 200 743 0.014942
2014-11-26 11:00:37.931 3284 INFO neutron.wsgi [-] (3284) accepted ('10.0.1.111', 34182)
2014-11-26 11:00:37.951 3284 INFO neutron.wsgi [req-0246b0a2-9956-4496-9eed-3116f7300c41 None] 10.0.1.111 - - [26/Nov/2014 11:00:37] "GET //v2.0/routers.json?tenant_id=cdd5e77fe2c440cf86afbf1d7b9653a4 HTTP/1.1" 200 588 0.019331
2014-11-26 11:00:48.007 3284 INFO neutron.wsgi [-] (3284) accepted ('10.0.1.111', 34184)
2014-11-26 11:00:48.024 3284 INFO neutron.wsgi [req-1968e5a2-bda0-456f-8107-a660e53db7af None] 10.0.1.111 - - [26/Nov/2014 11:00:48] "GET //v2.0/networks.json?shared=False&tenant_id=cdd5e77fe2c440cf86afbf1d7b9653a4 HTTP/1.1" 200 460 0.016427
2014-11-26 11:00:48.027 3284 INFO neutron.wsgi [-] (3284) accepted ('10.0.1.111', 34185)
2014-11-26 11:00:48.040 3284 INFO neutron.wsgi [req-0a4453be-b761-46ba-8425-bb3369825ce2 None] 10.0.1.111 - - [26/Nov/2014 11:00:48] "GET //v2.0/subnets.json HTTP/1.1" 200 624 0.012745
2014-11-26 11:00:48.043 3284 INFO neutron.wsgi [-] (3284) accepted ('10.0.1.111', 34186)
2014-11-26 11:00:48.060 3284 INFO neutron.wsgi [req-81ce4f8b-08a3-4233-8ff2-21f3c8f9c69c None] 10.0.1.111 - - [26/Nov/2014 11:00:48] "GET //v2.0/networks.json?shared=True HTTP/1.1" 200 205 0.016469
2014-11-26 11:00:48.063 3284 INFO neutron.wsgi [-] (3284) accepted ('10.0.1.111', 34187)
2014-11-26 11:00:48.075 3284 INFO neutron.wsgi [req-39d8373c-2979-4380-825f-bf3281b6e402 None] 10.0.1.111 - - [26/Nov/2014 11:00:48] "GET //v2.0/subnets.json HTTP/1.1" 200 624 0.011995
2014-11-26 11:00:48.078 3284 INFO neutron.wsgi [-] (3284) accepted ('10.0.1.111', 34188)
2014-11-26 11:00:48.096 3284 INFO neutron.wsgi [req-63e7ecd6-1873-41f6-bacd-c93440cf4bea None] 10.0.1.111 - - [26/Nov/2014 11:00:48] "GET //v2.0/networks.json?router%3Aexternal=True HTTP/1.1" 200 458 0.016984
2014-11-26 11:00:48.098 3285 INFO neutron.wsgi [-] (3285) accepted ('10.0.1.111', 34189)
2014-11-26 11:00:48.111 3285 INFO neutron.wsgi [req-e265d564-856a-4436-9a21-72fb5600bd6c None] 10.0.1.111 - - [26/Nov/2014 11:00:48] "GET //v2.0/subnets.json HTTP/1.1" 200 624 0.012176
2014-11-26 11:00:48.114 3284 INFO neutron.wsgi [-] (3284) accepted ('10.0.1.111', 34190)
2014-11-26 11:00:48.130 3284 INFO neutron.wsgi [req-708bd6c5-c4dd-48c0-b60e-0759241a669f None] 10.0.1.111 - - [26/Nov/2014 11:00:48] "GET //v2.0/ports.json HTTP/1.1" 200 743 0.015501
2014-11-26 11:00:48.133 3284 INFO neutron.wsgi [-] (3284) accepted ('10.0.1.111', 34191)
2014-11-26 11:00:48.154 3284 INFO neutron.wsgi [req-444684a9-0a9b-409c-8834-673b980e9b8f None] 10.0.1.111 - - [26/Nov/2014 11:00:48] "GET //v2.0/routers.json?tenant_id=cdd5e77fe2c440cf86afbf1d7b9653a4 HTTP/1.1" 200 588 0.020505
2014-11-26 11:00:58.202 3285 INFO neutron.wsgi [-] (3285) accepted ('10.0.1.111', 34193)
2014-11-26 11:00:58.221 3285 INFO neutron.wsgi [req-6672d00f-aaab-4947-bac9-8e9894a70ee0 None] 10.0.1.111 - - [26/Nov/2014 11:00:58] "GET //v2.0/networks.json?shared=False&tenant_id=cdd5e77fe2c440cf86afbf1d7b9653a4 HTTP/1.1" 200 460 0.017777
2014-11-26 11:00:58.223 3285 INFO neutron.wsgi [-] (3285) accepted ('10.0.1.111', 34194)
2014-11-26 11:00:58.234 3285 INFO neutron.wsgi [req-3b01d1d5-6a62-4eb3-bce0-613407686719 None] 10.0.1.111 - - [26/Nov/2014 11:00:58] "GET //v2.0/subnets.json HTTP/1.1" 200 624 0.010678
2014-11-26 11:00:58.237 3284 INFO neutron.wsgi [-] (3284) accepted ('10.0.1.111', 34195)
2014-11-26 11:00:58.248 3284 INFO neutron.wsgi [req-567cd141-e598-4f3b-ac66-5a8cf4ff15b8 None] 10.0.1.111 - - [26/Nov/2014 11:00:58] "GET //v2.0/networks.json?shared=True HTTP/1.1" 200 205 0.010250
2014-11-26 11:00:58.250 3285 INFO neutron.wsgi [-] (3285) accepted ('10.0.1.111', 34196)
2014-11-26 11:00:58.262 3285 INFO neutron.wsgi [req-a461700f-3379-4a21-9282-ce640516ed56 None] 10.0.1.111 - - [26/Nov/2014 11:00:58] "GET //v2.0/subnets.json HTTP/1.1" 200 624 0.010891
2014-11-26 11:00:58.264 3284 INFO neutron.wsgi [-] (3284) accepted ('10.0.1.111', 34197)
2014-11-26 11:00:58.284 3284 INFO neutron.wsgi [req-ddd45499-8557-4892-b018-1c017f594165 None] 10.0.1.111 - - [26/Nov/2014 11:00:58] "GET //v2.0/networks.json?router%3Aexternal=True HTTP/1.1" 200 458 0.018960
2014-11-26 11:00:58.286 3284 INFO neutron.wsgi [-] (3284) accepted ('10.0.1.111', 34198)
2014-11-26 11:00:58.348 3284 INFO neutron.wsgi [req-c04afea4-9dd9-46da-bf4f-584a59996b84 None] 10.0.1.111 - - [26/Nov/2014 11:00:58] "GET //v2.0/subnets.json HTTP/1.1" 200 624 0.060700
2014-11-26 11:00:58.350 3285 INFO neutron.wsgi [-] (3285) accepted ('10.0.1.111', 34199)
2014-11-26 11:00:58.367 3285 INFO neutron.wsgi [req-a6d104aa-31fd-4aa4-a566-aa026ad589f6 None] 10.0.1.111 - - [26/Nov/2014 11:00:58] "GET //v2.0/ports.json HTTP/1.1" 200 743 0.015655
2014-11-26 11:00:58.370 3284 INFO neutron.wsgi [-] (3284) accepted ('10.0.1.111', 34200)
2014-11-26 11:00:58.390 3284 INFO neutron.wsgi [req-d0903df9-00fa-4f70-b383-a5eefd0db9e0 None] 10.0.1.111 - - [26/Nov/2014 11:00:58] "GET //v2.0/routers.json?tenant_id=cdd5e77fe2c440cf86afbf1d7b9653a4 HTTP/1.1" 200 588 0.019554
2014-11-26 11:01:08.455 3285 INFO neutron.wsgi [-] (3285) accepted ('10.0.1.111', 34203)
2014-11-26 11:01:08.471 3285 INFO neutron.wsgi [req-37eb356b-cfa1-425b-b1c6-b8f3f902e0de None] 10.0.1.111 - - [26/Nov/2014 11:01:08] "GET //v2.0/networks.json?shared=False&tenant_id=cdd5e77fe2c440cf86afbf1d7b9653a4 HTTP/1.1" 200 460 0.015048
2014-11-26 11:01:08.473 3284 INFO neutron.wsgi [-] (3284) accepted ('10.0.1.111', 34204)
2014-11-26 11:01:08.486 3284 INFO neutron.wsgi [req-ed7c10fb-6cd3-431c-901a-3e385edf48b5 None] 10.0.1.111 - - [26/Nov/2014 11:01:08] "GET //v2.0/subnets.json HTTP/1.1" 200 624 0.011743
2014-11-26 11:01:08.489 3284 INFO neutron.wsgi [-] (3284) accepted ('10.0.1.111', 34205)
2014-11-26 11:01:08.500 3284 INFO neutron.wsgi [req-e925eb29-79b1-419a-8344-bb9820745a17 None] 10.0.1.111 - - [26/Nov/2014 11:01:08] "GET //v2.0/networks.json?shared=True HTTP/1.1" 200 205 0.010435
2014-11-26 11:01:08.502 3285 INFO neutron.wsgi [-] (3285) accepted ('10.0.1.111', 34206)
2014-11-26 11:01:08.514 3285 INFO neutron.wsgi [req-6fe8289e-f432-46b1-a0af-609aebf70606 None] 10.0.1.111 - - [26/Nov/2014 11:01:08] "GET //v2.0/subnets.json HTTP/1.1" 200 624 0.011424
2014-11-26 11:01:08.517 3285 INFO neutron.wsgi [-] (3285) accepted ('10.0.1.111', 34207)
2014-11-26 11:01:08.530 3285 INFO neutron.wsgi [req-260d12b4-41ba-4804-8e47-9bbd71fba150 None] 10.0.1.111 - - [26/Nov/2014 11:01:08] "GET //v2.0/networks.json?router%3Aexternal=True HTTP/1.1" 200 458 0.012907
2014-11-26 11:01:08.532 3285 INFO neutron.wsgi [-] (3285) accepted ('10.0.1.111', 34208)
2014-11-26 11:01:08.542 3285 INFO neutron.wsgi [req-24150efe-b3e9-4839-8afe-e208edc17b85 None] 10.0.1.111 - - [26/Nov/2014 11:01:08] "GET //v2.0/subnets.json HTTP/1.1" 200 624 0.009415
2014-11-26 11:01:08.545 3285 INFO neutron.wsgi [-] (3285) accepted ('10.0.1.111', 34209)
2014-11-26 11:01:08.563 3285 INFO neutron.wsgi [req-55865028-0ce1-4b10-a6c1-6bd9114182b8 None] 10.0.1.111 - - [26/Nov/2014 11:01:08] "GET //v2.0/ports.json HTTP/1.1" 200 743 0.017574
2014-11-26 11:01:08.566 3284 INFO neutron.wsgi [-] (3284) accepted ('10.0.1.111', 34210)
2014-11-26 11:01:08.588 3284 INFO neutron.wsgi [req-95c7c047-ea8f-4bdc-8969-229bb127926a None] 10.0.1.111 - - [26/Nov/2014 11:01:08] "GET //v2.0/routers.json?tenant_id=cdd5e77fe2c440cf86afbf1d7b9653a4 HTTP/1.1" 200 588 0.021644
2014-11-26 11:01:18.641 3284 INFO neutron.wsgi [-] (3284) accepted ('10.0.1.111', 34212)
2014-11-26 11:01:18.716 3284 INFO neutron.wsgi [req-2bd0b7ff-cfbc-43ad-9b51-d965c2d0cd4e None] 10.0.1.111 - - [26/Nov/2014 11:01:18] "GET //v2.0/networks.json?shared=False&tenant_id=cdd5e77fe2c440cf86afbf1d7b9653a4 HTTP/1.1" 200 460 0.073818
2014-11-26 11:01:18.718 3285 INFO neutron.wsgi [-] (3285) accepted ('10.0.1.111', 34213)
2014-11-26 11:01:18.775 3285 INFO neutron.wsgi [req-3345f89a-8c9d-4c7e-a43a-131e05f5c90e None] 10.0.1.111 - - [26/Nov/2014 11:01:18] "GET //v2.0/subnets.json HTTP/1.1" 200 624 0.055114
2014-11-26 11:01:18.777 3284 INFO neutron.wsgi [-] (3284) accepted ('10.0.1.111', 34214)
2014-11-26 11:01:18.791 3284 INFO neutron.wsgi [req-d217414e-4662-45b3-b82f-01828dbe6235 None] 10.0.1.111 - - [26/Nov/2014 11:01:18] "GET //v2.0/networks.json?shared=True HTTP/1.1" 200 205 0.013570
2014-11-26 11:01:18.794 3285 INFO neutron.wsgi [-] (3285) accepted ('10.0.1.111', 34215)
2014-11-26 11:01:18.812 3285 INFO neutron.wsgi [req-9e556ccf-e1d3-4971-adfe-a348131482ac None] 10.0.1.111 - - [26/Nov/2014 11:01:18] "GET //v2.0/subnets.json HTTP/1.1" 200 624 0.016581
2014-11-26 11:01:18.815 3285 INFO neutron.wsgi [-] (3285) accepted ('10.0.1.111', 34216)
2014-11-26 11:01:18.832 3285 INFO neutron.wsgi [req-57578acd-5186-440e-89d8-30b324e70a32 None] 10.0.1.111 - - [26/Nov/2014 11:01:18] "GET //v2.0/networks.json?router%3Aexternal=True HTTP/1.1" 200 458 0.016903
2014-11-26 11:01:18.835 3284 INFO neutron.wsgi [-] (3284) accepted ('10.0.1.111', 34217)
2014-11-26 11:01:18.847 3284 INFO neutron.wsgi [req-4b5decab-a04d-40be-aa6e-096ed13f4db1 None] 10.0.1.111 - - [26/Nov/2014 11:01:18] "GET //v2.0/subnets.json HTTP/1.1" 200 624 0.011524
2014-11-26 11:01:18.849 3284 INFO neutron.wsgi [-] (3284) accepted ('10.0.1.111', 34218)
2014-11-26 11:01:18.864 3284 INFO neutron.wsgi [req-703cf63b-8456-48cc-b68e-82636181096d None] 10.0.1.111 - - [26/Nov/2014 11:01:18] "GET //v2.0/ports.json HTTP/1.1" 200 743 0.014507
2014-11-26 11:01:18.867 3285 INFO neutron.wsgi [-] (3285) accepted ('10.0.1.111', 34219)
2014-11-26 11:01:18.888 3285 INFO neutron.wsgi [req-42b651bf-391d-4b8c-8196-7e510d45c4a3 None] 10.0.1.111 - - [26/Nov/2014 11:01:18] "GET //v2.0/routers.json?tenant_id=cdd5e77fe2c440cf86afbf1d7b9653a4 HTTP/1.1" 200 588 0.020749
2014-11-26 11:01:28.941 3285 INFO neutron.wsgi [-] (3285) accepted ('10.0.1.111', 34221)
2014-11-26 11:01:28.959 3285 INFO neutron.wsgi [req-d37f1fcf-b3dc-417a-9134-342ea2d9df49 None] 10.0.1.111 - - [26/Nov/2014 11:01:28] "GET //v2.0/networks.json?shared=False&tenant_id=cdd5e77fe2c440cf86afbf1d7b9653a4 HTTP/1.1" 200 460 0.016385
2014-11-26 11:01:28.961 3285 INFO neutron.wsgi [-] (3285) accepted ('10.0.1.111', 34222)
2014-11-26 11:01:28.976 3285 INFO neutron.wsgi [req-7adea644-7c7f-43c8-afd1-cf42962f369b None] 10.0.1.111 - - [26/Nov/2014 11:01:28] "GET //v2.0/subnets.json HTTP/1.1" 200 624 0.014583
2014-11-26 11:01:28.978 3285 INFO neutron.wsgi [-] (3285) accepted ('10.0.1.111', 34223)
2014-11-26 11:01:29.035 3285 INFO neutron.wsgi [req-307186cf-bafd-4192-8d2d-5f5186e7d5ba None] 10.0.1.111 - - [26/Nov/2014 11:01:29] "GET //v2.0/networks.json?shared=True HTTP/1.1" 200 205 0.055949
2014-11-26 11:01:29.037 3284 INFO neutron.wsgi [-] (3284) accepted ('10.0.1.111', 34224)
2014-11-26 11:01:29.048 3284 INFO neutron.wsgi [req-eff5a77d-7a83-4914-9220-fe55a3d5ac82 None] 10.0.1.111 - - [26/Nov/2014 11:01:29] "GET //v2.0/subnets.json HTTP/1.1" 200 624 0.010283
2014-11-26 11:01:29.051 3284 INFO neutron.wsgi [-] (3284) accepted ('10.0.1.111', 34225)
2014-11-26 11:01:29.063 3284 INFO neutron.wsgi [req-6c6ed5c5-fdf3-409e-8151-adca41a16b5f None] 10.0.1.111 - - [26/Nov/2014 11:01:29] "GET //v2.0/networks.json?router%3Aexternal=True HTTP/1.1" 200 458 0.012137
2014-11-26 11:01:29.065 3284 INFO neutron.wsgi [-] (3284) accepted ('10.0.1.111', 34226)
2014-11-26 11:01:29.076 3284 INFO neutron.wsgi [req-b0783a45-c8d3-4260-9403-8875311edd36 None] 10.0.1.111 - - [26/Nov/2014 11:01:29] "GET //v2.0/subnets.json HTTP/1.1" 200 624 0.009847
2014-11-26 11:01:29.078 3285 INFO neutron.wsgi [-] (3285) accepted ('10.0.1.111', 34227)
2014-11-26 11:01:29.098 3285 INFO neutron.wsgi [req-fbe0cb52-ebc7-4591-a5d8-a058f91283e8 None] 10.0.1.111 - - [26/Nov/2014 11:01:29] "GET //v2.0/ports.json HTTP/1.1" 200 743 0.018624
2014-11-26 11:01:29.101 3285 INFO neutron.wsgi [-] (3285) accepted ('10.0.1.111', 34228)
2014-11-26 11:01:29.141 3285 INFO neutron.wsgi [req-823dca94-ab67-4ca2-bb07-392f4409d961 None] 10.0.1.111 - - [26/Nov/2014 11:01:29] "GET //v2.0/routers.json?tenant_id=cdd5e77fe2c440cf86afbf1d7b9653a4 HTTP/1.1" 200 588 0.039715
2014-11-26 11:01:39.225 3284 INFO neutron.wsgi [-] (3284) accepted ('10.0.1.111', 34231)
2014-11-26 11:01:39.244 3284 INFO neutron.wsgi [req-468ea08e-d459-4385-a38b-76362b35782a None] 10.0.1.111 - - [26/Nov/2014 11:01:39] "GET //v2.0/networks.json?shared=False&tenant_id=cdd5e77fe2c440cf86afbf1d7b9653a4 HTTP/1.1" 200 460 0.017781
2014-11-26 11:01:39.246 3285 INFO neutron.wsgi [-] (3285) accepted ('10.0.1.111', 34232)
2014-11-26 11:01:39.259 3285 INFO neutron.wsgi [req-c08dd069-669f-46eb-9a14-7ae85f78263d None] 10.0.1.111 - - [26/Nov/2014 11:01:39] "GET //v2.0/subnets.json HTTP/1.1" 200 624 0.012069
2014-11-26 11:01:39.261 3284 INFO neutron.wsgi [-] (3284) accepted ('10.0.1.111', 34233)
2014-11-26 11:01:39.273 3284 INFO neutron.wsgi [req-2a382e3c-4c47-4be5-92c9-904f2f44907b None] 10.0.1.111 - - [26/Nov/2014 11:01:39] "GET //v2.0/networks.json?shared=True HTTP/1.1" 200 205 0.010580
2014-11-26 11:01:39.275 3284 INFO neutron.wsgi [-] (3284) accepted ('10.0.1.111', 34234)
2014-11-26 11:01:39.286 3284 INFO neutron.wsgi [req-4ac1e6cb-fc77-426b-ad55-899fe8e82618 None] 10.0.1.111 - - [26/Nov/2014 11:01:39] "GET //v2.0/subnets.json HTTP/1.1" 200 624 0.010399
2014-11-26 11:01:39.289 3284 INFO neutron.wsgi [-] (3284) accepted ('10.0.1.111', 34235)
2014-11-26 11:01:39.303 3284 INFO neutron.wsgi [req-992059c3-9bd6-4ad3-a97e-50f245382306 None] 10.0.1.111 - - [26/Nov/2014 11:01:39] "GET //v2.0/networks.json?router%3Aexternal=True HTTP/1.1" 200 458 0.013091
2014-11-26 11:01:39.305 3285 INFO neutron.wsgi [-] (3285) accepted ('10.0.1.111', 34236)
2014-11-26 11:01:39.317 3285 INFO neutron.wsgi [req-855d91e3-e828-4ab0-a2cf-635d4180d3d3 None] 10.0.1.111 - - [26/Nov/2014 11:01:39] "GET //v2.0/subnets.json HTTP/1.1" 200 624 0.011442
2014-11-26 11:01:39.319 3285 INFO neutron.wsgi [-] (3285) accepted ('10.0.1.111', 34237)
2014-11-26 11:01:39.337 3285 INFO neutron.wsgi [req-1466d533-8d51-41ca-91f0-d2ec1c7a64f3 None] 10.0.1.111 - - [26/Nov/2014 11:01:39] "GET //v2.0/ports.json HTTP/1.1" 200 743 0.017492
2014-11-26 11:01:39.340 3285 INFO neutron.wsgi [-] (3285) accepted ('10.0.1.111', 34238)
2014-11-26 11:01:39.359 3285 INFO neutron.wsgi [req-51f8040b-5f21-46be-8471-9da7c7c8d3f6 None] 10.0.1.111 - - [26/Nov/2014 11:01:39] "GET //v2.0/routers.json?tenant_id=cdd5e77fe2c440cf86afbf1d7b9653a4 HTTP/1.1" 200 588 0.018955
2014-11-26 11:01:49.405 3284 INFO neutron.wsgi [-] (3284) accepted ('10.0.1.111', 34240)
2014-11-26 11:01:49.422 3284 INFO neutron.wsgi [req-bb757294-5e4b-43ed-b1ca-bcb82dbbd240 None] 10.0.1.111 - - [26/Nov/2014 11:01:49] "GET //v2.0/networks.json?shared=False&tenant_id=cdd5e77fe2c440cf86afbf1d7b9653a4 HTTP/1.1" 200 460 0.015696
2014-11-26 11:01:49.424 3285 INFO neutron.wsgi [-] (3285) accepted ('10.0.1.111', 34241)
2014-11-26 11:01:49.437 3285 INFO neutron.wsgi [req-8efb834f-b895-40b8-9ae8-7aae711778d0 None] 10.0.1.111 - - [26/Nov/2014 11:01:49] "GET //v2.0/subnets.json HTTP/1.1" 200 624 0.011937
2014-11-26 11:01:49.440 3284 INFO neutron.wsgi [-] (3284) accepted ('10.0.1.111', 34242)
2014-11-26 11:01:49.452 3284 INFO neutron.wsgi [req-68f12a02-4636-4ee9-94b2-30d659b92d0f None] 10.0.1.111 - - [26/Nov/2014 11:01:49] "GET //v2.0/networks.json?shared=True HTTP/1.1" 200 205 0.011004
2014-11-26 11:01:49.455 3284 INFO neutron.wsgi [-] (3284) accepted ('10.0.1.111', 34243)
2014-11-26 11:01:49.467 3284 INFO neutron.wsgi [req-d9962644-abb2-42eb-abc9-730be2b32410 None] 10.0.1.111 - - [26/Nov/2014 11:01:49] "GET //v2.0/subnets.json HTTP/1.1" 200 624 0.011154
2014-11-26 11:01:49.469 3285 INFO neutron.wsgi [-] (3285) accepted ('10.0.1.111', 34244)
2014-11-26 11:01:49.485 3285 INFO neutron.wsgi [req-96f08e88-c2ae-4a0d-a8c0-b87c91dbb64c None] 10.0.1.111 - - [26/Nov/2014 11:01:49] "GET //v2.0/networks.json?router%3Aexternal=True HTTP/1.1" 200 458 0.014606
2014-11-26 11:01:49.487 3285 INFO neutron.wsgi [-] (3285) accepted ('10.0.1.111', 34245)
